Archive member included to satisfy reference by file (symbol)

e:\Projects\clouds\arduino\output/core\core.a(Print.cpp.o)
                              e:\Projects\clouds\arduino\output\libraries\Bluefruit52Lib\services\BLEMidi.cpp.o (Print::write(unsigned char const*, unsigned int))
e:\Projects\clouds\arduino\output/core\core.a(Uart.cpp.o)
                              e:\Projects\clouds\arduino\output\sketch\clouds_final.ino.cpp.o (Uart::begin(unsigned long))
e:\Projects\clouds\arduino\output/core\core.a(WMath.cpp.o)
                              e:\Projects\clouds\arduino\output\sketch\clouds_final.ino.cpp.o (random(long))
e:\Projects\clouds\arduino\output/core\core.a(abi.cpp.o)
                              e:\Projects\clouds\arduino\output/core\core.a(Print.cpp.o) (__cxa_pure_virtual)
e:\Projects\clouds\arduino\output/core\core.a(delay.c.o)
                              e:\Projects\clouds\arduino\output\sketch\clouds_final.ino.cpp.o (millis)
e:\Projects\clouds\arduino\output/core\core.a(flash_nrf5x.c.o)
                              e:\Projects\clouds\arduino\output\libraries\FileSystem\InternalFS.cpp.o (flash_nrf5x_flush)
e:\Projects\clouds\arduino\output/core\core.a(heap_3.c.o)
                              e:\Projects\clouds\arduino\output\libraries\Adafruit_NeoPixel\Adafruit_NeoPixel.cpp.o (pvPortMalloc)
e:\Projects\clouds\arduino\output/core\core.a(queue.c.o)
                              e:\Projects\clouds\arduino\output\libraries\Bluefruit52Lib\BLEGap.cpp.o (xQueueGenericCreate)
e:\Projects\clouds\arduino\output/core\core.a(tasks.c.o)
                              e:\Projects\clouds\arduino\output\libraries\Bluefruit52Lib\bluefruit.cpp.o (xTaskCreate)
e:\Projects\clouds\arduino\output/core\core.a(timers.c.o)
                              e:\Projects\clouds\arduino\output/core\core.a(tasks.c.o) (xTimerCreateTimerTask)
e:\Projects\clouds\arduino\output/core\core.a(port_cmsis.c.o)
                              e:\Projects\clouds\arduino\output/core\core.a(tasks.c.o) (pxPortInitialiseStack)
e:\Projects\clouds\arduino\output/core\core.a(port_cmsis_systick.c.o)
                              e:\Projects\clouds\arduino\output/core\core.a(port_cmsis.c.o) (vPortSetupTimerInterrupt)
e:\Projects\clouds\arduino\output/core\core.a(port.c.o)
                              e:\Projects\clouds\arduino\output/core\core.a(port_cmsis.c.o) (vPortStartFirstTask)
e:\Projects\clouds\arduino\output/core\core.a(hooks.c.o)
                              e:\Projects\clouds\arduino\output\libraries\Adafruit_NeoPixel\Adafruit_NeoPixel.cpp.o (yield)
e:\Projects\clouds\arduino\output/core\core.a(gcc_startup_nrf52.S.o)
                              e:\Projects\clouds\arduino\output/core\core.a(port.c.o) (__isr_vector)
e:\Projects\clouds\arduino\output/core\core.a(main.cpp.o)
                              c:/users/jacobus/appdata/local/arduino15/packages/adafruit/tools/gcc-arm-none-eabi/5_2-2015q4/bin/../lib/gcc/arm-none-eabi/5.2.1/../../../../arm-none-eabi/lib/armv7e-m/fpu/crt0.o (main)
e:\Projects\clouds\arduino\output/core\core.a(new.cpp.o)
                              e:\Projects\clouds\arduino\output\libraries\Bluefruit52Lib\services\BLEHidGeneric.cpp.o (operator new(unsigned int))
e:\Projects\clouds\arduino\output/core\core.a(system_nrf52.c.o)
                              e:\Projects\clouds\arduino\output/core\core.a(gcc_startup_nrf52.S.o) (SystemInit)
e:\Projects\clouds\arduino\output/core\core.a(rtos.cpp.o)
                              e:\Projects\clouds\arduino\output/core\core.a(tasks.c.o) (vApplicationStackOverflowHook)
e:\Projects\clouds\arduino\output/core\core.a(AdaCallback.c.o)
                              e:\Projects\clouds\arduino\output\libraries\Bluefruit52Lib\BLEAdvertising.cpp.o (ada_callback_queue)
e:\Projects\clouds\arduino\output/core\core.a(adafruit_fifo.cpp.o)
                              e:\Projects\clouds\arduino\output\libraries\Bluefruit52Lib\clients\BLEClientUart.cpp.o (Adafruit_FIFO::Adafruit_FIFO(unsigned char, unsigned short))
e:\Projects\clouds\arduino\output/core\core.a(utilities.c.o)
                              e:\Projects\clouds\arduino\output\libraries\Bluefruit52Lib\services\BLEDis.cpp.o (getBootloaderVersion)
e:\Projects\clouds\arduino\output/core\core.a(wiring.c.o)
                              e:\Projects\clouds\arduino\output/core\core.a(main.cpp.o) (init)
e:\Projects\clouds\arduino\output/core\core.a(wiring_digital.c.o)
                              e:\Projects\clouds\arduino\output\libraries\Adafruit_NeoPixel\Adafruit_NeoPixel.cpp.o (pinMode)
e:\Projects\clouds\arduino\output/core\core.a(RingBuffer.cpp.o)
                              e:\Projects\clouds\arduino\output/core\core.a(Uart.cpp.o) (RingBuffer::RingBuffer())
e:\Projects\clouds\arduino\output/core\core.a(flash_cache.c.o)
                              e:\Projects\clouds\arduino\output/core\core.a(flash_nrf5x.c.o) (flash_cache_flush)
[...]
Memory Configuration

Name             Origin             Length             Attributes
FLASH            0x00026000         0x00047000         xr
RAM              0x20003400         0x0000cc00         xrw
*default*        0x00000000         0xffffffff

Linker script and memory map

                0x00000800                __StackSize = 0x800
                0x20010000                PROVIDE (__StackTop, (ORIGIN (RAM) + LENGTH (RAM)))
                0x2000f800                PROVIDE (__StackLimit, (__StackTop - __StackSize))
                0x20010000                PROVIDE (__stack, __StackTop)
                0x00026000                __flash_arduino_start = ORIGIN (FLASH)
                0x0006d000                __flash_arduino_end = (ORIGIN (FLASH) + LENGTH (FLASH))

.text           0x00026000     0xce58
 *(.isr_vector)
 .isr_vector    0x00026000      0x200 e:\Projects\clouds\arduino\output/core\core.a(gcc_startup_nrf52.S.o)
                0x00026000                __isr_vector
 *(.text*)
 .text          0x00026200       0xa4 c:/users/jacobus/appdata/local/arduino15/packages/adafruit/tools/gcc-arm-none-eabi/5_2-2015q4/bin/../lib/gcc/arm-none-eabi/5.2.1/armv7e-m/fpu/crtbegin.o
 .text          0x000262a4       0x74 c:/users/jacobus/appdata/local/arduino15/packages/adafruit/tools/gcc-arm-none-eabi/5_2-2015q4/bin/../lib/gcc/arm-none-eabi/5.2.1/../../../../arm-none-eabi/lib/armv7e-m/fpu/crt0.o
                0x000262a4                _start
                0x000262a4                _mainCRTStartup
 .text._Z16connect_callbackt
                0x00026318       0x4c e:\Projects\clouds\arduino\output\sketch\clouds_final.ino.cpp.o
                0x00026318                connect_callback(unsigned short)
 .text._ZN11NeoPatternsD2Ev
                0x00026364        0xc e:\Projects\clouds\arduino\output\sketch\clouds_final.ino.cpp.o
                0x00026364                NeoPatterns::~NeoPatterns()
                0x00026364                NeoPatterns::~NeoPatterns()
 .text._ZN11NeoPatterns5WheelEh.isra.5
                0x00026370       0x4a e:\Projects\clouds\arduino\output\sketch\clouds_final.ino.cpp.o
 .text._ZN11NeoPatterns9IncrementEv
                0x000263ba       0x2c e:\Projects\clouds\arduino\output\sketch\clouds_final.ino.cpp.o
                0x000263ba                NeoPatterns::Increment()
 .text._ZN11NeoPatterns7ReverseEv
                0x000263e6       0x16 e:\Projects\clouds\arduino\output\sketch\clouds_final.ino.cpp.o
                0x000263e6                NeoPatterns::Reverse()
 .text._Z13Ring1Completev
                0x000263fc       0x10 e:\Projects\clouds\arduino\output\sketch\clouds_final.ino.cpp.o
                0x000263fc                Ring1Complete()
 .text._Z13Ring2Completev
                0x0002640c       0x10 e:\Projects\clouds\arduino\output\sketch\clouds_final.ino.cpp.o
                0x0002640c                Ring2Complete()
 .text._Z13Ring3Completev
                0x0002641c       0x10 e:\Projects\clouds\arduino\output\sketch\clouds_final.ino.cpp.o
                0x0002641c                Ring3Complete()
 .text._Z13Ring4Completev
                0x0002642c       0x10 e:\Projects\clouds\arduino\output\sketch\clouds_final.ino.cpp.o
                0x0002642c                Ring4Complete()
 .text._ZN11NeoPatterns7ScannerEmh
                0x0002643c       0x1e e:\Projects\clouds\arduino\output\sketch\clouds_final.ino.cpp.o
                0x0002643c                NeoPatterns::Scanner(unsigned long, unsigned char)
 .text._ZN11NeoPatterns13ScannerUpdateEv
                0x0002645a       0x58 e:\Projects\clouds\arduino\output\sketch\clouds_final.ino.cpp.o
                0x0002645a                NeoPatterns::ScannerUpdate()
 .text._ZN11NeoPatterns10FadeUpdateEv
                0x000264b2       0x7e e:\Projects\clouds\arduino\output\sketch\clouds_final.ino.cpp.o
                0x000264b2                NeoPatterns::FadeUpdate()
 .text._ZN11NeoPatterns6UpdateEv
                0x00026530       0xb4 e:\Projects\clouds\arduino\output\sketch\clouds_final.ino.cpp.o
                0x00026530                NeoPatterns::Update()
 .text._Z8startAdvv
                0x000265e4       0x50 e:\Projects\clouds\arduino\output\sketch\clouds_final.ino.cpp.o
                0x000265e4                startAdv()
 .text._Z11swapBuffers17Adafruit_NeoPixel
                0x00026634       0x84 e:\Projects\clouds\arduino\output\sketch\clouds_final.ino.cpp.o
                0x00026634                swapBuffers(Adafruit_NeoPixel)
 .text.startup._GLOBAL__sub_I_bledis
                0x000266b8       0xcc e:\Projects\clouds\arduino\output\sketch\clouds_final.ino.cpp.o
 .text.setup    0x00026784      0x124 e:\Projects\clouds\arduino\output\sketch\clouds_final.ino.cpp.o
                0x00026784                setup
 .text._Z12sendResponsePKc
                0x000268a8       0x30 e:\Projects\clouds\arduino\output\sketch\clouds_final.ino.cpp.o
                0x000268a8                sendResponse(char const*)
 .text._Z20commandSetBrightnessi
                0x000268d8      0x100 e:\Projects\clouds\arduino\output\sketch\clouds_final.ino.cpp.o
                0x000268d8                commandSetBrightness(int)
 .text.loop     0x000269d8      0x670 e:\Projects\clouds\arduino\output\sketch\clouds_final.ino.cpp.o
                0x000269d8                loop
 .text._ZN17Adafruit_NeoPixelD2Ev
                0x00027048       0x1e e:\Projects\clouds\arduino\output\libraries\Adafruit_NeoPixel\Adafruit_NeoPixel.cpp.o
                0x00027048                Adafruit_NeoPixel::~Adafruit_NeoPixel()
                0x00027048                Adafruit_NeoPixel::~Adafruit_NeoPixel()
 .text._ZN17Adafruit_NeoPixel5beginEv
                0x00027066       0x22 e:\Projects\clouds\arduino\output\libraries\Adafruit_NeoPixel\Adafruit_NeoPixel.cpp.o
                0x00027066                Adafruit_NeoPixel::begin()
 .text._ZN17Adafruit_NeoPixel12updateLengthEt
                0x00027088       0x3e e:\Projects\clouds\arduino\output\libraries\Adafruit_NeoPixel\Adafruit_NeoPixel.cpp.o
                0x00027088                Adafruit_NeoPixel::updateLength(unsigned short)
 .text._ZN17Adafruit_NeoPixel10updateTypeEt
                0x000270c6       0x48 e:\Projects\clouds\arduino\output\libraries\Adafruit_NeoPixel\Adafruit_NeoPixel.cpp.o
                0x000270c6                Adafruit_NeoPixel::updateType(unsigned short)
 *fill*         0x0002710e        0x2 
 .text._ZN17Adafruit_NeoPixel4showEv
                0x00027110      0x290 e:\Projects\clouds\arduino\output\libraries\Adafruit_NeoPixel\Adafruit_NeoPixel.cpp.o
                0x00027110                Adafruit_NeoPixel::show()
 .text._ZN17Adafruit_NeoPixel6setPinEh
                0x000273a0       0x34 e:\Projects\clouds\arduino\output\libraries\Adafruit_NeoPixel\Adafruit_NeoPixel.cpp.o
                0x000273a0                Adafruit_NeoPixel::setPin(unsigned char)
 .text._ZN17Adafruit_NeoPixelC2Etht
                0x000273d4       0x2c e:\Projects\clouds\arduino\output\libraries\Adafruit_NeoPixel\Adafruit_NeoPixel.cpp.o
                0x000273d4                Adafruit_NeoPixel::Adafruit_NeoPixel(unsigned short, unsigned char, unsigned short)
                0x000273d4                Adafruit_NeoPixel::Adafruit_NeoPixel(unsigned short, unsigned char, unsigned short)
 .text._ZN17Adafruit_NeoPixel13setPixelColorEtm
                0x00027400       0x64 e:\Projects\clouds\arduino\output\libraries\Adafruit_NeoPixel\Adafruit_NeoPixel.cpp.o
                0x00027400                Adafruit_NeoPixel::setPixelColor(unsigned short, unsigned long)
 .text._ZN17Adafruit_NeoPixel5ColorEhhh
                0x00027464        0xa e:\Projects\clouds\arduino\output\libraries\Adafruit_NeoPixel\Adafruit_NeoPixel.cpp.o
                0x00027464                Adafruit_NeoPixel::Color(unsigned char, unsigned char, unsigned char)
 .text._ZN17Adafruit_NeoPixel5ColorEhhhh
                0x0002746e        0xe e:\Projects\clouds\arduino\output\libraries\Adafruit_NeoPixel\Adafruit_NeoPixel.cpp.o
                0x0002746e                Adafruit_NeoPixel::Color(unsigned char, unsigned char, unsigned char, unsigned char)
 .text._ZNK17Adafruit_NeoPixel13getPixelColorEt
                0x0002747c       0x9e e:\Projects\clouds\arduino\output\libraries\Adafruit_NeoPixel\Adafruit_NeoPixel.cpp.o
                0x0002747c                Adafruit_NeoPixel::getPixelColor(unsigned short) const
 .text._ZNK17Adafruit_NeoPixel9numPixelsEv
                0x0002751a        0x4 e:\Projects\clouds\arduino\output\libraries\Adafruit_NeoPixel\Adafruit_NeoPixel.cpp.o
                0x0002751a                Adafruit_NeoPixel::numPixels() const
 .text._ZN17Adafruit_NeoPixel13setBrightnessEh
                0x0002751e       0x4c e:\Projects\clouds\arduino\output\libraries\Adafruit_NeoPixel\Adafruit_NeoPixel.cpp.o
                0x0002751e                Adafruit_NeoPixel::setBrightness(unsigned char)
 .text.sd_ble_gap_adv_set_configure
                0x0002756a        0x4 e:\Projects\clouds\arduino\output\libraries\Bluefruit52Lib\BLEAdvertising.cpp.o
 .text.sd_ble_gap_adv_start
                0x0002756e        0x4 e:\Projects\clouds\arduino\output\libraries\Bluefruit52Lib\BLEAdvertising.cpp.o
 .text.sd_ble_gap_tx_power_set
                0x00027572        0x4 e:\Projects\clouds\arduino\output\libraries\Bluefruit52Lib\BLEAdvertising.cpp.o
 .text._ZN18BLEAdvertisingDataC2Ev
                0x00027576        0x8 e:\Projects\clouds\arduino\output\libraries\Bluefruit52Lib\BLEAdvertising.cpp.o
                0x00027576                BLEAdvertisingData::BLEAdvertisingData()
                0x00027576                BLEAdvertisingData::BLEAdvertisingData()
 .text._ZN18BLEAdvertisingData7addDataEhPKvh
                0x0002757e       0x34 e:\Projects\clouds\arduino\output\libraries\Bluefruit52Lib\BLEAdvertising.cpp.o
                0x0002757e                BLEAdvertisingData::addData(unsigned char, void const*, unsigned char)
 .text._ZN18BLEAdvertisingData7addUuidEP7BLEUuidh
                0x000275b2       0x74 e:\Projects\clouds\arduino\output\libraries\Bluefruit52Lib\BLEAdvertising.cpp.o
                0x000275b2                BLEAdvertisingData::addUuid(BLEUuid*, unsigned char)
 .text._ZN18BLEAdvertisingData10addServiceER10BLEService
                0x00027626       0x1a e:\Projects\clouds\arduino\output\libraries\Bluefruit52Lib\BLEAdvertising.cpp.o
                0x00027626                BLEAdvertisingData::addService(BLEService&)
 .text._ZN18BLEAdvertisingData7addNameEv
                0x00027640       0x40 e:\Projects\clouds\arduino\output\libraries\Bluefruit52Lib\BLEAdvertising.cpp.o
                0x00027640                BLEAdvertisingData::addName()
 .text._ZN18BLEAdvertisingData10addTxPowerEv
                0x00027680       0x24 e:\Projects\clouds\arduino\output\libraries\Bluefruit52Lib\BLEAdvertising.cpp.o
                0x00027680                BLEAdvertisingData::addTxPower()
 .text._ZN18BLEAdvertisingData8addFlagsEh
                0x000276a4       0x16 e:\Projects\clouds\arduino\output\libraries\Bluefruit52Lib\BLEAdvertising.cpp.o
                0x000276a4                BLEAdvertisingData::addFlags(unsigned char)
 .text._ZN14BLEAdvertisingC2Ev
                0x000276ba       0x38 e:\Projects\clouds\arduino\output\libraries\Bluefruit52Lib\BLEAdvertising.cpp.o
                0x000276ba                BLEAdvertising::BLEAdvertising()
                0x000276ba                BLEAdvertising::BLEAdvertising()
 .text._ZN14BLEAdvertising14setFastTimeoutEt
                0x000276f2        0x4 e:\Projects\clouds\arduino\output\libraries\Bluefruit52Lib\BLEAdvertising.cpp.o
                0x000276f2                BLEAdvertising::setFastTimeout(unsigned short)
 .text._ZN14BLEAdvertising11setIntervalEtt
                0x000276f6        0x8 e:\Projects\clouds\arduino\output\libraries\Bluefruit52Lib\BLEAdvertising.cpp.o
                0x000276f6                BLEAdvertising::setInterval(unsigned short, unsigned short)
 .text._ZN14BLEAdvertising19restartOnDisconnectEb
                0x000276fe        0x6 e:\Projects\clouds\arduino\output\libraries\Bluefruit52Lib\BLEAdvertising.cpp.o
                0x000276fe                BLEAdvertising::restartOnDisconnect(bool)
 .text._ZN14BLEAdvertising6_startEtt
                0x00027704       0xb0 e:\Projects\clouds\arduino\output\libraries\Bluefruit52Lib\BLEAdvertising.cpp.o
                0x00027704                BLEAdvertising::_start(unsigned short, unsigned short)
 .text._ZN14BLEAdvertising5startEt
                0x000277b4       0x24 e:\Projects\clouds\arduino\output\libraries\Bluefruit52Lib\BLEAdvertising.cpp.o
                0x000277b4                BLEAdvertising::start(unsigned short)
 .text._ZN14BLEAdvertising13_eventHandlerEP9ble_evt_t
                0x000277d8       0xcc e:\Projects\clouds\arduino\output\libraries\Bluefruit52Lib\BLEAdvertising.cpp.o
                0x000277d8                BLEAdvertising::_eventHandler(ble_evt_t*)
 .text._ZL11rtos_mallocj
                0x000278a4       0x1e e:\Projects\clouds\arduino\output\libraries\Bluefruit52Lib\BLECentral.cpp.o
 .text._ZN10BLECentralC2Ev
                0x000278c2       0x10 e:\Projects\clouds\arduino\output\libraries\Bluefruit52Lib\BLECentral.cpp.o
                0x000278c2                BLECentral::BLECentral()
                0x000278c2                BLECentral::BLECentral()
 *fill*         0x000278d2        0x2 
 .text._ZN10BLECentral5beginEv
                0x000278d4        0xc e:\Projects\clouds\arduino\output\libraries\Bluefruit52Lib\BLECentral.cpp.o
                0x000278d4                BLECentral::begin()
 .text._ZN10BLECentral14_event_handlerEP9ble_evt_t
                0x000278e0       0x94 e:\Projects\clouds\arduino\output\libraries\Bluefruit52Lib\BLECentral.cpp.o
                0x000278e0                BLECentral::_event_handler(ble_evt_t*)
 .text.sd_ble_gatts_characteristic_add
                0x00027974        0x4 e:\Projects\clouds\arduino\output\libraries\Bluefruit52Lib\BLECharacteristic.cpp.o
 .text.sd_ble_gatts_descriptor_add
                0x00027978        0x4 e:\Projects\clouds\arduino\output\libraries\Bluefruit52Lib\BLECharacteristic.cpp.o
 .text.sd_ble_gatts_value_set
                0x0002797c        0x4 e:\Projects\clouds\arduino\output\libraries\Bluefruit52Lib\BLECharacteristic.cpp.o
 .text.sd_ble_gatts_value_get
                0x00027980        0x4 e:\Projects\clouds\arduino\output\libraries\Bluefruit52Lib\BLECharacteristic.cpp.o
 .text.sd_ble_gatts_hvx
                0x00027984        0x4 e:\Projects\clouds\arduino\output\libraries\Bluefruit52Lib\BLECharacteristic.cpp.o
 .text._ZN17BLECharacteristicD2Ev
                0x00027988        0x2 e:\Projects\clouds\arduino\output\libraries\Bluefruit52Lib\BLECharacteristic.cpp.o
                0x00027988                BLECharacteristic::~BLECharacteristic()
                0x00027988                BLECharacteristic::~BLECharacteristic()
 .text._ZN17BLECharacteristicD0Ev
                0x0002798a        0xc e:\Projects\clouds\arduino\output\libraries\Bluefruit52Lib\BLECharacteristic.cpp.o
                0x0002798a                BLECharacteristic::~BLECharacteristic()
 *fill*         0x00027996        0x2 
 .text._ZN17BLECharacteristic5beginEv
                0x00027998      0x17c e:\Projects\clouds\arduino\output\libraries\Bluefruit52Lib\BLECharacteristic.cpp.o
                0x00027998                BLECharacteristic::begin()
 .text._ZN17BLECharacteristic13_eventHandlerEP9ble_evt_t
                0x00027b14       0x6e e:\Projects\clouds\arduino\output\libraries\Bluefruit52Lib\BLECharacteristic.cpp.o
                0x00027b14                BLECharacteristic::_eventHandler(ble_evt_t*)
 *fill*         0x00027b82        0x2 
 .text._ZN17BLECharacteristic5_initEv
                0x00027b84       0x4c e:\Projects\clouds\arduino\output\libraries\Bluefruit52Lib\BLECharacteristic.cpp.o
                0x00027b84                BLECharacteristic::_init()
 .text._ZN17BLECharacteristicC2E7BLEUuid
                0x00027bd0       0x28 e:\Projects\clouds\arduino\output\libraries\Bluefruit52Lib\BLECharacteristic.cpp.o
                0x00027bd0                BLECharacteristic::BLECharacteristic(BLEUuid)
                0x00027bd0                BLECharacteristic::BLECharacteristic(BLEUuid)
 .text._ZN17BLECharacteristic13parentServiceEv
                0x00027bf8        0x4 e:\Projects\clouds\arduino\output\libraries\Bluefruit52Lib\BLECharacteristic.cpp.o
                0x00027bf8                BLECharacteristic::parentService()
 .text._ZN17BLECharacteristic13setTempMemoryEv
                0x00027bfc        0x6 e:\Projects\clouds\arduino\output\libraries\Bluefruit52Lib\BLECharacteristic.cpp.o
                0x00027bfc                BLECharacteristic::setTempMemory()
 .text._ZN17BLECharacteristic13setPropertiesEh
                0x00027c02        0x6 e:\Projects\clouds\arduino\output\libraries\Bluefruit52Lib\BLECharacteristic.cpp.o
                0x00027c02                BLECharacteristic::setProperties(unsigned char)
 .text._ZN17BLECharacteristic9setMaxLenEt
                0x00027c08        0x4 e:\Projects\clouds\arduino\output\libraries\Bluefruit52Lib\BLECharacteristic.cpp.o
                0x00027c08                BLECharacteristic::setMaxLen(unsigned short)
 .text._ZN17BLECharacteristic11setFixedLenEt
                0x00027c0c       0x18 e:\Projects\clouds\arduino\output\libraries\Bluefruit52Lib\BLECharacteristic.cpp.o
                0x00027c0c                BLECharacteristic::setFixedLen(unsigned short)
 .text._ZN17BLECharacteristic13setPermissionE15BleSecurityModeS0_
                0x00027c24        0xa e:\Projects\clouds\arduino\output\libraries\Bluefruit52Lib\BLECharacteristic.cpp.o
                0x00027c24                BLECharacteristic::setPermission(BleSecurityMode, BleSecurityMode)
 .text._ZN17BLECharacteristic16setWriteCallbackEPFvRS_PhttE
                0x00027c2e        0x4 e:\Projects\clouds\arduino\output\libraries\Bluefruit52Lib\BLECharacteristic.cpp.o
                0x00027c2e                BLECharacteristic::setWriteCallback(void (*)(BLECharacteristic&, unsigned char*, unsigned short, unsigned short))
 .text._ZN17BLECharacteristic25setWriteAuthorizeCallbackEPFvRS_P21ble_gatts_evt_write_tE
                0x00027c32       0x16 e:\Projects\clouds\arduino\output\libraries\Bluefruit52Lib\BLECharacteristic.cpp.o
                0x00027c32                BLECharacteristic::setWriteAuthorizeCallback(void (*)(BLECharacteristic&, ble_gatts_evt_write_t*))
 .text._ZN17BLECharacteristic17setUserDescriptorEPKc
                0x00027c48        0x4 e:\Projects\clouds\arduino\output\libraries\Bluefruit52Lib\BLECharacteristic.cpp.o
                0x00027c48                BLECharacteristic::setUserDescriptor(char const*)
 .text._ZN17BLECharacteristic7handlesEv
                0x00027c4c        0xc e:\Projects\clouds\arduino\output\libraries\Bluefruit52Lib\BLECharacteristic.cpp.o
                0x00027c4c                BLECharacteristic::handles()
 .text._ZN17BLECharacteristic5writeEPKvt
                0x00027c58       0x2e e:\Projects\clouds\arduino\output\libraries\Bluefruit52Lib\BLECharacteristic.cpp.o
                0x00027c58                BLECharacteristic::write(void const*, unsigned short)
 .text._ZN17BLECharacteristic5writeEPKc
                0x00027c86       0x1a e:\Projects\clouds\arduino\output\libraries\Bluefruit52Lib\BLECharacteristic.cpp.o
                0x00027c86                BLECharacteristic::write(char const*)
 .text._ZN17BLECharacteristic7write16Et
                0x00027ca0       0x16 e:\Projects\clouds\arduino\output\libraries\Bluefruit52Lib\BLECharacteristic.cpp.o
                0x00027ca0                BLECharacteristic::write16(unsigned short)
 *fill*         0x00027cb6        0x2 
 .text._ZN17BLECharacteristic7getCccdEv
                0x00027cb8       0x50 e:\Projects\clouds\arduino\output\libraries\Bluefruit52Lib\BLECharacteristic.cpp.o
                0x00027cb8                BLECharacteristic::getCccd()
 .text._ZN17BLECharacteristic13notifyEnabledEv
                0x00027d08       0x1e e:\Projects\clouds\arduino\output\libraries\Bluefruit52Lib\BLECharacteristic.cpp.o
                0x00027d08                BLECharacteristic::notifyEnabled()
 *fill*         0x00027d26        0x2 
 .text._ZN17BLECharacteristic6notifyEPKvt
                0x00027d28       0xb8 e:\Projects\clouds\arduino\output\libraries\Bluefruit52Lib\BLECharacteristic.cpp.o
                0x00027d28                BLECharacteristic::notify(void const*, unsigned short)
 .text.sd_ble_gattc_read
                0x00027de0        0x4 e:\Projects\clouds\arduino\output\libraries\Bluefruit52Lib\BLEClientCharacteristic.cpp.o
 .text.sd_ble_gattc_write
                0x00027de4        0x4 e:\Projects\clouds\arduino\output\libraries\Bluefruit52Lib\BLEClientCharacteristic.cpp.o
 .text.sd_ble_gattc_hv_confirm
                0x00027de8        0x4 e:\Projects\clouds\arduino\output\libraries\Bluefruit52Lib\BLEClientCharacteristic.cpp.o
 .text._ZL11rtos_mallocj
                0x00027dec       0x1e e:\Projects\clouds\arduino\output\libraries\Bluefruit52Lib\BLEClientCharacteristic.cpp.o
 .text._ZN23BLEClientCharacteristic10disconnectEv
                0x00027e0a        0x6 e:\Projects\clouds\arduino\output\libraries\Bluefruit52Lib\BLEClientCharacteristic.cpp.o
                0x00027e0a                BLEClientCharacteristic::disconnect()
 .text._ZN23BLEClientCharacteristic10connHandleEv
                0x00027e10        0x6 e:\Projects\clouds\arduino\output\libraries\Bluefruit52Lib\BLEClientCharacteristic.cpp.o
                0x00027e10                BLEClientCharacteristic::connHandle()
 .text._ZN23BLEClientCharacteristic11valueHandleEv
                0x00027e16        0x4 e:\Projects\clouds\arduino\output\libraries\Bluefruit52Lib\BLEClientCharacteristic.cpp.o
                0x00027e16                BLEClientCharacteristic::valueHandle()
 *fill*         0x00027e1a        0x2 
 .text._ZN23BLEClientCharacteristic13_eventHandlerEP9ble_evt_t
                0x00027e1c      0x1e4 e:\Projects\clouds\arduino\output\libraries\Bluefruit52Lib\BLEClientCharacteristic.cpp.o
                0x00027e1c                BLEClientCharacteristic::_eventHandler(ble_evt_t*)
 .text._ZN16BLEClientService10connHandleEv
                0x00028000        0x4 e:\Projects\clouds\arduino\output\libraries\Bluefruit52Lib\BLEClientService.cpp.o
                0x00028000                BLEClientService::connHandle()
 .text._ZN12BLEDiscoveryC2Ev
                0x00028004       0x1c e:\Projects\clouds\arduino\output\libraries\Bluefruit52Lib\BLEDiscovery.cpp.o
                0x00028004                BLEDiscovery::BLEDiscovery()
                0x00028004                BLEDiscovery::BLEDiscovery()
 .text._ZN12BLEDiscovery5beginEv
                0x00028020       0x14 e:\Projects\clouds\arduino\output\libraries\Bluefruit52Lib\BLEDiscovery.cpp.o
                0x00028020                BLEDiscovery::begin()
 .text._ZN12BLEDiscovery5begunEv
                0x00028034        0x4 e:\Projects\clouds\arduino\output\libraries\Bluefruit52Lib\BLEDiscovery.cpp.o
                0x00028034                BLEDiscovery::begun()
 .text._ZN12BLEDiscovery14_event_handlerEP9ble_evt_t
                0x00028038       0x64 e:\Projects\clouds\arduino\output\libraries\Bluefruit52Lib\BLEDiscovery.cpp.o
                0x00028038                BLEDiscovery::_event_handler(ble_evt_t*)
 .text.sd_ble_gap_sec_params_reply
                0x0002809c        0x4 e:\Projects\clouds\arduino\output\libraries\Bluefruit52Lib\BLEGap.cpp.o
 .text.sd_ble_gap_sec_info_reply
                0x000280a0        0x4 e:\Projects\clouds\arduino\output\libraries\Bluefruit52Lib\BLEGap.cpp.o
 .text.sd_ble_gap_phy_update
                0x000280a4        0x4 e:\Projects\clouds\arduino\output\libraries\Bluefruit52Lib\BLEGap.cpp.o
 .text.sd_ble_gap_data_length_update
                0x000280a8        0x4 e:\Projects\clouds\arduino\output\libraries\Bluefruit52Lib\BLEGap.cpp.o
 .text.sd_ble_gatts_sys_attr_set
                0x000280ac        0x4 e:\Projects\clouds\arduino\output\libraries\Bluefruit52Lib\BLEGap.cpp.o
 .text.sd_ble_gatts_exchange_mtu_reply
                0x000280b0        0x4 e:\Projects\clouds\arduino\output\libraries\Bluefruit52Lib\BLEGap.cpp.o
 .text._ZN6BLEGapC2Ev
                0x000280b4       0x44 e:\Projects\clouds\arduino\output\libraries\Bluefruit52Lib\BLEGap.cpp.o
                0x000280b4                BLEGap::BLEGap()
                0x000280b4                BLEGap::BLEGap()
 .text._ZN6BLEGap18getMaxMtuByConnCfgEh
                0x000280f8        0xa e:\Projects\clouds\arduino\output\libraries\Bluefruit52Lib\BLEGap.cpp.o
                0x000280f8                BLEGap::getMaxMtuByConnCfg(unsigned char)
 .text._ZN6BLEGap6pairedEt
                0x00028102        0xa e:\Projects\clouds\arduino\output\libraries\Bluefruit52Lib\BLEGap.cpp.o
                0x00028102                BLEGap::paired(unsigned short)
 .text._ZN6BLEGap7getRoleEt
                0x0002810c        0xa e:\Projects\clouds\arduino\output\libraries\Bluefruit52Lib\BLEGap.cpp.o
                0x0002810c                BLEGap::getRole(unsigned short)
 .text._ZN6BLEGap11getPeerAddrEt
                0x00028116       0x18 e:\Projects\clouds\arduino\output\libraries\Bluefruit52Lib\BLEGap.cpp.o
                0x00028116                BLEGap::getPeerAddr(unsigned short)
 .text._ZN6BLEGap12getHvnPacketEt
                0x0002812e       0x22 e:\Projects\clouds\arduino\output\libraries\Bluefruit52Lib\BLEGap.cpp.o
                0x0002812e                BLEGap::getHvnPacket(unsigned short)
 .text._ZN6BLEGap6getMTUEt
                0x00028150        0xa e:\Projects\clouds\arduino\output\libraries\Bluefruit52Lib\BLEGap.cpp.o
                0x00028150                BLEGap::getMTU(unsigned short)
 *fill*         0x0002815a        0x2 
 .text._ZN6BLEGap11getPeerNameEtPct
                0x0002815c       0x38 e:\Projects\clouds\arduino\output\libraries\Bluefruit52Lib\BLEGap.cpp.o
                0x0002815c                BLEGap::getPeerName(unsigned short, char*, unsigned short)
 .text._ZN6BLEGap13_eventHandlerEP9ble_evt_t
                0x00028194      0x250 e:\Projects\clouds\arduino\output\libraries\Bluefruit52Lib\BLEGap.cpp.o
                0x00028194                BLEGap::_eventHandler(ble_evt_t*)
 .text.sd_ble_gattc_char_value_by_uuid_read
                0x000283e4        0x4 e:\Projects\clouds\arduino\output\libraries\Bluefruit52Lib\BLEGatt.cpp.o
 .text._ZN7BLEGattC2Ev
                0x000283e8       0x26 e:\Projects\clouds\arduino\output\libraries\Bluefruit52Lib\BLEGatt.cpp.o
                0x000283e8                BLEGatt::BLEGatt()
                0x000283e8                BLEGatt::BLEGatt()
 *fill*         0x0002840e        0x2 
 .text._ZN7BLEGatt14readCharByUuidEt7BLEUuidPvttt
                0x00028410       0x78 e:\Projects\clouds\arduino\output\libraries\Bluefruit52Lib\BLEGatt.cpp.o
                0x00028410                BLEGatt::readCharByUuid(unsigned short, BLEUuid, void*, unsigned short, unsigned short, unsigned short)
 .text._ZN7BLEGatt13_eventHandlerEP9ble_evt_t
                0x00028488      0x21c e:\Projects\clouds\arduino\output\libraries\Bluefruit52Lib\BLEGatt.cpp.o
                0x00028488                BLEGatt::_eventHandler(ble_evt_t*)
 .text._ZN7BLEGatt18_addCharacteristicEP17BLECharacteristic
                0x000286a4       0x1c e:\Projects\clouds\arduino\output\libraries\Bluefruit52Lib\BLEGatt.cpp.o
                0x000286a4                BLEGatt::_addCharacteristic(BLECharacteristic*)
 .text._ZN7BLEGatt11_addServiceEP10BLEService
                0x000286c0       0x18 e:\Projects\clouds\arduino\output\libraries\Bluefruit52Lib\BLEGatt.cpp.o
                0x000286c0                BLEGatt::_addService(BLEService*)
 .text.sd_ble_gap_scan_start
                0x000286d8        0x4 e:\Projects\clouds\arduino\output\libraries\Bluefruit52Lib\BLEScanner.cpp.o
 .text._ZL11rtos_mallocj
                0x000286dc       0x1e e:\Projects\clouds\arduino\output\libraries\Bluefruit52Lib\BLEScanner.cpp.o
 .text._ZN10BLEScannerC2Ev
                0x000286fa       0x44 e:\Projects\clouds\arduino\output\libraries\Bluefruit52Lib\BLEScanner.cpp.o
                0x000286fa                BLEScanner::BLEScanner()
                0x000286fa                BLEScanner::BLEScanner()
 *fill*         0x0002873e        0x2 
 .text._ZN10BLEScanner5startEt
                0x00028740       0x30 e:\Projects\clouds\arduino\output\libraries\Bluefruit52Lib\BLEScanner.cpp.o
                0x00028740                BLEScanner::start(unsigned short)
 .text._ZN10BLEScanner6resumeEv
                0x00028770       0x14 e:\Projects\clouds\arduino\output\libraries\Bluefruit52Lib\BLEScanner.cpp.o
                0x00028770                BLEScanner::resume()
 .text._ZN10BLEScanner17parseReportByTypeEPKhhhPhh
                0x00028784       0x4a e:\Projects\clouds\arduino\output\libraries\Bluefruit52Lib\BLEScanner.cpp.o
                0x00028784                BLEScanner::parseReportByType(unsigned char const*, unsigned char, unsigned char, unsigned char*, unsigned char)
 .text._ZN10BLEScanner17parseReportByTypeEPK24ble_gap_evt_adv_report_thPhh
                0x000287ce       0x1a e:\Projects\clouds\arduino\output\libraries\Bluefruit52Lib\BLEScanner.cpp.o
                0x000287ce                BLEScanner::parseReportByType(ble_gap_evt_adv_report_t const*, unsigned char, unsigned char*, unsigned char)
 .text._ZN10BLEScanner18checkReportForUuidEPK24ble_gap_evt_adv_report_t7BLEUuid
                0x000287e8       0x8a e:\Projects\clouds\arduino\output\libraries\Bluefruit52Lib\BLEScanner.cpp.o
                0x000287e8                BLEScanner::checkReportForUuid(ble_gap_evt_adv_report_t const*, BLEUuid)
 *fill*         0x00028872        0x2 
 .text._ZN10BLEScanner13_eventHandlerEP9ble_evt_t
                0x00028874      0x148 e:\Projects\clouds\arduino\output\libraries\Bluefruit52Lib\BLEScanner.cpp.o
                0x00028874                BLEScanner::_eventHandler(ble_evt_t*)
 .text.sd_ble_gatts_service_add
                0x000289bc        0x4 e:\Projects\clouds\arduino\output\libraries\Bluefruit52Lib\BLEService.cpp.o
 .text._ZN10BLEService11_connect_cbEv
                0x000289c0        0x2 e:\Projects\clouds\arduino\output\libraries\Bluefruit52Lib\BLEService.cpp.o
                0x000289c0                BLEService::_connect_cb()
                0x000289c0                BLEService::_disconnect_cb()
 *fill*         0x000289c2        0x2 
 .text._ZN10BLEService5beginEv
                0x000289c4       0x38 e:\Projects\clouds\arduino\output\libraries\Bluefruit52Lib\BLEService.cpp.o
                0x000289c4                BLEService::begin()
 .text._ZN10BLEServiceC2E7BLEUuid
                0x000289fc       0x28 e:\Projects\clouds\arduino\output\libraries\Bluefruit52Lib\BLEService.cpp.o
                0x000289fc                BLEService::BLEService(BLEUuid)
                0x000289fc                BLEService::BLEService(BLEUuid)
 .text.sd_ble_uuid_vs_add
                0x00028a24        0x4 e:\Projects\clouds\arduino\output\libraries\Bluefruit52Lib\BLEUuid.cpp.o
 .text.sd_ble_uuid_decode
                0x00028a28        0x4 e:\Projects\clouds\arduino\output\libraries\Bluefruit52Lib\BLEUuid.cpp.o
 .text._ZN7BLEUuid3setEt
                0x00028a2c        0xc e:\Projects\clouds\arduino\output\libraries\Bluefruit52Lib\BLEUuid.cpp.o
                0x00028a2c                BLEUuid::set(unsigned short)
 .text._ZN7BLEUuid3setEPKh
                0x00028a38        0xa e:\Projects\clouds\arduino\output\libraries\Bluefruit52Lib\BLEUuid.cpp.o
                0x00028a38                BLEUuid::set(unsigned char const*)
 .text._ZNK7BLEUuid4sizeEv
                0x00028a42       0x1c e:\Projects\clouds\arduino\output\libraries\Bluefruit52Lib\BLEUuid.cpp.o
                0x00028a42                BLEUuid::size() const
 .text._ZN7BLEUuid5beginEv
                0x00028a5e       0x22 e:\Projects\clouds\arduino\output\libraries\Bluefruit52Lib\BLEUuid.cpp.o
                0x00028a5e                BLEUuid::begin()
 .text.sd_evt_get
                0x00028a80        0x4 e:\Projects\clouds\arduino\output\libraries\Bluefruit52Lib\bluefruit.cpp.o
 .text.sd_softdevice_enable
                0x00028a84        0x4 e:\Projects\clouds\arduino\output\libraries\Bluefruit52Lib\bluefruit.cpp.o
 .text.sd_ble_gap_conn_param_update
                0x00028a88        0x4 e:\Projects\clouds\arduino\output\libraries\Bluefruit52Lib\bluefruit.cpp.o
 .text.sd_ble_gap_disconnect
                0x00028a8c        0x4 e:\Projects\clouds\arduino\output\libraries\Bluefruit52Lib\bluefruit.cpp.o
 .text.sd_ble_gap_tx_power_set
                0x00028a90        0x4 e:\Projects\clouds\arduino\output\libraries\Bluefruit52Lib\bluefruit.cpp.o
 .text.sd_ble_gap_appearance_set
                0x00028a94        0x4 e:\Projects\clouds\arduino\output\libraries\Bluefruit52Lib\bluefruit.cpp.o
 .text.sd_ble_gap_ppcp_set
                0x00028a98        0x4 e:\Projects\clouds\arduino\output\libraries\Bluefruit52Lib\bluefruit.cpp.o
 .text.sd_ble_gap_device_name_set
                0x00028a9c        0x4 e:\Projects\clouds\arduino\output\libraries\Bluefruit52Lib\bluefruit.cpp.o
 .text.sd_ble_gap_device_name_get
                0x00028aa0        0x4 e:\Projects\clouds\arduino\output\libraries\Bluefruit52Lib\bluefruit.cpp.o
 .text.sd_ble_gatts_sys_attr_set
                0x00028aa4        0x4 e:\Projects\clouds\arduino\output\libraries\Bluefruit52Lib\bluefruit.cpp.o
 .text.sd_ble_enable
                0x00028aa8        0x4 e:\Projects\clouds\arduino\output\libraries\Bluefruit52Lib\bluefruit.cpp.o
 .text.sd_ble_cfg_set
                0x00028aac        0x4 e:\Projects\clouds\arduino\output\libraries\Bluefruit52Lib\bluefruit.cpp.o
 .text.sd_ble_evt_get
                0x00028ab0        0x4 e:\Projects\clouds\arduino\output\libraries\Bluefruit52Lib\bluefruit.cpp.o
 .text.sd_ble_opt_set
                0x00028ab4        0x4 e:\Projects\clouds\arduino\output\libraries\Bluefruit52Lib\bluefruit.cpp.o
 .text._ZL12nrf_error_cbmmm
                0x00028ab8        0x2 e:\Projects\clouds\arduino\output\libraries\Bluefruit52Lib\bluefruit.cpp.o
 .text._ZL19bluefruit_blinky_cbPv
                0x00028aba        0x6 e:\Projects\clouds\arduino\output\libraries\Bluefruit52Lib\bluefruit.cpp.o
 .text._Z17adafruit_soc_taskPv
                0x00028ac0       0x40 e:\Projects\clouds\arduino\output\libraries\Bluefruit52Lib\bluefruit.cpp.o
                0x00028ac0                adafruit_soc_task(void*)
 .text._ZL11rtos_mallocj
                0x00028b00       0x1e e:\Projects\clouds\arduino\output\libraries\Bluefruit52Lib\bluefruit.cpp.o
 .text._ZN17AdafruitBluefruitC2Ev
                0x00028b1e       0xa4 e:\Projects\clouds\arduino\output\libraries\Bluefruit52Lib\bluefruit.cpp.o
                0x00028b1e                AdafruitBluefruit::AdafruitBluefruit()
                0x00028b1e                AdafruitBluefruit::AdafruitBluefruit()
 *fill*         0x00028bc2        0x2 
 .text._ZN17AdafruitBluefruit5beginEhh
                0x00028bc4      0x314 e:\Projects\clouds\arduino\output\libraries\Bluefruit52Lib\bluefruit.cpp.o
                0x00028bc4                AdafruitBluefruit::begin(unsigned char, unsigned char)
 .text._ZN17AdafruitBluefruit7setNameEPKc
                0x00028ed8       0x28 e:\Projects\clouds\arduino\output\libraries\Bluefruit52Lib\bluefruit.cpp.o
                0x00028ed8                AdafruitBluefruit::setName(char const*)
 .text._ZN17AdafruitBluefruit7getNameEPct
                0x00028f00       0x1e e:\Projects\clouds\arduino\output\libraries\Bluefruit52Lib\bluefruit.cpp.o
                0x00028f00                AdafruitBluefruit::getName(char*, unsigned short)
 *fill*         0x00028f1e        0x2 
 .text._ZN17AdafruitBluefruit10setTxPowerEa
                0x00028f20       0x50 e:\Projects\clouds\arduino\output\libraries\Bluefruit52Lib\bluefruit.cpp.o
                0x00028f20                AdafruitBluefruit::setTxPower(signed char)
 .text._ZN17AdafruitBluefruit10getTxPowerEv
                0x00028f70        0x6 e:\Projects\clouds\arduino\output\libraries\Bluefruit52Lib\bluefruit.cpp.o
                0x00028f70                AdafruitBluefruit::getTxPower()
 .text._ZN17AdafruitBluefruit18setConnLedIntervalEm
                0x00028f76       0x3e e:\Projects\clouds\arduino\output\libraries\Bluefruit52Lib\bluefruit.cpp.o
                0x00028f76                AdafruitBluefruit::setConnLedInterval(unsigned long)
 .text._ZN17AdafruitBluefruit9connectedEv
                0x00028fb4       0x10 e:\Projects\clouds\arduino\output\libraries\Bluefruit52Lib\bluefruit.cpp.o
                0x00028fb4                AdafruitBluefruit::connected()
 .text._ZN17AdafruitBluefruit10disconnectEv
                0x00028fc4       0x20 e:\Projects\clouds\arduino\output\libraries\Bluefruit52Lib\bluefruit.cpp.o
                0x00028fc4                AdafruitBluefruit::disconnect()
 .text._ZN17AdafruitBluefruit18setConnectCallbackEPFvtE
                0x00028fe4        0x6 e:\Projects\clouds\arduino\output\libraries\Bluefruit52Lib\bluefruit.cpp.o
                0x00028fe4                AdafruitBluefruit::setConnectCallback(void (*)(unsigned short))
 .text._ZN17AdafruitBluefruit10connHandleEv
                0x00028fea        0x6 e:\Projects\clouds\arduino\output\libraries\Bluefruit52Lib\bluefruit.cpp.o
                0x00028fea                AdafruitBluefruit::connHandle()
 .text._ZN17AdafruitBluefruit10connPairedEv
                0x00028ff0       0x14 e:\Projects\clouds\arduino\output\libraries\Bluefruit52Lib\bluefruit.cpp.o
                0x00028ff0                AdafruitBluefruit::connPaired()
 .text._ZN17AdafruitBluefruit12connIntervalEv
                0x00029004        0x6 e:\Projects\clouds\arduino\output\libraries\Bluefruit52Lib\bluefruit.cpp.o
                0x00029004                AdafruitBluefruit::connInterval()
 *fill*         0x0002900a        0x2 
 .text.SWI2_EGU2_IRQHandler
                0x0002900c       0x20 e:\Projects\clouds\arduino\output\libraries\Bluefruit52Lib\bluefruit.cpp.o
                0x0002900c                SWI2_EGU2_IRQHandler
 .text._ZN17AdafruitBluefruit12_ble_handlerEP9ble_evt_t
                0x0002902c      0x14e e:\Projects\clouds\arduino\output\libraries\Bluefruit52Lib\bluefruit.cpp.o
                0x0002902c                AdafruitBluefruit::_ble_handler(ble_evt_t*)
 *fill*         0x0002917a        0x2 
 .text._Z17adafruit_ble_taskPv
                0x0002917c       0x48 e:\Projects\clouds\arduino\output\libraries\Bluefruit52Lib\bluefruit.cpp.o
                0x0002917c                adafruit_ble_task(void*)
 .text._ZN17AdafruitBluefruit13_startConnLedEv
                0x000291c4       0x22 e:\Projects\clouds\arduino\output\libraries\Bluefruit52Lib\bluefruit.cpp.o
                0x000291c4                AdafruitBluefruit::_startConnLed()
 .text._ZN17AdafruitBluefruit12_stopConnLedEv
                0x000291e6       0x18 e:\Projects\clouds\arduino\output\libraries\Bluefruit52Lib\bluefruit.cpp.o
                0x000291e6                AdafruitBluefruit::_stopConnLed()
 .text._ZN17AdafruitBluefruit11_setConnLedEb
                0x000291fe        0xe e:\Projects\clouds\arduino\output\libraries\Bluefruit52Lib\bluefruit.cpp.o
                0x000291fe                AdafruitBluefruit::_setConnLed(bool)
 .text.startup._GLOBAL__sub_I_Bluefruit
                0x0002920c       0x24 e:\Projects\clouds\arduino\output\libraries\Bluefruit52Lib\bluefruit.cpp.o
 .text._ZN17AdafruitBluefruitD2Ev
                0x00029230       0x1c e:\Projects\clouds\arduino\output\libraries\Bluefruit52Lib\bluefruit.cpp.o
                0x00029230                AdafruitBluefruit::~AdafruitBluefruit()
                0x00029230                AdafruitBluefruit::~AdafruitBluefruit()
 .text.sd_power_gpregret_set
                0x0002924c        0x4 e:\Projects\clouds\arduino\output\libraries\Bluefruit52Lib\services\BLEDfu.cpp.o
 .text.sd_power_gpregret_clr
                0x00029250        0x4 e:\Projects\clouds\arduino\output\libraries\Bluefruit52Lib\services\BLEDfu.cpp.o
 .text.sd_softdevice_disable
                0x00029254        0x4 e:\Projects\clouds\arduino\output\libraries\Bluefruit52Lib\services\BLEDfu.cpp.o
 .text.sd_softdevice_vector_table_base_set
                0x00029258        0x4 e:\Projects\clouds\arduino\output\libraries\Bluefruit52Lib\services\BLEDfu.cpp.o
 .text.sd_ble_gatts_rw_authorize_reply
                0x0002925c        0x4 e:\Projects\clouds\arduino\output\libraries\Bluefruit52Lib\services\BLEDfu.cpp.o
 .text.sd_ble_gatts_sys_attr_get
                0x00029260        0x4 e:\Projects\clouds\arduino\output\libraries\Bluefruit52Lib\services\BLEDfu.cpp.o
 .text._ZL30bledfu_control_wr_authorize_cbR17BLECharacteristicP21ble_gatts_evt_write_t
                0x00029264      0x1a8 e:\Projects\clouds\arduino\output\libraries\Bluefruit52Lib\services\BLEDfu.cpp.o
 .text._ZN6BLEDfuC2Ev
                0x0002940c       0x44 e:\Projects\clouds\arduino\output\libraries\Bluefruit52Lib\services\BLEDfu.cpp.o
                0x0002940c                BLEDfu::BLEDfu()
                0x0002940c                BLEDfu::BLEDfu()
 .text._ZN6BLEDfu5beginEv
                0x00029450       0xc4 e:\Projects\clouds\arduino\output\libraries\Bluefruit52Lib\services\BLEDfu.cpp.o
                0x00029450                BLEDfu::begin()
 .text._ZN6BLEDisC2Ev
                0x00029514       0x48 e:\Projects\clouds\arduino\output\libraries\Bluefruit52Lib\services\BLEDis.cpp.o
                0x00029514                BLEDis::BLEDis()
                0x00029514                BLEDis::BLEDis()
 .text._ZN6BLEDis8setModelEPKc
                0x0002955c        0x4 e:\Projects\clouds\arduino\output\libraries\Bluefruit52Lib\services\BLEDis.cpp.o
                0x0002955c                BLEDis::setModel(char const*)
 .text._ZN6BLEDis15setManufacturerEPKc
                0x00029560        0x4 e:\Projects\clouds\arduino\output\libraries\Bluefruit52Lib\services\BLEDis.cpp.o
                0x00029560                BLEDis::setManufacturer(char const*)
 .text._ZN6BLEDis5beginEv
                0x00029564       0x90 e:\Projects\clouds\arduino\output\libraries\Bluefruit52Lib\services\BLEDis.cpp.o
                0x00029564                BLEDis::begin()
 .text._ZN7BLEUart4readEv
                0x000295f4       0x20 e:\Projects\clouds\arduino\output\libraries\Bluefruit52Lib\services\BLEUart.cpp.o
                0x000295f4                BLEUart::read()
 .text._ZThn16_N7BLEUart4readEv
                0x00029614        0x8 e:\Projects\clouds\arduino\output\libraries\Bluefruit52Lib\services\BLEUart.cpp.o
                0x00029614                non-virtual thunk to BLEUart::read()
 .text._ZN7BLEUart5writeEh
                0x0002961c       0x16 e:\Projects\clouds\arduino\output\libraries\Bluefruit52Lib\services\BLEUart.cpp.o
                0x0002961c                BLEUart::write(unsigned char)
 .text._ZThn16_N7BLEUart5writeEh
                0x00029632        0x8 e:\Projects\clouds\arduino\output\libraries\Bluefruit52Lib\services\BLEUart.cpp.o
                0x00029632                non-virtual thunk to BLEUart::write(unsigned char)
 .text._ZN7BLEUart9availableEv
                0x0002963a        0xa e:\Projects\clouds\arduino\output\libraries\Bluefruit52Lib\services\BLEUart.cpp.o
                0x0002963a                BLEUart::available()
 .text._ZThn16_N7BLEUart9availableEv
                0x00029644        0x8 e:\Projects\clouds\arduino\output\libraries\Bluefruit52Lib\services\BLEUart.cpp.o
                0x00029644                non-virtual thunk to BLEUart::available()
 .text._Z14bleuart_rxd_cbR17BLECharacteristicPhtt
                0x0002964c       0x26 e:\Projects\clouds\arduino\output\libraries\Bluefruit52Lib\services\BLEUart.cpp.o
                0x0002964c                bleuart_rxd_cb(BLECharacteristic&, unsigned char*, unsigned short, unsigned short)
 .text._ZN7BLEUart14_disconnect_cbEv
                0x00029672       0x30 e:\Projects\clouds\arduino\output\libraries\Bluefruit52Lib\services\BLEUart.cpp.o
                0x00029672                BLEUart::_disconnect_cb()
 .text._ZN7BLEUart5flushEv
                0x000296a2        0x8 e:\Projects\clouds\arduino\output\libraries\Bluefruit52Lib\services\BLEUart.cpp.o
                0x000296a2                BLEUart::flush()
 .text._ZThn16_N7BLEUart5flushEv
                0x000296aa        0x8 e:\Projects\clouds\arduino\output\libraries\Bluefruit52Lib\services\BLEUart.cpp.o
                0x000296aa                non-virtual thunk to BLEUart::flush()
 .text._ZN7BLEUart4readEPhj
                0x000296b2        0xe e:\Projects\clouds\arduino\output\libraries\Bluefruit52Lib\services\BLEUart.cpp.o
                0x000296b2                BLEUart::read(unsigned char*, unsigned int)
 .text._ZN7BLEUart4peekEv
                0x000296c0       0x20 e:\Projects\clouds\arduino\output\libraries\Bluefruit52Lib\services\BLEUart.cpp.o
                0x000296c0                BLEUart::peek()
 .text._ZThn16_N7BLEUart4peekEv
                0x000296e0        0x8 e:\Projects\clouds\arduino\output\libraries\Bluefruit52Lib\services\BLEUart.cpp.o
                0x000296e0                non-virtual thunk to BLEUart::peek()
 .text._ZN7BLEUart11_connect_cbEv
                0x000296e8       0x3c e:\Projects\clouds\arduino\output\libraries\Bluefruit52Lib\services\BLEUart.cpp.o
                0x000296e8                BLEUart::_connect_cb()
 .text._ZN7BLEUartC2Et
                0x00029724       0x84 e:\Projects\clouds\arduino\output\libraries\Bluefruit52Lib\services\BLEUart.cpp.o
                0x00029724                BLEUart::BLEUart(unsigned short)
                0x00029724                BLEUart::BLEUart(unsigned short)
 .text._ZN7BLEUart17flush_tx_bufferedEv
                0x000297a8       0x6c e:\Projects\clouds\arduino\output\libraries\Bluefruit52Lib\services\BLEUart.cpp.o
                0x000297a8                BLEUart::flush_tx_buffered()
 .text._Z25bleuart_txd_buffered_hdlrPv
                0x00029814       0x16 e:\Projects\clouds\arduino\output\libraries\Bluefruit52Lib\services\BLEUart.cpp.o
                0x00029814                bleuart_txd_buffered_hdlr(void*)
 *fill*         0x0002982a        0x2 
 .text._ZN7BLEUart5writeEPKhj
                0x0002982c       0x94 e:\Projects\clouds\arduino\output\libraries\Bluefruit52Lib\services\BLEUart.cpp.o
                0x0002982c                BLEUart::write(unsigned char const*, unsigned int)
 .text._ZThn16_N7BLEUart5writeEPKhj
                0x000298c0        0x8 e:\Projects\clouds\arduino\output\libraries\Bluefruit52Lib\services\BLEUart.cpp.o
                0x000298c0                non-virtual thunk to BLEUart::write(unsigned char const*, unsigned int)
 .text._ZN7BLEUartD2Ev
                0x000298c8       0x30 e:\Projects\clouds\arduino\output\libraries\Bluefruit52Lib\services\BLEUart.cpp.o
                0x000298c8                BLEUart::~BLEUart()
                0x000298c8                BLEUart::~BLEUart()
 .text._ZN7BLEUartD0Ev
                0x000298f8       0x12 e:\Projects\clouds\arduino\output\libraries\Bluefruit52Lib\services\BLEUart.cpp.o
                0x000298f8                BLEUart::~BLEUart()
 *fill*         0x0002990a        0x2 
 .text._ZN7BLEUart5beginEv
                0x0002990c       0xb0 e:\Projects\clouds\arduino\output\libraries\Bluefruit52Lib\services\BLEUart.cpp.o
                0x0002990c                BLEUart::begin()
 .text._ZN6AdaMsg5_initEv
                0x000299bc       0x12 e:\Projects\clouds\arduino\output\libraries\Bluefruit52Lib\utility\AdaMsg.cpp.o
                0x000299bc                AdaMsg::_init()
 .text._ZN6AdaMsgC2Ev
                0x000299ce        0x8 e:\Projects\clouds\arduino\output\libraries\Bluefruit52Lib\utility\AdaMsg.cpp.o
                0x000299ce                AdaMsg::AdaMsg()
                0x000299ce                AdaMsg::AdaMsg()
 .text._ZN6AdaMsg5beginEb
                0x000299d6       0x12 e:\Projects\clouds\arduino\output\libraries\Bluefruit52Lib\utility\AdaMsg.cpp.o
                0x000299d6                AdaMsg::begin(bool)
 .text._ZN6AdaMsg4stopEv
                0x000299e8       0x18 e:\Projects\clouds\arduino\output\libraries\Bluefruit52Lib\utility\AdaMsg.cpp.o
                0x000299e8                AdaMsg::stop()
 .text._ZN6AdaMsg7prepareEPvt
                0x00029a00        0xa e:\Projects\clouds\arduino\output\libraries\Bluefruit52Lib\utility\AdaMsg.cpp.o
                0x00029a00                AdaMsg::prepare(void*, unsigned short)
 .text._ZN6AdaMsg17waitUntilCompleteEm
                0x00029a0a       0x54 e:\Projects\clouds\arduino\output\libraries\Bluefruit52Lib\utility\AdaMsg.cpp.o
                0x00029a0a                AdaMsg::waitUntilComplete(unsigned long)
 .text._ZN6AdaMsg9isWaitingEv
                0x00029a5e        0x4 e:\Projects\clouds\arduino\output\libraries\Bluefruit52Lib\utility\AdaMsg.cpp.o
                0x00029a5e                AdaMsg::isWaiting()
 .text._ZN6AdaMsg4feedEPvt
                0x00029a62       0x30 e:\Projects\clouds\arduino\output\libraries\Bluefruit52Lib\utility\AdaMsg.cpp.o
                0x00029a62                AdaMsg::feed(void*, unsigned short)
 .text._ZN6AdaMsg8completeEv
                0x00029a92       0x10 e:\Projects\clouds\arduino\output\libraries\Bluefruit52Lib\utility\AdaMsg.cpp.o
                0x00029a92                AdaMsg::complete()
 .text.sd_ble_gatts_sys_attr_set
                0x00029aa2        0x4 e:\Projects\clouds\arduino\output\libraries\Bluefruit52Lib\utility\bonding.cpp.o
 .text.sd_ble_gatts_sys_attr_get
                0x00029aa6        0x4 e:\Projects\clouds\arduino\output\libraries\Bluefruit52Lib\utility\bonding.cpp.o
 *fill*         0x00029aaa        0x2 
 .text._ZL9get_fnamePcht
                0x00029aac       0x20 e:\Projects\clouds\arduino\output\libraries\Bluefruit52Lib\utility\bonding.cpp.o
 .text._ZL11rtos_mallocj
                0x00029acc       0x1e e:\Projects\clouds\arduino\output\libraries\Bluefruit52Lib\utility\bonding.cpp.o
 *fill*         0x00029aea        0x2 
 .text._Z14bond_save_keyshtP11bond_keys_t
                0x00029aec       0x54 e:\Projects\clouds\arduino\output\libraries\Bluefruit52Lib\utility\bonding.cpp.o
                0x00029aec                bond_save_keys(unsigned char, unsigned short, bond_keys_t*)
 .text._Z14bond_save_cccdhtt
                0x00029b40       0x50 e:\Projects\clouds\arduino\output\libraries\Bluefruit52Lib\utility\bonding.cpp.o
                0x00029b40                bond_save_cccd(unsigned char, unsigned short, unsigned short)
 .text._Z9bond_initv
                0x00029b90       0x40 e:\Projects\clouds\arduino\output\libraries\Bluefruit52Lib\utility\bonding.cpp.o
                0x00029b90                bond_init()
 .text._Z14bond_load_keyshtP11bond_keys_t
                0x00029bd0       0x54 e:\Projects\clouds\arduino\output\libraries\Bluefruit52Lib\utility\bonding.cpp.o
                0x00029bd0                bond_load_keys(unsigned char, unsigned short, bond_keys_t*)
 .text._ZL16bdata_skip_fieldPN11BluefruitFS4FileE.constprop.1
                0x00029c24       0x22 e:\Projects\clouds\arduino\output\libraries\Bluefruit52Lib\utility\bonding.cpp.o
 *fill*         0x00029c46        0x2 
 .text._Z14bond_load_cccdhtt
                0x00029c48       0xa0 e:\Projects\clouds\arduino\output\libraries\Bluefruit52Lib\utility\bonding.cpp.o
                0x00029c48                bond_load_cccd(unsigned char, unsigned short, unsigned short)
 .text._ZL11bdata_writePN11BluefruitFS4FileEPKvt.constprop.0
                0x00029ce8       0x1c e:\Projects\clouds\arduino\output\libraries\Bluefruit52Lib\utility\bonding.cpp.o
 .text._ZL18bond_save_cccd_dfrhtt
                0x00029d04       0xa8 e:\Projects\clouds\arduino\output\libraries\Bluefruit52Lib\utility\bonding.cpp.o
 .text._ZL18bond_save_keys_dfrhtP11bond_keys_t
                0x00029dac       0xbc e:\Projects\clouds\arduino\output\libraries\Bluefruit52Lib\utility\bonding.cpp.o
 .text.bootloader_util_reset
                0x00029e68       0x3c e:\Projects\clouds\arduino\output\libraries\Bluefruit52Lib\utility\bootloader_util.c.o
 .text.bootloader_util_app_start
                0x00029ea4        0x4 e:\Projects\clouds\arduino\output\libraries\Bluefruit52Lib\utility\bootloader_util.c.o
                0x00029ea4                bootloader_util_app_start
 .text._ZN11BluefruitFS4FileD2Ev
                0x00029ea8        0x2 e:\Projects\clouds\arduino\output\libraries\FileSystem\Bluefruit_FileIO.cpp.o
                0x00029ea8                BluefruitFS::File::~File()
                0x00029ea8                BluefruitFS::File::~File()
 .text._ZN11BluefruitFS4File5writeEh
                0x00029eaa       0x20 e:\Projects\clouds\arduino\output\libraries\FileSystem\Bluefruit_FileIO.cpp.o
                0x00029eaa                BluefruitFS::File::write(unsigned char)
 .text._ZN11BluefruitFS4FileD0Ev
                0x00029eca        0xc e:\Projects\clouds\arduino\output\libraries\FileSystem\Bluefruit_FileIO.cpp.o
                0x00029eca                BluefruitFS::File::~File()
 .text._ZL9rtos_freePv
                0x00029ed6       0x1e e:\Projects\clouds\arduino\output\libraries\FileSystem\Bluefruit_FileIO.cpp.o
 .text._ZN11BluefruitFS4File5flushEv
                0x00029ef4       0x12 e:\Projects\clouds\arduino\output\libraries\FileSystem\Bluefruit_FileIO.cpp.o
                0x00029ef4                BluefruitFS::File::flush()
 .text._ZN11BluefruitFS4File5writeEPKhj
                0x00029f06       0x20 e:\Projects\clouds\arduino\output\libraries\FileSystem\Bluefruit_FileIO.cpp.o
                0x00029f06                BluefruitFS::File::write(unsigned char const*, unsigned int)
 *fill*         0x00029f26        0x2 
 .text._ZN11BluefruitFS4FileC2ERNS_15FileSystemClassE
                0x00029f28       0x20 e:\Projects\clouds\arduino\output\libraries\FileSystem\Bluefruit_FileIO.cpp.o
                0x00029f28                BluefruitFS::File::File(BluefruitFS::FileSystemClass&)
                0x00029f28                BluefruitFS::File::File(BluefruitFS::FileSystemClass&)
 .text._ZN11BluefruitFS4File4readEPvt
                0x00029f48       0x20 e:\Projects\clouds\arduino\output\libraries\FileSystem\Bluefruit_FileIO.cpp.o
                0x00029f48                BluefruitFS::File::read(void*, unsigned short)
 .text._ZN11BluefruitFS4File4readEv
                0x00029f68       0x24 e:\Projects\clouds\arduino\output\libraries\FileSystem\Bluefruit_FileIO.cpp.o
                0x00029f68                BluefruitFS::File::read()
 .text._ZN11BluefruitFS4File4seekEm
                0x00029f8c       0x22 e:\Projects\clouds\arduino\output\libraries\FileSystem\Bluefruit_FileIO.cpp.o
                0x00029f8c                BluefruitFS::File::seek(unsigned long)
 .text._ZN11BluefruitFS4File8positionEv
                0x00029fae       0x14 e:\Projects\clouds\arduino\output\libraries\FileSystem\Bluefruit_FileIO.cpp.o
                0x00029fae                BluefruitFS::File::position()
 .text._ZN11BluefruitFS4File4peekEv
                0x00029fc2       0x2e e:\Projects\clouds\arduino\output\libraries\FileSystem\Bluefruit_FileIO.cpp.o
                0x00029fc2                BluefruitFS::File::peek()
 .text._ZN11BluefruitFS4File4sizeEv
                0x00029ff0       0x14 e:\Projects\clouds\arduino\output\libraries\FileSystem\Bluefruit_FileIO.cpp.o
                0x00029ff0                BluefruitFS::File::size()
 .text._ZN11BluefruitFS4File9availableEv
                0x0002a004       0x14 e:\Projects\clouds\arduino\output\libraries\FileSystem\Bluefruit_FileIO.cpp.o
                0x0002a004                BluefruitFS::File::available()
 .text._ZN11BluefruitFS4File5closeEv
                0x0002a018       0x28 e:\Projects\clouds\arduino\output\libraries\FileSystem\Bluefruit_FileIO.cpp.o
                0x0002a018                BluefruitFS::File::close()
 .text._ZN11BluefruitFS4FileaSERKS0_
                0x0002a040       0x26 e:\Projects\clouds\arduino\output\libraries\FileSystem\Bluefruit_FileIO.cpp.o
                0x0002a040                BluefruitFS::File::operator=(BluefruitFS::File const&)
 .text._ZN11BluefruitFS4File4openEPKch
                0x0002a066       0x34 e:\Projects\clouds\arduino\output\libraries\FileSystem\Bluefruit_FileIO.cpp.o
                0x0002a066                BluefruitFS::File::open(char const*, unsigned char)
 *fill*         0x0002a09a        0x2 
 .text._ZN11BluefruitFS4FileC2EPKchRNS_15FileSystemClassE
                0x0002a09c       0x28 e:\Projects\clouds\arduino\output\libraries\FileSystem\Bluefruit_FileIO.cpp.o
                0x0002a09c                BluefruitFS::File::File(char const*, unsigned char, BluefruitFS::FileSystemClass&)
                0x0002a09c                BluefruitFS::File::File(char const*, unsigned char, BluefruitFS::FileSystemClass&)
 .text._ZN11BluefruitFS4FilecvbEv
                0x0002a0c4        0xa e:\Projects\clouds\arduino\output\libraries\FileSystem\Bluefruit_FileIO.cpp.o
                0x0002a0c4                BluefruitFS::File::operator bool()
 .text._ZN8LittleFSD2Ev
                0x0002a0ce        0x2 e:\Projects\clouds\arduino\output\libraries\FileSystem\InternalFS.cpp.o
                0x0002a0ce                LittleFS::~LittleFS()
                0x0002a0ce                LittleFS::~LittleFS()
 .text._ZL12_iflash_syncPK10lfs_config
                0x0002a0d0        0xa e:\Projects\clouds\arduino\output\libraries\FileSystem\InternalFS.cpp.o
 .text._ZL12_iflash_progPK10lfs_configmmPKvm
                0x0002a0da       0x16 e:\Projects\clouds\arduino\output\libraries\FileSystem\InternalFS.cpp.o
 .text._ZL12_iflash_readPK10lfs_configmmPvm
                0x0002a0f0       0x16 e:\Projects\clouds\arduino\output\libraries\FileSystem\InternalFS.cpp.o
 .text._ZN8LittleFSD0Ev
                0x0002a106        0xc e:\Projects\clouds\arduino\output\libraries\FileSystem\InternalFS.cpp.o
                0x0002a106                LittleFS::~LittleFS()
 .text._ZN8LittleFS6formatEb
                0x0002a112       0x40 e:\Projects\clouds\arduino\output\libraries\FileSystem\InternalFS.cpp.o
                0x0002a112                LittleFS::format(bool)
 .text._ZN8LittleFS7_f_seekEPvm
                0x0002a152       0x10 e:\Projects\clouds\arduino\output\libraries\FileSystem\InternalFS.cpp.o
                0x0002a152                LittleFS::_f_seek(void*, unsigned long)
 .text._ZL9rtos_freePv
                0x0002a162       0x1e e:\Projects\clouds\arduino\output\libraries\FileSystem\InternalFS.cpp.o
 .text._ZL11rtos_mallocj
                0x0002a180       0x1e e:\Projects\clouds\arduino\output\libraries\FileSystem\InternalFS.cpp.o
 .text._ZN8LittleFS6existsEPKc
                0x0002a19e       0x18 e:\Projects\clouds\arduino\output\libraries\FileSystem\InternalFS.cpp.o
                0x0002a19e                LittleFS::exists(char const*)
 .text._ZN8LittleFS6removeEPKc
                0x0002a1b6       0x10 e:\Projects\clouds\arduino\output\libraries\FileSystem\InternalFS.cpp.o
                0x0002a1b6                LittleFS::remove(char const*)
 .text._ZN8LittleFS7rmdir_rEPKc
                0x0002a1c6        0xc e:\Projects\clouds\arduino\output\libraries\FileSystem\InternalFS.cpp.o
                0x0002a1c6                LittleFS::rmdir(char const*)
                0x0002a1c6                LittleFS::rmdir_r(char const*)
 .text._ZN8LittleFS8_f_writeEPvPKhj
                0x0002a1d2        0xe e:\Projects\clouds\arduino\output\libraries\FileSystem\InternalFS.cpp.o
                0x0002a1d2                LittleFS::_f_write(void*, unsigned char const*, unsigned int)
 .text._ZN8LittleFS8_f_flushEPv
                0x0002a1e0        0x6 e:\Projects\clouds\arduino\output\libraries\FileSystem\InternalFS.cpp.o
                0x0002a1e0                LittleFS::_f_flush(void*)
 .text._ZN8LittleFS7_f_readEPvS0_t
                0x0002a1e6        0x6 e:\Projects\clouds\arduino\output\libraries\FileSystem\InternalFS.cpp.o
                0x0002a1e6                LittleFS::_f_read(void*, void*, unsigned short)
 .text._ZN8LittleFS11_f_positionEPv
                0x0002a1ec        0x6 e:\Projects\clouds\arduino\output\libraries\FileSystem\InternalFS.cpp.o
                0x0002a1ec                LittleFS::_f_position(void*)
 .text._ZN8LittleFS7_f_sizeEPv
                0x0002a1f2        0x6 e:\Projects\clouds\arduino\output\libraries\FileSystem\InternalFS.cpp.o
                0x0002a1f2                LittleFS::_f_size(void*)
 .text._ZN8LittleFS8_f_closeEPvb
                0x0002a1f8        0xc e:\Projects\clouds\arduino\output\libraries\FileSystem\InternalFS.cpp.o
                0x0002a1f8                LittleFS::_f_close(void*, bool)
 .text._ZN8LittleFS18_f_rewindDirectoryEPv
                0x0002a204        0x6 e:\Projects\clouds\arduino\output\libraries\FileSystem\InternalFS.cpp.o
                0x0002a204                LittleFS::_f_rewindDirectory(void*)
 .text._ZN8LittleFS5beginEv
                0x0002a20a       0x2a e:\Projects\clouds\arduino\output\libraries\FileSystem\InternalFS.cpp.o
                0x0002a20a                LittleFS::begin()
 .text._ZL13_iflash_erasePK10lfs_configm
                0x0002a234       0x28 e:\Projects\clouds\arduino\output\libraries\FileSystem\InternalFS.cpp.o
 .text._ZN8LittleFS5mkdirEPKc
                0x0002a25c       0x8c e:\Projects\clouds\arduino\output\libraries\FileSystem\InternalFS.cpp.o
                0x0002a25c                LittleFS::mkdir(char const*)
 .text._ZN8LittleFSC2Ev
                0x0002a2e8       0x50 e:\Projects\clouds\arduino\output\libraries\FileSystem\InternalFS.cpp.o
                0x0002a2e8                LittleFS::LittleFS()
                0x0002a2e8                LittleFS::LittleFS()
 .text._ZN8LittleFS10_open_fileEPKch
                0x0002a338       0x7a e:\Projects\clouds\arduino\output\libraries\FileSystem\InternalFS.cpp.o
                0x0002a338                LittleFS::_open_file(char const*, unsigned char)
 .text._ZN8LittleFS9_open_dirEPKc
                0x0002a3b2       0x48 e:\Projects\clouds\arduino\output\libraries\FileSystem\InternalFS.cpp.o
                0x0002a3b2                LittleFS::_open_dir(char const*)
 *fill*         0x0002a3fa        0x2 
 .text.startup._GLOBAL__sub_I_InternalFS
                0x0002a3fc       0x24 e:\Projects\clouds\arduino\output\libraries\FileSystem\InternalFS.cpp.o
 .text._ZN8LittleFS4openEPKch
                0x0002a420       0x5a e:\Projects\clouds\arduino\output\libraries\FileSystem\InternalFS.cpp.o
                0x0002a420                LittleFS::open(char const*, unsigned char)
 *fill*         0x0002a47a        0x2 
 .text._ZN8LittleFS15_f_openNextFileEPvPKch
                0x0002a47c       0xd0 e:\Projects\clouds\arduino\output\libraries\FileSystem\InternalFS.cpp.o
                0x0002a47c                LittleFS::_f_openNextFile(void*, char const*, unsigned char)
 .text.lfs_alloc_lookahead
                0x0002a54c       0x36 e:\Projects\clouds\arduino\output\libraries\FileSystem\littlefs\lfs.c.o
 .text.lfs_pairisnull
                0x0002a582       0x14 e:\Projects\clouds\arduino\output\libraries\FileSystem\littlefs\lfs.c.o
 .text.lfs_paircmp
                0x0002a596       0x22 e:\Projects\clouds\arduino\output\libraries\FileSystem\littlefs\lfs.c.o
 .text.lfs_deinit
                0x0002a5b8       0x2e e:\Projects\clouds\arduino\output\libraries\FileSystem\littlefs\lfs.c.o
 *fill*         0x0002a5e6        0x2 
 .text.lfs_cache_read.isra.9
                0x0002a5e8      0x100 e:\Projects\clouds\arduino\output\libraries\FileSystem\littlefs\lfs.c.o
 .text.lfs_bd_read
                0x0002a6e8       0x18 e:\Projects\clouds\arduino\output\libraries\FileSystem\littlefs\lfs.c.o
 .text.lfs_cache_zero.isra.14
                0x0002a700       0x16 e:\Projects\clouds\arduino\output\libraries\FileSystem\littlefs\lfs.c.o
 *fill*         0x0002a716        0x2 
 .text.lfs_init
                0x0002a718      0x104 e:\Projects\clouds\arduino\output\libraries\FileSystem\littlefs\lfs.c.o
 .text.lfs_ctz_index.isra.16
                0x0002a81c       0x36 e:\Projects\clouds\arduino\output\libraries\FileSystem\littlefs\lfs.c.o
 .text.lfs_ctz_traverse.part.17
                0x0002a852       0x7c e:\Projects\clouds\arduino\output\libraries\FileSystem\littlefs\lfs.c.o
 *fill*         0x0002a8ce        0x2 
 .text.lfs_ctz_find.constprop.25
                0x0002a8d0       0xb8 e:\Projects\clouds\arduino\output\libraries\FileSystem\littlefs\lfs.c.o
 .text.lfs_cache_cmp.constprop.26
                0x0002a988       0x54 e:\Projects\clouds\arduino\output\libraries\FileSystem\littlefs\lfs.c.o
 .text.lfs_cache_flush
                0x0002a9dc       0x52 e:\Projects\clouds\arduino\output\libraries\FileSystem\littlefs\lfs.c.o
 *fill*         0x0002aa2e        0x2 
 .text.lfs_cache_prog
                0x0002aa30      0x118 e:\Projects\clouds\arduino\output\libraries\FileSystem\littlefs\lfs.c.o
 .text.lfs_bd_crc
                0x0002ab48       0x46 e:\Projects\clouds\arduino\output\libraries\FileSystem\littlefs\lfs.c.o
 .text.lfs_dir_fetch
                0x0002ab8e       0xcc e:\Projects\clouds\arduino\output\libraries\FileSystem\littlefs\lfs.c.o
 .text.lfs_dir_next
                0x0002ac5a       0x84 e:\Projects\clouds\arduino\output\libraries\FileSystem\littlefs\lfs.c.o
 .text.lfs_moved
                0x0002acde       0x68 e:\Projects\clouds\arduino\output\libraries\FileSystem\littlefs\lfs.c.o
 .text.lfs_parent.part.12
                0x0002ad46       0x68 e:\Projects\clouds\arduino\output\libraries\FileSystem\littlefs\lfs.c.o
 .text.lfs_pred
                0x0002adae       0x54 e:\Projects\clouds\arduino\output\libraries\FileSystem\littlefs\lfs.c.o
 *fill*         0x0002ae02        0x2 
 .text.lfs_dir_find
                0x0002ae04      0x14c e:\Projects\clouds\arduino\output\libraries\FileSystem\littlefs\lfs.c.o
 .text.lfs_dir_open
                0x0002af50       0x52 e:\Projects\clouds\arduino\output\libraries\FileSystem\littlefs\lfs.c.o
                0x0002af50                lfs_dir_open
 .text.lfs_dir_close
                0x0002afa2       0x1c e:\Projects\clouds\arduino\output\libraries\FileSystem\littlefs\lfs.c.o
                0x0002afa2                lfs_dir_close
 *fill*         0x0002afbe        0x2 
 .text.lfs_dir_read
                0x0002afc0       0xcc e:\Projects\clouds\arduino\output\libraries\FileSystem\littlefs\lfs.c.o
                0x0002afc0                lfs_dir_read
 .text.lfs_dir_rewind
                0x0002b08c       0x20 e:\Projects\clouds\arduino\output\libraries\FileSystem\littlefs\lfs.c.o
                0x0002b08c                lfs_dir_rewind
 .text.lfs_file_tell
                0x0002b0ac        0x4 e:\Projects\clouds\arduino\output\libraries\FileSystem\littlefs\lfs.c.o
                0x0002b0ac                lfs_file_tell
 .text.lfs_file_size
                0x0002b0b0       0x14 e:\Projects\clouds\arduino\output\libraries\FileSystem\littlefs\lfs.c.o
                0x0002b0b0                lfs_file_size
 .text.lfs_stat
                0x0002b0c4       0x7c e:\Projects\clouds\arduino\output\libraries\FileSystem\littlefs\lfs.c.o
                0x0002b0c4                lfs_stat
 .text.lfs_mount
                0x0002b140       0x80 e:\Projects\clouds\arduino\output\libraries\FileSystem\littlefs\lfs.c.o
                0x0002b140                lfs_mount
 .text.lfs_traverse
                0x0002b1c0      0x112 e:\Projects\clouds\arduino\output\libraries\FileSystem\littlefs\lfs.c.o
                0x0002b1c0                lfs_traverse
 *fill*         0x0002b2d2        0x2 
 .text.lfs_alloc
                0x0002b2d4       0xb4 e:\Projects\clouds\arduino\output\libraries\FileSystem\littlefs\lfs.c.o
 .text.lfs_dir_alloc
                0x0002b388       0x50 e:\Projects\clouds\arduino\output\libraries\FileSystem\littlefs\lfs.c.o
 .text.lfs_file_relocate
                0x0002b3d8       0xb2 e:\Projects\clouds\arduino\output\libraries\FileSystem\littlefs\lfs.c.o
 *fill*         0x0002b48a        0x2 
 .text.lfs_file_write
                0x0002b48c      0x29c e:\Projects\clouds\arduino\output\libraries\FileSystem\littlefs\lfs.c.o
                0x0002b48c                lfs_file_write
 .text.lfs_file_flush
                0x0002b728       0xd2 e:\Projects\clouds\arduino\output\libraries\FileSystem\littlefs\lfs.c.o
 .text.lfs_file_read
                0x0002b7fa       0xca e:\Projects\clouds\arduino\output\libraries\FileSystem\littlefs\lfs.c.o
                0x0002b7fa                lfs_file_read
 .text.lfs_file_seek
                0x0002b8c4       0x38 e:\Projects\clouds\arduino\output\libraries\FileSystem\littlefs\lfs.c.o
                0x0002b8c4                lfs_file_seek
 .text.lfs_deorphan
                0x0002b8fc      0x126 e:\Projects\clouds\arduino\output\libraries\FileSystem\littlefs\lfs.c.o
                0x0002b8fc                lfs_deorphan
 .text.lfs_dir_commit
                0x0002ba22      0x284 e:\Projects\clouds\arduino\output\libraries\FileSystem\littlefs\lfs.c.o
 .text.lfs_dir_update
                0x0002bca6       0x32 e:\Projects\clouds\arduino\output\libraries\FileSystem\littlefs\lfs.c.o
 .text.lfs_file_sync
                0x0002bcd8       0x9c e:\Projects\clouds\arduino\output\libraries\FileSystem\littlefs\lfs.c.o
                0x0002bcd8                lfs_file_sync
 .text.lfs_file_close
                0x0002bd74       0x3c e:\Projects\clouds\arduino\output\libraries\FileSystem\littlefs\lfs.c.o
                0x0002bd74                lfs_file_close
 .text.lfs_dir_append
                0x0002bdb0       0xdc e:\Projects\clouds\arduino\output\libraries\FileSystem\littlefs\lfs.c.o
 .text.lfs_dir_remove
                0x0002be8c      0x102 e:\Projects\clouds\arduino\output\libraries\FileSystem\littlefs\lfs.c.o
 *fill*         0x0002bf8e        0x2 
 .text.lfs_format
                0x0002bf90      0x12c e:\Projects\clouds\arduino\output\libraries\FileSystem\littlefs\lfs.c.o
                0x0002bf90                lfs_format
 .text.lfs_mkdir
                0x0002c0bc       0xae e:\Projects\clouds\arduino\output\libraries\FileSystem\littlefs\lfs.c.o
                0x0002c0bc                lfs_mkdir
 .text.lfs_file_opencfg
                0x0002c16a      0x148 e:\Projects\clouds\arduino\output\libraries\FileSystem\littlefs\lfs.c.o
                0x0002c16a                lfs_file_opencfg
 .text.lfs_file_open
                0x0002c2b2        0xe e:\Projects\clouds\arduino\output\libraries\FileSystem\littlefs\lfs.c.o
                0x0002c2b2                lfs_file_open
 .text.lfs_remove
                0x0002c2c0       0xa0 e:\Projects\clouds\arduino\output\libraries\FileSystem\littlefs\lfs.c.o
                0x0002c2c0                lfs_remove
 .text.lfs_crc  0x0002c360       0x40 e:\Projects\clouds\arduino\output\libraries\FileSystem\littlefs\lfs_util.c.o
                0x0002c360                lfs_crc
 .text._Z11initVariantv
                0x0002c3a0       0x22 e:\Projects\clouds\arduino\output\core\variant.cpp.o
                0x0002c3a0                initVariant()
 .text._ZN5Print5writeEPKhj
                0x0002c3c2       0x2c e:\Projects\clouds\arduino\output/core\core.a(Print.cpp.o)
                0x0002c3c2                Print::write(unsigned char const*, unsigned int)
 .text._ZN5Print5writeEPKc
                0x0002c3ee       0x20 e:\Projects\clouds\arduino\output/core\core.a(Print.cpp.o)
                0x0002c3ee                Print::write(char const*)
 .text._ZN5Print5writeEPKcj
                0x0002c40e        0x6 e:\Projects\clouds\arduino\output/core\core.a(Print.cpp.o)
                0x0002c40e                Print::write(char const*, unsigned int)
 .text._ZN5Print5printEPKc
                0x0002c414        0x8 e:\Projects\clouds\arduino\output/core\core.a(Print.cpp.o)
                0x0002c414                Print::print(char const*)
 .text._ZN5Print5printEc
                0x0002c41c        0x6 e:\Projects\clouds\arduino\output/core\core.a(Print.cpp.o)
                0x0002c41c                Print::print(char)
 *fill*         0x0002c422        0x2 
 .text._ZN5Print7printlnEv
                0x0002c424       0x10 e:\Projects\clouds\arduino\output/core\core.a(Print.cpp.o)
                0x0002c424                Print::println()
 .text._ZN5Print7printlnEPKc
                0x0002c434       0x14 e:\Projects\clouds\arduino\output/core\core.a(Print.cpp.o)
                0x0002c434                Print::println(char const*)
 .text._ZN5Print6printfEPKcz
                0x0002c448       0x32 e:\Projects\clouds\arduino\output/core\core.a(Print.cpp.o)
                0x0002c448                Print::printf(char const*, ...)
 .text._ZN5Print11printNumberEmh
                0x0002c47a       0x3e e:\Projects\clouds\arduino\output/core\core.a(Print.cpp.o)
                0x0002c47a                Print::printNumber(unsigned long, unsigned char)
 .text._ZN5Print5printEli
                0x0002c4b8       0x44 e:\Projects\clouds\arduino\output/core\core.a(Print.cpp.o)
                0x0002c4b8                Print::print(long, int)
 .text._ZN5Print7printlnEii
                0x0002c4fc       0x14 e:\Projects\clouds\arduino\output/core\core.a(Print.cpp.o)
                0x0002c4fc                Print::println(int, int)
 .text._ZN4UartcvbEv
                0x0002c510        0x6 e:\Projects\clouds\arduino\output/core\core.a(Uart.cpp.o)
                0x0002c510                Uart::operator bool()
 .text._ZN4Uart5beginEm
                0x0002c516        0x8 e:\Projects\clouds\arduino\output/core\core.a(Uart.cpp.o)
                0x0002c516                Uart::begin(unsigned long)
 .text._ZN4Uart5flushEv
                0x0002c51e        0x6 e:\Projects\clouds\arduino\output/core\core.a(Uart.cpp.o)
                0x0002c51e                Uart::flush()
 .text._ZN4Uart3endEv
                0x0002c524       0x60 e:\Projects\clouds\arduino\output/core\core.a(Uart.cpp.o)
                0x0002c524                Uart::end()
 .text._ZN4Uart9availableEv
                0x0002c584        0x6 e:\Projects\clouds\arduino\output/core\core.a(Uart.cpp.o)
                0x0002c584                Uart::available()
 .text._ZN4Uart4peekEv
                0x0002c58a        0x6 e:\Projects\clouds\arduino\output/core\core.a(Uart.cpp.o)
                0x0002c58a                Uart::peek()
 .text._ZN4Uart4readEv
                0x0002c590        0x6 e:\Projects\clouds\arduino\output/core\core.a(Uart.cpp.o)
                0x0002c590                Uart::read()
 .text._ZN4Uart5writeEh
                0x0002c596       0x32 e:\Projects\clouds\arduino\output/core\core.a(Uart.cpp.o)
                0x0002c596                Uart::write(unsigned char)
 .text._ZN4Uart5beginEmt
                0x0002c5c8      0x18c e:\Projects\clouds\arduino\output/core\core.a(Uart.cpp.o)
                0x0002c5c8                Uart::begin(unsigned long, unsigned short)
 .text._Z14serialEventRunv
                0x0002c754       0x1c e:\Projects\clouds\arduino\output/core\core.a(Uart.cpp.o)
                0x0002c754                serialEventRun()
 .text._ZN4UartC2EP13NRF_UART_Type9IRQn_Typehh
                0x0002c770       0x58 e:\Projects\clouds\arduino\output/core\core.a(Uart.cpp.o)
                0x0002c770                Uart::Uart(NRF_UART_Type*, IRQn_Type, unsigned char, unsigned char)
                0x0002c770                Uart::Uart(NRF_UART_Type*, IRQn_Type, unsigned char, unsigned char)
 .text._ZN4Uart10IrqHandlerEv
                0x0002c7c8       0x22 e:\Projects\clouds\arduino\output/core\core.a(Uart.cpp.o)
                0x0002c7c8                Uart::IrqHandler()
 *fill*         0x0002c7ea        0x2 
 .text.UARTE0_UART0_IRQHandler
                0x0002c7ec        0xc e:\Projects\clouds\arduino\output/core\core.a(Uart.cpp.o)
                0x0002c7ec                UARTE0_UART0_IRQHandler
 .text.startup._GLOBAL__sub_I__ZN4UartC2EP13NRF_UART_Type9IRQn_Typehh
                0x0002c7f8       0x20 e:\Projects\clouds\arduino\output/core\core.a(Uart.cpp.o)
 .text._Z6randoml
                0x0002c818       0x16 e:\Projects\clouds\arduino\output/core\core.a(WMath.cpp.o)
                0x0002c818                random(long)
 .text.millis   0x0002c82e       0x16 e:\Projects\clouds\arduino\output/core\core.a(delay.c.o)
                0x0002c82e                millis
 .text.micros   0x0002c844       0x18 e:\Projects\clouds\arduino\output/core\core.a(delay.c.o)
                0x0002c844                micros
 .text.delay    0x0002c85c        0xe e:\Projects\clouds\arduino\output/core\core.a(delay.c.o)
                0x0002c85c                delay
 .text.sd_flash_write
                0x0002c86a        0x4 e:\Projects\clouds\arduino\output/core\core.a(flash_nrf5x.c.o)
 .text.sd_flash_page_erase
                0x0002c86e        0x4 e:\Projects\clouds\arduino\output/core\core.a(flash_nrf5x.c.o)
 .text.sd_softdevice_is_enabled
                0x0002c872        0x4 e:\Projects\clouds\arduino\output/core\core.a(flash_nrf5x.c.o)
 .text.fal_verify
                0x0002c876        0xe e:\Projects\clouds\arduino\output/core\core.a(flash_nrf5x.c.o)
 .text.fal_read
                0x0002c884        0xc e:\Projects\clouds\arduino\output/core\core.a(flash_nrf5x.c.o)
 .text.fal_program
                0x0002c890       0x50 e:\Projects\clouds\arduino\output/core\core.a(flash_nrf5x.c.o)
 .text.fal_erase
                0x0002c8e0       0x5c e:\Projects\clouds\arduino\output/core\core.a(flash_nrf5x.c.o)
 .text.flash_nrf5x_event_cb
                0x0002c93c       0x18 e:\Projects\clouds\arduino\output/core\core.a(flash_nrf5x.c.o)
                0x0002c93c                flash_nrf5x_event_cb
 .text.flash_nrf5x_flush
                0x0002c954        0xc e:\Projects\clouds\arduino\output/core\core.a(flash_nrf5x.c.o)
                0x0002c954                flash_nrf5x_flush
 .text.flash_nrf5x_write
                0x0002c960       0x10 e:\Projects\clouds\arduino\output/core\core.a(flash_nrf5x.c.o)
                0x0002c960                flash_nrf5x_write
 .text.flash_nrf5x_read
                0x0002c970       0x18 e:\Projects\clouds\arduino\output/core\core.a(flash_nrf5x.c.o)
                0x0002c970                flash_nrf5x_read
 .text.flash_nrf5x_erase
                0x0002c988        0x4 e:\Projects\clouds\arduino\output/core\core.a(flash_nrf5x.c.o)
                0x0002c988                flash_nrf5x_erase
 .text.pvPortMalloc
                0x0002c98c       0x1e e:\Projects\clouds\arduino\output/core\core.a(heap_3.c.o)
                0x0002c98c                pvPortMalloc
 .text.vPortFree
                0x0002c9aa       0x1a e:\Projects\clouds\arduino\output/core\core.a(heap_3.c.o)
                0x0002c9aa                vPortFree
 .text.prvIsQueueEmpty
                0x0002c9c4       0x16 e:\Projects\clouds\arduino\output/core\core.a(queue.c.o)
 .text.prvCopyDataToQueue
                0x0002c9da       0x70 e:\Projects\clouds\arduino\output/core\core.a(queue.c.o)
 .text.prvCopyDataFromQueue
                0x0002ca4a       0x2a e:\Projects\clouds\arduino\output/core\core.a(queue.c.o)
 .text.prvUnlockQueue
                0x0002ca74       0x70 e:\Projects\clouds\arduino\output/core\core.a(queue.c.o)
 .text.xQueueGenericReset
                0x0002cae4       0x6c e:\Projects\clouds\arduino\output/core\core.a(queue.c.o)
                0x0002cae4                xQueueGenericReset
 .text.xQueueGenericCreateStatic
                0x0002cb50       0x2c e:\Projects\clouds\arduino\output/core\core.a(queue.c.o)
                0x0002cb50                xQueueGenericCreateStatic
 .text.xQueueGenericCreate
                0x0002cb7c       0x3a e:\Projects\clouds\arduino\output/core\core.a(queue.c.o)
                0x0002cb7c                xQueueGenericCreate
 .text.xQueueCreateCountingSemaphore
                0x0002cbb6       0x12 e:\Projects\clouds\arduino\output/core\core.a(queue.c.o)
                0x0002cbb6                xQueueCreateCountingSemaphore
 .text.xQueueGenericSend
                0x0002cbc8       0xfc e:\Projects\clouds\arduino\output/core\core.a(queue.c.o)
                0x0002cbc8                xQueueGenericSend
 .text.prvInitialiseMutex
                0x0002ccc4       0x14 e:\Projects\clouds\arduino\output/core\core.a(queue.c.o)
 .text.xQueueCreateMutex
                0x0002ccd8       0x16 e:\Projects\clouds\arduino\output/core\core.a(queue.c.o)
                0x0002ccd8                xQueueCreateMutex
 .text.xQueueGenericSendFromISR
                0x0002ccee       0x58 e:\Projects\clouds\arduino\output/core\core.a(queue.c.o)
                0x0002ccee                xQueueGenericSendFromISR
 .text.xQueueGiveFromISR
                0x0002cd46       0x4c e:\Projects\clouds\arduino\output/core\core.a(queue.c.o)
                0x0002cd46                xQueueGiveFromISR
 *fill*         0x0002cd92        0x2 
 .text.xQueueReceive
                0x0002cd94       0xf8 e:\Projects\clouds\arduino\output/core\core.a(queue.c.o)
                0x0002cd94                xQueueReceive
 .text.xQueueSemaphoreTake
                0x0002ce8c      0x134 e:\Projects\clouds\arduino\output/core\core.a(queue.c.o)
                0x0002ce8c                xQueueSemaphoreTake
 .text.vQueueAddToRegistry
                0x0002cfc0       0x1c e:\Projects\clouds\arduino\output/core\core.a(queue.c.o)
                0x0002cfc0                vQueueAddToRegistry
 .text.vQueueUnregisterQueue
                0x0002cfdc       0x28 e:\Projects\clouds\arduino\output/core\core.a(queue.c.o)
                0x0002cfdc                vQueueUnregisterQueue
 .text.vQueueDelete
                0x0002d004       0x16 e:\Projects\clouds\arduino\output/core\core.a(queue.c.o)
                0x0002d004                vQueueDelete
 .text.vQueueWaitForMessageRestricted
                0x0002d01a       0x46 e:\Projects\clouds\arduino\output/core\core.a(queue.c.o)
                0x0002d01a                vQueueWaitForMessageRestricted
 .text.prvAddNewTaskToReadyList
                0x0002d060       0xf8 e:\Projects\clouds\arduino\output/core\core.a(tasks.c.o)
 .text.prvGetExpectedIdleTime
                0x0002d158       0x3c e:\Projects\clouds\arduino\output/core\core.a(tasks.c.o)
 .text.prvResetNextTaskUnblockTime
                0x0002d194       0x24 e:\Projects\clouds\arduino\output/core\core.a(tasks.c.o)
 .text.prvInitialiseNewTask.isra.3
                0x0002d1b8       0x8e e:\Projects\clouds\arduino\output/core\core.a(tasks.c.o)
 .text.prvDeleteTCB
                0x0002d246       0x22 e:\Projects\clouds\arduino\output/core\core.a(tasks.c.o)
 .text.prvAddCurrentTaskToDelayedList
                0x0002d268       0x78 e:\Projects\clouds\arduino\output/core\core.a(tasks.c.o)
 .text.xTaskCreateStatic
                0x0002d2e0       0x36 e:\Projects\clouds\arduino\output/core\core.a(tasks.c.o)
                0x0002d2e0                xTaskCreateStatic
 .text.xTaskCreate
                0x0002d316       0x5a e:\Projects\clouds\arduino\output/core\core.a(tasks.c.o)
                0x0002d316                xTaskCreate
 .text.vTaskStartScheduler
                0x0002d370       0x70 e:\Projects\clouds\arduino\output/core\core.a(tasks.c.o)
                0x0002d370                vTaskStartScheduler
 .text.vTaskSuspendAll
                0x0002d3e0       0x10 e:\Projects\clouds\arduino\output/core\core.a(tasks.c.o)
                0x0002d3e0                vTaskSuspendAll
 .text.xTaskGetTickCount
                0x0002d3f0        0xc e:\Projects\clouds\arduino\output/core\core.a(tasks.c.o)
                0x0002d3f0                xTaskGetTickCount
 .text.vTaskStepTick
                0x0002d3fc       0x10 e:\Projects\clouds\arduino\output/core\core.a(tasks.c.o)
                0x0002d3fc                vTaskStepTick
 .text.xTaskIncrementTick
                0x0002d40c       0xec e:\Projects\clouds\arduino\output/core\core.a(tasks.c.o)
                0x0002d40c                xTaskIncrementTick
 .text.xTaskResumeAll
                0x0002d4f8       0xd4 e:\Projects\clouds\arduino\output/core\core.a(tasks.c.o)
                0x0002d4f8                xTaskResumeAll
 .text.vTaskDelay
                0x0002d5cc       0x30 e:\Projects\clouds\arduino\output/core\core.a(tasks.c.o)
                0x0002d5cc                vTaskDelay
 .text.prvIdleTask
                0x0002d5fc       0x84 e:\Projects\clouds\arduino\output/core\core.a(tasks.c.o)
 .text.vTaskSwitchContext
                0x0002d680       0x7c e:\Projects\clouds\arduino\output/core\core.a(tasks.c.o)
                0x0002d680                vTaskSwitchContext
 .text.vTaskPlaceOnEventList
                0x0002d6fc       0x20 e:\Projects\clouds\arduino\output/core\core.a(tasks.c.o)
                0x0002d6fc                vTaskPlaceOnEventList
 .text.vTaskPlaceOnEventListRestricted
                0x0002d71c       0x28 e:\Projects\clouds\arduino\output/core\core.a(tasks.c.o)
                0x0002d71c                vTaskPlaceOnEventListRestricted
 .text.xTaskRemoveFromEventList
                0x0002d744       0x70 e:\Projects\clouds\arduino\output/core\core.a(tasks.c.o)
                0x0002d744                xTaskRemoveFromEventList
 .text.vTaskInternalSetTimeOutState
                0x0002d7b4       0x18 e:\Projects\clouds\arduino\output/core\core.a(tasks.c.o)
                0x0002d7b4                vTaskInternalSetTimeOutState
 .text.xTaskCheckForTimeOut
                0x0002d7cc       0x54 e:\Projects\clouds\arduino\output/core\core.a(tasks.c.o)
                0x0002d7cc                xTaskCheckForTimeOut
 .text.vTaskMissedYield
                0x0002d820        0xc e:\Projects\clouds\arduino\output/core\core.a(tasks.c.o)
                0x0002d820                vTaskMissedYield
 .text.eTaskConfirmSleepModeStatus
                0x0002d82c       0x34 e:\Projects\clouds\arduino\output/core\core.a(tasks.c.o)
                0x0002d82c                eTaskConfirmSleepModeStatus
 .text.xTaskGetSchedulerState
                0x0002d860       0x20 e:\Projects\clouds\arduino\output/core\core.a(tasks.c.o)
                0x0002d860                xTaskGetSchedulerState
 .text.xTaskPriorityInherit
                0x0002d880       0x84 e:\Projects\clouds\arduino\output/core\core.a(tasks.c.o)
                0x0002d880                xTaskPriorityInherit
 .text.xTaskPriorityDisinherit
                0x0002d904       0x54 e:\Projects\clouds\arduino\output/core\core.a(tasks.c.o)
                0x0002d904                xTaskPriorityDisinherit
 .text.vTaskPriorityDisinheritAfterTimeout
                0x0002d958       0x68 e:\Projects\clouds\arduino\output/core\core.a(tasks.c.o)
                0x0002d958                vTaskPriorityDisinheritAfterTimeout
 .text.pvTaskIncrementMutexHeldCount
                0x0002d9c0       0x18 e:\Projects\clouds\arduino\output/core\core.a(tasks.c.o)
                0x0002d9c0                pvTaskIncrementMutexHeldCount
 .text.prvCheckForValidListAndQueue
                0x0002d9d8       0x68 e:\Projects\clouds\arduino\output/core\core.a(timers.c.o)
 .text.prvInsertTimerInActiveList
                0x0002da40       0x3c e:\Projects\clouds\arduino\output/core\core.a(timers.c.o)
 .text.xTimerCreateTimerTask
                0x0002da7c       0x54 e:\Projects\clouds\arduino\output/core\core.a(timers.c.o)
                0x0002da7c                xTimerCreateTimerTask
 .text.xTimerCreate
                0x0002dad0       0x3a e:\Projects\clouds\arduino\output/core\core.a(timers.c.o)
                0x0002dad0                xTimerCreate
 *fill*         0x0002db0a        0x2 
 .text.xTimerGenericCommand
                0x0002db0c       0x44 e:\Projects\clouds\arduino\output/core\core.a(timers.c.o)
                0x0002db0c                xTimerGenericCommand
 .text.prvSwitchTimerLists
                0x0002db50       0x70 e:\Projects\clouds\arduino\output/core\core.a(timers.c.o)
 .text.prvTimerTask
                0x0002dbc0      0x18c e:\Projects\clouds\arduino\output/core\core.a(timers.c.o)
 .text.xTimerIsTimerActive
                0x0002dd4c       0x18 e:\Projects\clouds\arduino\output/core\core.a(timers.c.o)
                0x0002dd4c                xTimerIsTimerActive
 .text.pvTimerGetTimerID
                0x0002dd64       0x12 e:\Projects\clouds\arduino\output/core\core.a(timers.c.o)
                0x0002dd64                pvTimerGetTimerID
 .text.prvTaskExitError
                0x0002dd76        0x8 e:\Projects\clouds\arduino\output/core\core.a(port_cmsis.c.o)
 *fill*         0x0002dd7e        0x2 
 .text.pxPortInitialiseStack
                0x0002dd80       0x24 e:\Projects\clouds\arduino\output/core\core.a(port_cmsis.c.o)
                0x0002dd80                pxPortInitialiseStack
 .text.xPortStartScheduler
                0x0002dda4       0x4c e:\Projects\clouds\arduino\output/core\core.a(port_cmsis.c.o)
                0x0002dda4                xPortStartScheduler
 .text.vPortEnterCritical
                0x0002ddf0       0x14 e:\Projects\clouds\arduino\output/core\core.a(port_cmsis.c.o)
                0x0002ddf0                vPortEnterCritical
 .text.vPortExitCritical
                0x0002de04       0x14 e:\Projects\clouds\arduino\output/core\core.a(port_cmsis.c.o)
                0x0002de04                vPortExitCritical
 .text.RTC1_IRQHandler
                0x0002de18       0x74 e:\Projects\clouds\arduino\output/core\core.a(port_cmsis_systick.c.o)
                0x0002de18                RTC1_IRQHandler
 .text.vPortSetupTimerInterrupt
                0x0002de8c       0x38 e:\Projects\clouds\arduino\output/core\core.a(port_cmsis_systick.c.o)
                0x0002de8c                vPortSetupTimerInterrupt
 .text.vPortSuppressTicksAndSleep
                0x0002dec4      0x10c e:\Projects\clouds\arduino\output/core\core.a(port_cmsis_systick.c.o)
                0x0002dec4                vPortSuppressTicksAndSleep
 .text.vPortStartFirstTask
                0x0002dfd0       0x24 e:\Projects\clouds\arduino\output/core\core.a(port.c.o)
                0x0002dfd0                vPortStartFirstTask
 .text.SVC_Handler
                0x0002dff4       0x20 e:\Projects\clouds\arduino\output/core\core.a(port.c.o)
                0x0002dff4                SVC_Handler
 .text.PendSV_Handler
                0x0002e014       0x60 e:\Projects\clouds\arduino\output/core\core.a(port.c.o)
                0x0002e014                PendSV_Handler
 .text          0x0002e074       0x54 e:\Projects\clouds\arduino\output/core\core.a(gcc_startup_nrf52.S.o)
                0x0002e074                Reset_Handler
                0x0002e0b4                NMI_Handler
                0x0002e0b6                HardFault_Handler
                0x0002e0b8                MemoryManagement_Handler
                0x0002e0ba                BusFault_Handler
                0x0002e0bc                UsageFault_Handler
                0x0002e0c0                DebugMon_Handler
                0x0002e0c4                SysTick_Handler
                0x0002e0c6                SWI0_EGU0_IRQHandler
                0x0002e0c6                POWER_CLOCK_IRQHandler
                0x0002e0c6                RADIO_IRQHandler
                0x0002e0c6                PDM_IRQHandler
                0x0002e0c6                TEMP_IRQHandler
                0x0002e0c6                QDEC_IRQHandler
                0x0002e0c6                TIMER3_IRQHandler
                0x0002e0c6                FPU_IRQHandler
                0x0002e0c6                SPIM0_SPIS0_TWIM0_TWIS0_SPI0_TWI0_IRQHandler
                0x0002e0c6                PWM1_IRQHandler
                0x0002e0c6                TIMER4_IRQHandler
                0x0002e0c6                I2S_IRQHandler
                0x0002e0c6                RTC0_IRQHandler
                0x0002e0c6                TIMER0_IRQHandler
                0x0002e0c6                GPIOTE_IRQHandler
                0x0002e0c6                TIMER1_IRQHandler
                0x0002e0c6                PWM2_IRQHandler
                0x0002e0c6                ECB_IRQHandler
                0x0002e0c6                SPIM1_SPIS1_TWIM1_TWIS1_SPI1_TWI1_IRQHandler
                0x0002e0c6                Default_Handler
                0x0002e0c6                SAADC_IRQHandler
                0x0002e0c6                CCM_AAR_IRQHandler
                0x0002e0c6                WDT_IRQHandler
                0x0002e0c6                SWI5_EGU5_IRQHandler
                0x0002e0c6                RNG_IRQHandler
                0x0002e0c6                RTC2_IRQHandler
                0x0002e0c6                PWM0_IRQHandler
                0x0002e0c6                SWI3_EGU3_IRQHandler
                0x0002e0c6                SWI1_EGU1_IRQHandler