Archive member included to satisfy reference by file (symbol)

/InnerTome/Projects/clouds/arduino/output/core/core.a(Print.cpp.o)
                              /InnerTome/Projects/clouds/arduino/output/libraries/Bluefruit52Lib/services/BLEMidi.cpp.o (Print::write(unsigned char const*, unsigned int))
/InnerTome/Projects/clouds/arduino/output/core/core.a(Uart.cpp.o)
                              /InnerTome/Projects/clouds/arduino/output/sketch/clouds_final.ino.cpp.o (Uart::begin(unsigned long))
/InnerTome/Projects/clouds/arduino/output/core/core.a(WMath.cpp.o)
                              /InnerTome/Projects/clouds/arduino/output/sketch/clouds_final.ino.cpp.o (random(long))
/InnerTome/Projects/clouds/arduino/output/core/core.a(abi.cpp.o)
                              /InnerTome/Projects/clouds/arduino/output/core/core.a(Print.cpp.o) (__cxa_pure_virtual)
/InnerTome/Projects/clouds/arduino/output/core/core.a(delay.c.o)
                              /InnerTome/Projects/clouds/arduino/output/sketch/clouds_final.ino.cpp.o (millis)
/InnerTome/Projects/clouds/arduino/output/core/core.a(flash_nrf5x.c.o)
                              /InnerTome/Projects/clouds/arduino/output/libraries/FileSystem/InternalFS.cpp.o (flash_nrf5x_flush)
/InnerTome/Projects/clouds/arduino/output/core/core.a(heap_3.c.o)
                              /InnerTome/Projects/clouds/arduino/output/libraries/Adafruit_NeoPixel/Adafruit_NeoPixel.cpp.o (pvPortMalloc)
/InnerTome/Projects/clouds/arduino/output/core/core.a(queue.c.o)
                              /InnerTome/Projects/clouds/arduino/output/libraries/Bluefruit52Lib/BLEGap.cpp.o (xQueueGenericCreate)
/InnerTome/Projects/clouds/arduino/output/core/core.a(tasks.c.o)
                              /InnerTome/Projects/clouds/arduino/output/libraries/Bluefruit52Lib/bluefruit.cpp.o (xTaskCreate)
/InnerTome/Projects/clouds/arduino/output/core/core.a(timers.c.o)
                              /InnerTome/Projects/clouds/arduino/output/core/core.a(tasks.c.o) (xTimerCreateTimerTask)
/InnerTome/Projects/clouds/arduino/output/core/core.a(port_cmsis.c.o)
                              /InnerTome/Projects/clouds/arduino/output/core/core.a(tasks.c.o) (pxPortInitialiseStack)
/InnerTome/Projects/clouds/arduino/output/core/core.a(port_cmsis_systick.c.o)
                              /InnerTome/Projects/clouds/arduino/output/core/core.a(port_cmsis.c.o) (vPortSetupTimerInterrupt)
/InnerTome/Projects/clouds/arduino/output/core/core.a(port.c.o)
                              /InnerTome/Projects/clouds/arduino/output/core/core.a(port_cmsis.c.o) (vPortStartFirstTask)
/InnerTome/Projects/clouds/arduino/output/core/core.a(hooks.c.o)
                              /InnerTome/Projects/clouds/arduino/output/libraries/Adafruit_NeoPixel/Adafruit_NeoPixel.cpp.o (yield)
/InnerTome/Projects/clouds/arduino/output/core/core.a(gcc_startup_nrf52.S.o)
                              /InnerTome/Projects/clouds/arduino/output/core/core.a(port.c.o) (__isr_vector)
/InnerTome/Projects/clouds/arduino/output/core/core.a(main.cpp.o)
                              /home/jacobus/.arduino15/packages/adafruit/tools/gcc-arm-none-eabi/5_2-2015q4/bin/../lib/gcc/arm-none-eabi/5.2.1/../../../../arm-none-eabi/lib/armv7e-m/fpu/crt0.o (main)
/InnerTome/Projects/clouds/arduino/output/core/core.a(new.cpp.o)
                              /InnerTome/Projects/clouds/arduino/output/libraries/Bluefruit52Lib/services/BLEHidGeneric.cpp.o (operator new(unsigned int))
/InnerTome/Projects/clouds/arduino/output/core/core.a(system_nrf52.c.o)
                              /InnerTome/Projects/clouds/arduino/output/core/core.a(gcc_startup_nrf52.S.o) (SystemInit)
/InnerTome/Projects/clouds/arduino/output/core/core.a(rtos.cpp.o)
                              /InnerTome/Projects/clouds/arduino/output/core/core.a(tasks.c.o) (vApplicationStackOverflowHook)
/InnerTome/Projects/clouds/arduino/output/core/core.a(AdaCallback.c.o)
                              /InnerTome/Projects/clouds/arduino/output/libraries/Bluefruit52Lib/BLEAdvertising.cpp.o (ada_callback_queue)
/InnerTome/Projects/clouds/arduino/output/core/core.a(adafruit_fifo.cpp.o)
                              /InnerTome/Projects/clouds/arduino/output/libraries/Bluefruit52Lib/clients/BLEClientUart.cpp.o (Adafruit_FIFO::Adafruit_FIFO(unsigned char, unsigned short))
/InnerTome/Projects/clouds/arduino/output/core/core.a(debug.cpp.o)
                              /InnerTome/Projects/clouds/arduino/output/core/core.a(main.cpp.o) (dbgPrintVersion)
/InnerTome/Projects/clouds/arduino/output/core/core.a(utilities.c.o)
                              /InnerTome/Projects/clouds/arduino/output/core/core.a(debug.cpp.o) (lookup_find)
/InnerTome/Projects/clouds/arduino/output/core/core.a(wiring.c.o)
                              /InnerTome/Projects/clouds/arduino/output/core/core.a(main.cpp.o) (init)
/InnerTome/Projects/clouds/arduino/output/core/core.a(wiring_digital.c.o)
[...]
Memory Configuration

Name             Origin             Length             Attributes
FLASH            0x00026000         0x00047000         xr
RAM              0x20003400         0x0000cc00         xrw
*default*        0x00000000         0xffffffff

Linker script and memory map

                0x00000800                __StackSize = 0x800
                0x20010000                PROVIDE (__StackTop, (ORIGIN (RAM) + LENGTH (RAM)))
                0x2000f800                PROVIDE (__StackLimit, (__StackTop - __StackSize))
                0x20010000                PROVIDE (__stack, __StackTop)
                0x00026000                __flash_arduino_start = ORIGIN (FLASH)
                0x0006d000                __flash_arduino_end = (ORIGIN (FLASH) + LENGTH (FLASH))

.text           0x00026000     0xfe80
 *(.isr_vector)
 .isr_vector    0x00026000      0x200 /InnerTome/Projects/clouds/arduino/output/core/core.a(gcc_startup_nrf52.S.o)
                0x00026000                __isr_vector
 *(.text*)
 .text          0x00026200       0xa4 /home/jacobus/.arduino15/packages/adafruit/tools/gcc-arm-none-eabi/5_2-2015q4/bin/../lib/gcc/arm-none-eabi/5.2.1/armv7e-m/fpu/crtbegin.o
 .text          0x000262a4       0x74 /home/jacobus/.arduino15/packages/adafruit/tools/gcc-arm-none-eabi/5_2-2015q4/bin/../lib/gcc/arm-none-eabi/5.2.1/../../../../arm-none-eabi/lib/armv7e-m/fpu/crt0.o
                0x000262a4                _mainCRTStartup
                0x000262a4                _start
 .text._Z16connect_callbackt
                0x00026318       0x4c /InnerTome/Projects/clouds/arduino/output/sketch/clouds_final.ino.cpp.o
                0x00026318                connect_callback(unsigned short)
 .text._ZN11NeoPatternsD2Ev
                0x00026364        0xc /InnerTome/Projects/clouds/arduino/output/sketch/clouds_final.ino.cpp.o
                0x00026364                NeoPatterns::~NeoPatterns()
                0x00026364                NeoPatterns::~NeoPatterns()
 .text._ZN11NeoPatterns5WheelEh.isra.5
                0x00026370       0x4a /InnerTome/Projects/clouds/arduino/output/sketch/clouds_final.ino.cpp.o
 .text._ZN11NeoPatterns9IncrementEv
                0x000263ba       0x2c /InnerTome/Projects/clouds/arduino/output/sketch/clouds_final.ino.cpp.o
                0x000263ba                NeoPatterns::Increment()
 .text._ZN11NeoPatterns7ReverseEv
                0x000263e6       0x16 /InnerTome/Projects/clouds/arduino/output/sketch/clouds_final.ino.cpp.o
                0x000263e6                NeoPatterns::Reverse()
 .text._Z13Ring1Completev
                0x000263fc       0x10 /InnerTome/Projects/clouds/arduino/output/sketch/clouds_final.ino.cpp.o
                0x000263fc                Ring1Complete()
 .text._Z13Ring2Completev
                0x0002640c       0x10 /InnerTome/Projects/clouds/arduino/output/sketch/clouds_final.ino.cpp.o
                0x0002640c                Ring2Complete()
 .text._Z13Ring3Completev
                0x0002641c       0x10 /InnerTome/Projects/clouds/arduino/output/sketch/clouds_final.ino.cpp.o
                0x0002641c                Ring3Complete()
 .text._Z13Ring4Completev
                0x0002642c       0x10 /InnerTome/Projects/clouds/arduino/output/sketch/clouds_final.ino.cpp.o
                0x0002642c                Ring4Complete()
 .text._ZN11NeoPatterns7ScannerEmh
                0x0002643c       0x1e /InnerTome/Projects/clouds/arduino/output/sketch/clouds_final.ino.cpp.o
                0x0002643c                NeoPatterns::Scanner(unsigned long, unsigned char)
 .text._ZN11NeoPatterns13ScannerUpdateEv
                0x0002645a       0x58 /InnerTome/Projects/clouds/arduino/output/sketch/clouds_final.ino.cpp.o
                0x0002645a                NeoPatterns::ScannerUpdate()
 .text._ZN11NeoPatterns10FadeUpdateEv
                0x000264b2       0x7e /InnerTome/Projects/clouds/arduino/output/sketch/clouds_final.ino.cpp.o
                0x000264b2                NeoPatterns::FadeUpdate()
 .text._ZN11NeoPatterns6UpdateEv
                0x00026530       0xb4 /InnerTome/Projects/clouds/arduino/output/sketch/clouds_final.ino.cpp.o
                0x00026530                NeoPatterns::Update()
 .text._Z8startAdvv
                0x000265e4       0x50 /InnerTome/Projects/clouds/arduino/output/sketch/clouds_final.ino.cpp.o
                0x000265e4                startAdv()
 .text._Z11swapBuffers17Adafruit_NeoPixel
                0x00026634       0x84 /InnerTome/Projects/clouds/arduino/output/sketch/clouds_final.ino.cpp.o
                0x00026634                swapBuffers(Adafruit_NeoPixel)
 .text.startup._GLOBAL__sub_I_bledis
                0x000266b8       0xcc /InnerTome/Projects/clouds/arduino/output/sketch/clouds_final.ino.cpp.o
 .text.setup    0x00026784      0x1d0 /InnerTome/Projects/clouds/arduino/output/sketch/clouds_final.ino.cpp.o
                0x00026784                setup
 .text._Z12sendResponsePKc
                0x00026954       0x30 /InnerTome/Projects/clouds/arduino/output/sketch/clouds_final.ino.cpp.o
                0x00026954                sendResponse(char const*)
 .text._Z20commandSetBrightnessi
                0x00026984      0x100 /InnerTome/Projects/clouds/arduino/output/sketch/clouds_final.ino.cpp.o
                0x00026984                commandSetBrightness(int)
 .text.loop     0x00026a84      0x6f0 /InnerTome/Projects/clouds/arduino/output/sketch/clouds_final.ino.cpp.o
                0x00026a84                loop
 .text._ZN17Adafruit_NeoPixelD2Ev
                0x00027174       0x1e /InnerTome/Projects/clouds/arduino/output/libraries/Adafruit_NeoPixel/Adafruit_NeoPixel.cpp.o
                0x00027174                Adafruit_NeoPixel::~Adafruit_NeoPixel()
                0x00027174                Adafruit_NeoPixel::~Adafruit_NeoPixel()
 .text._ZN17Adafruit_NeoPixel5beginEv
                0x00027192       0x22 /InnerTome/Projects/clouds/arduino/output/libraries/Adafruit_NeoPixel/Adafruit_NeoPixel.cpp.o
                0x00027192                Adafruit_NeoPixel::begin()
 .text._ZN17Adafruit_NeoPixel12updateLengthEt
                0x000271b4       0x3e /InnerTome/Projects/clouds/arduino/output/libraries/Adafruit_NeoPixel/Adafruit_NeoPixel.cpp.o
                0x000271b4                Adafruit_NeoPixel::updateLength(unsigned short)
 .text._ZN17Adafruit_NeoPixel10updateTypeEt
                0x000271f2       0x48 /InnerTome/Projects/clouds/arduino/output/libraries/Adafruit_NeoPixel/Adafruit_NeoPixel.cpp.o
                0x000271f2                Adafruit_NeoPixel::updateType(unsigned short)
 *fill*         0x0002723a        0x2 
 .text._ZN17Adafruit_NeoPixel4showEv
                0x0002723c      0x294 /InnerTome/Projects/clouds/arduino/output/libraries/Adafruit_NeoPixel/Adafruit_NeoPixel.cpp.o
                0x0002723c                Adafruit_NeoPixel::show()
 .text._ZN17Adafruit_NeoPixel6setPinEh
                0x000274d0       0x34 /InnerTome/Projects/clouds/arduino/output/libraries/Adafruit_NeoPixel/Adafruit_NeoPixel.cpp.o
                0x000274d0                Adafruit_NeoPixel::setPin(unsigned char)
 .text._ZN17Adafruit_NeoPixelC2Etht
                0x00027504       0x2c /InnerTome/Projects/clouds/arduino/output/libraries/Adafruit_NeoPixel/Adafruit_NeoPixel.cpp.o
                0x00027504                Adafruit_NeoPixel::Adafruit_NeoPixel(unsigned short, unsigned char, unsigned short)
                0x00027504                Adafruit_NeoPixel::Adafruit_NeoPixel(unsigned short, unsigned char, unsigned short)
 .text._ZN17Adafruit_NeoPixel13setPixelColorEtm
                0x00027530       0x64 /InnerTome/Projects/clouds/arduino/output/libraries/Adafruit_NeoPixel/Adafruit_NeoPixel.cpp.o
                0x00027530                Adafruit_NeoPixel::setPixelColor(unsigned short, unsigned long)
 .text._ZN17Adafruit_NeoPixel5ColorEhhh
                0x00027594        0xa /InnerTome/Projects/clouds/arduino/output/libraries/Adafruit_NeoPixel/Adafruit_NeoPixel.cpp.o
                0x00027594                Adafruit_NeoPixel::Color(unsigned char, unsigned char, unsigned char)
 .text._ZN17Adafruit_NeoPixel5ColorEhhhh
                0x0002759e        0xe /InnerTome/Projects/clouds/arduino/output/libraries/Adafruit_NeoPixel/Adafruit_NeoPixel.cpp.o
                0x0002759e                Adafruit_NeoPixel::Color(unsigned char, unsigned char, unsigned char, unsigned char)
 .text._ZNK17Adafruit_NeoPixel13getPixelColorEt
                0x000275ac       0x9e /InnerTome/Projects/clouds/arduino/output/libraries/Adafruit_NeoPixel/Adafruit_NeoPixel.cpp.o
                0x000275ac                Adafruit_NeoPixel::getPixelColor(unsigned short) const
 .text._ZNK17Adafruit_NeoPixel9numPixelsEv
                0x0002764a        0x4 /InnerTome/Projects/clouds/arduino/output/libraries/Adafruit_NeoPixel/Adafruit_NeoPixel.cpp.o
                0x0002764a                Adafruit_NeoPixel::numPixels() const
 .text._ZN17Adafruit_NeoPixel13setBrightnessEh
                0x0002764e       0x4c /InnerTome/Projects/clouds/arduino/output/libraries/Adafruit_NeoPixel/Adafruit_NeoPixel.cpp.o
                0x0002764e                Adafruit_NeoPixel::setBrightness(unsigned char)
 .text.sd_ble_gap_adv_set_configure
                0x0002769a        0x4 /InnerTome/Projects/clouds/arduino/output/libraries/Bluefruit52Lib/BLEAdvertising.cpp.o
 .text.sd_ble_gap_adv_start
                0x0002769e        0x4 /InnerTome/Projects/clouds/arduino/output/libraries/Bluefruit52Lib/BLEAdvertising.cpp.o
 .text.sd_ble_gap_tx_power_set
                0x000276a2        0x4 /InnerTome/Projects/clouds/arduino/output/libraries/Bluefruit52Lib/BLEAdvertising.cpp.o
 .text._ZN18BLEAdvertisingDataC2Ev
                0x000276a6        0x8 /InnerTome/Projects/clouds/arduino/output/libraries/Bluefruit52Lib/BLEAdvertising.cpp.o
                0x000276a6                BLEAdvertisingData::BLEAdvertisingData()
                0x000276a6                BLEAdvertisingData::BLEAdvertisingData()
 .text._ZN18BLEAdvertisingData7addDataEhPKvh
                0x000276ae       0x34 /InnerTome/Projects/clouds/arduino/output/libraries/Bluefruit52Lib/BLEAdvertising.cpp.o
                0x000276ae                BLEAdvertisingData::addData(unsigned char, void const*, unsigned char)
 .text._ZN18BLEAdvertisingData7addUuidEP7BLEUuidh
                0x000276e2       0x74 /InnerTome/Projects/clouds/arduino/output/libraries/Bluefruit52Lib/BLEAdvertising.cpp.o
                0x000276e2                BLEAdvertisingData::addUuid(BLEUuid*, unsigned char)
 .text._ZN18BLEAdvertisingData10addServiceER10BLEService
                0x00027756       0x1a /InnerTome/Projects/clouds/arduino/output/libraries/Bluefruit52Lib/BLEAdvertising.cpp.o
                0x00027756                BLEAdvertisingData::addService(BLEService&)
 .text._ZN18BLEAdvertisingData7addNameEv
                0x00027770       0x40 /InnerTome/Projects/clouds/arduino/output/libraries/Bluefruit52Lib/BLEAdvertising.cpp.o
                0x00027770                BLEAdvertisingData::addName()
 .text._ZN18BLEAdvertisingData10addTxPowerEv
                0x000277b0       0x24 /InnerTome/Projects/clouds/arduino/output/libraries/Bluefruit52Lib/BLEAdvertising.cpp.o
                0x000277b0                BLEAdvertisingData::addTxPower()
 .text._ZN18BLEAdvertisingData8addFlagsEh
                0x000277d4       0x16 /InnerTome/Projects/clouds/arduino/output/libraries/Bluefruit52Lib/BLEAdvertising.cpp.o
                0x000277d4                BLEAdvertisingData::addFlags(unsigned char)
 .text._ZN14BLEAdvertisingC2Ev
                0x000277ea       0x38 /InnerTome/Projects/clouds/arduino/output/libraries/Bluefruit52Lib/BLEAdvertising.cpp.o
                0x000277ea                BLEAdvertising::BLEAdvertising()
                0x000277ea                BLEAdvertising::BLEAdvertising()
 .text._ZN14BLEAdvertising14setFastTimeoutEt
                0x00027822        0x4 /InnerTome/Projects/clouds/arduino/output/libraries/Bluefruit52Lib/BLEAdvertising.cpp.o
                0x00027822                BLEAdvertising::setFastTimeout(unsigned short)
 .text._ZN14BLEAdvertising11setIntervalEtt
                0x00027826        0x8 /InnerTome/Projects/clouds/arduino/output/libraries/Bluefruit52Lib/BLEAdvertising.cpp.o
                0x00027826                BLEAdvertising::setInterval(unsigned short, unsigned short)
 .text._ZN14BLEAdvertising19restartOnDisconnectEb
                0x0002782e        0x6 /InnerTome/Projects/clouds/arduino/output/libraries/Bluefruit52Lib/BLEAdvertising.cpp.o
                0x0002782e                BLEAdvertising::restartOnDisconnect(bool)
 .text._ZN14BLEAdvertising6_startEtt
                0x00027834       0xf0 /InnerTome/Projects/clouds/arduino/output/libraries/Bluefruit52Lib/BLEAdvertising.cpp.o
                0x00027834                BLEAdvertising::_start(unsigned short, unsigned short)
 .text._ZN14BLEAdvertising5startEt
                0x00027924       0x24 /InnerTome/Projects/clouds/arduino/output/libraries/Bluefruit52Lib/BLEAdvertising.cpp.o
                0x00027924                BLEAdvertising::start(unsigned short)
 .text._ZN14BLEAdvertising13_eventHandlerEP9ble_evt_t
                0x00027948       0xcc /InnerTome/Projects/clouds/arduino/output/libraries/Bluefruit52Lib/BLEAdvertising.cpp.o
                0x00027948                BLEAdvertising::_eventHandler(ble_evt_t*)
 .text.sd_ble_gap_conn_param_update
                0x00027a14        0x4 /InnerTome/Projects/clouds/arduino/output/libraries/Bluefruit52Lib/BLECentral.cpp.o
 .text._ZL11rtos_mallocj
                0x00027a18       0x1e /InnerTome/Projects/clouds/arduino/output/libraries/Bluefruit52Lib/BLECentral.cpp.o
 .text._ZN10BLECentralC2Ev
                0x00027a36       0x14 /InnerTome/Projects/clouds/arduino/output/libraries/Bluefruit52Lib/BLECentral.cpp.o
                0x00027a36                BLECentral::BLECentral()
                0x00027a36                BLECentral::BLECentral()
 *fill*         0x00027a4a        0x2 
 .text._ZN10BLECentral5beginEv
                0x00027a4c        0xc /InnerTome/Projects/clouds/arduino/output/libraries/Bluefruit52Lib/BLECentral.cpp.o
                0x00027a4c                BLECentral::begin()
 .text._ZN10BLECentral14_event_handlerEP9ble_evt_t
                0x00027a58       0xac /InnerTome/Projects/clouds/arduino/output/libraries/Bluefruit52Lib/BLECentral.cpp.o
                0x00027a58                BLECentral::_event_handler(ble_evt_t*)
 .text.sd_ble_gatts_characteristic_add
                0x00027b04        0x4 /InnerTome/Projects/clouds/arduino/output/libraries/Bluefruit52Lib/BLECharacteristic.cpp.o
 .text.sd_ble_gatts_descriptor_add
                0x00027b08        0x4 /InnerTome/Projects/clouds/arduino/output/libraries/Bluefruit52Lib/BLECharacteristic.cpp.o
 .text.sd_ble_gatts_value_set
                0x00027b0c        0x4 /InnerTome/Projects/clouds/arduino/output/libraries/Bluefruit52Lib/BLECharacteristic.cpp.o
 .text.sd_ble_gatts_value_get
                0x00027b10        0x4 /InnerTome/Projects/clouds/arduino/output/libraries/Bluefruit52Lib/BLECharacteristic.cpp.o
 .text.sd_ble_gatts_hvx
                0x00027b14        0x4 /InnerTome/Projects/clouds/arduino/output/libraries/Bluefruit52Lib/BLECharacteristic.cpp.o
 .text._ZN17BLECharacteristicD2Ev
                0x00027b18        0x2 /InnerTome/Projects/clouds/arduino/output/libraries/Bluefruit52Lib/BLECharacteristic.cpp.o
                0x00027b18                BLECharacteristic::~BLECharacteristic()
                0x00027b18                BLECharacteristic::~BLECharacteristic()
 .text._ZN17BLECharacteristicD0Ev
                0x00027b1a        0xc /InnerTome/Projects/clouds/arduino/output/libraries/Bluefruit52Lib/BLECharacteristic.cpp.o
                0x00027b1a                BLECharacteristic::~BLECharacteristic()
 *fill*         0x00027b26        0x2 
 .text._ZN17BLECharacteristic5beginEv
                0x00027b28      0x1ac /InnerTome/Projects/clouds/arduino/output/libraries/Bluefruit52Lib/BLECharacteristic.cpp.o
                0x00027b28                BLECharacteristic::begin()
 .text._ZN17BLECharacteristic13_eventHandlerEP9ble_evt_t
                0x00027cd4       0x6e /InnerTome/Projects/clouds/arduino/output/libraries/Bluefruit52Lib/BLECharacteristic.cpp.o
                0x00027cd4                BLECharacteristic::_eventHandler(ble_evt_t*)
 *fill*         0x00027d42        0x2 
 .text._ZN17BLECharacteristic5_initEv
                0x00027d44       0x4c /InnerTome/Projects/clouds/arduino/output/libraries/Bluefruit52Lib/BLECharacteristic.cpp.o
                0x00027d44                BLECharacteristic::_init()
 .text._ZN17BLECharacteristicC2E7BLEUuid
                0x00027d90       0x28 /InnerTome/Projects/clouds/arduino/output/libraries/Bluefruit52Lib/BLECharacteristic.cpp.o
                0x00027d90                BLECharacteristic::BLECharacteristic(BLEUuid)
                0x00027d90                BLECharacteristic::BLECharacteristic(BLEUuid)
 .text._ZN17BLECharacteristic13parentServiceEv
                0x00027db8        0x4 /InnerTome/Projects/clouds/arduino/output/libraries/Bluefruit52Lib/BLECharacteristic.cpp.o
                0x00027db8                BLECharacteristic::parentService()
 .text._ZN17BLECharacteristic13setTempMemoryEv
                0x00027dbc        0x6 /InnerTome/Projects/clouds/arduino/output/libraries/Bluefruit52Lib/BLECharacteristic.cpp.o
                0x00027dbc                BLECharacteristic::setTempMemory()
 .text._ZN17BLECharacteristic13setPropertiesEh
                0x00027dc2        0x6 /InnerTome/Projects/clouds/arduino/output/libraries/Bluefruit52Lib/BLECharacteristic.cpp.o
                0x00027dc2                BLECharacteristic::setProperties(unsigned char)
 .text._ZN17BLECharacteristic9setMaxLenEt
                0x00027dc8        0x4 /InnerTome/Projects/clouds/arduino/output/libraries/Bluefruit52Lib/BLECharacteristic.cpp.o
                0x00027dc8                BLECharacteristic::setMaxLen(unsigned short)
 .text._ZN17BLECharacteristic11setFixedLenEt
                0x00027dcc       0x18 /InnerTome/Projects/clouds/arduino/output/libraries/Bluefruit52Lib/BLECharacteristic.cpp.o
                0x00027dcc                BLECharacteristic::setFixedLen(unsigned short)
 .text._ZN17BLECharacteristic13setPermissionE15BleSecurityModeS0_
                0x00027de4        0xa /InnerTome/Projects/clouds/arduino/output/libraries/Bluefruit52Lib/BLECharacteristic.cpp.o
                0x00027de4                BLECharacteristic::setPermission(BleSecurityMode, BleSecurityMode)
 .text._ZN17BLECharacteristic16setWriteCallbackEPFvRS_PhttE
                0x00027dee        0x4 /InnerTome/Projects/clouds/arduino/output/libraries/Bluefruit52Lib/BLECharacteristic.cpp.o
                0x00027dee                BLECharacteristic::setWriteCallback(void (*)(BLECharacteristic&, unsigned char*, unsigned short, unsigned short))
 .text._ZN17BLECharacteristic25setWriteAuthorizeCallbackEPFvRS_P21ble_gatts_evt_write_tE
                0x00027df2       0x16 /InnerTome/Projects/clouds/arduino/output/libraries/Bluefruit52Lib/BLECharacteristic.cpp.o
                0x00027df2                BLECharacteristic::setWriteAuthorizeCallback(void (*)(BLECharacteristic&, ble_gatts_evt_write_t*))
 .text._ZN17BLECharacteristic17setUserDescriptorEPKc
                0x00027e08        0x4 /InnerTome/Projects/clouds/arduino/output/libraries/Bluefruit52Lib/BLECharacteristic.cpp.o
                0x00027e08                BLECharacteristic::setUserDescriptor(char const*)
 .text._ZN17BLECharacteristic7handlesEv
                0x00027e0c        0xc /InnerTome/Projects/clouds/arduino/output/libraries/Bluefruit52Lib/BLECharacteristic.cpp.o
                0x00027e0c                BLECharacteristic::handles()
 .text._ZN17BLECharacteristic5writeEPKvt
                0x00027e18       0x54 /InnerTome/Projects/clouds/arduino/output/libraries/Bluefruit52Lib/BLECharacteristic.cpp.o
                0x00027e18                BLECharacteristic::write(void const*, unsigned short)
 .text._ZN17BLECharacteristic5writeEPKc
                0x00027e6c       0x1a /InnerTome/Projects/clouds/arduino/output/libraries/Bluefruit52Lib/BLECharacteristic.cpp.o
                0x00027e6c                BLECharacteristic::write(char const*)
 .text._ZN17BLECharacteristic7write16Et
                0x00027e86       0x16 /InnerTome/Projects/clouds/arduino/output/libraries/Bluefruit52Lib/BLECharacteristic.cpp.o
                0x00027e86                BLECharacteristic::write16(unsigned short)
 .text._ZN17BLECharacteristic7getCccdEv
                0x00027e9c       0x78 /InnerTome/Projects/clouds/arduino/output/libraries/Bluefruit52Lib/BLECharacteristic.cpp.o
                0x00027e9c                BLECharacteristic::getCccd()
 .text._ZN17BLECharacteristic13notifyEnabledEv
                0x00027f14       0x1e /InnerTome/Projects/clouds/arduino/output/libraries/Bluefruit52Lib/BLECharacteristic.cpp.o
                0x00027f14                BLECharacteristic::notifyEnabled()
 *fill*         0x00027f32        0x2 
 .text._ZN17BLECharacteristic6notifyEPKvt
                0x00027f34       0xe4 /InnerTome/Projects/clouds/arduino/output/libraries/Bluefruit52Lib/BLECharacteristic.cpp.o
                0x00027f34                BLECharacteristic::notify(void const*, unsigned short)
 .text.sd_ble_gattc_read
                0x00028018        0x4 /InnerTome/Projects/clouds/arduino/output/libraries/Bluefruit52Lib/BLEClientCharacteristic.cpp.o
 .text.sd_ble_gattc_write
                0x0002801c        0x4 /InnerTome/Projects/clouds/arduino/output/libraries/Bluefruit52Lib/BLEClientCharacteristic.cpp.o
 .text.sd_ble_gattc_hv_confirm
                0x00028020        0x4 /InnerTome/Projects/clouds/arduino/output/libraries/Bluefruit52Lib/BLEClientCharacteristic.cpp.o
 .text._ZL11rtos_mallocj
                0x00028024       0x1e /InnerTome/Projects/clouds/arduino/output/libraries/Bluefruit52Lib/BLEClientCharacteristic.cpp.o
 .text._ZN23BLEClientCharacteristic10disconnectEv
                0x00028042        0x6 /InnerTome/Projects/clouds/arduino/output/libraries/Bluefruit52Lib/BLEClientCharacteristic.cpp.o
                0x00028042                BLEClientCharacteristic::disconnect()
 .text._ZN23BLEClientCharacteristic10connHandleEv
                0x00028048        0x6 /InnerTome/Projects/clouds/arduino/output/libraries/Bluefruit52Lib/BLEClientCharacteristic.cpp.o
                0x00028048                BLEClientCharacteristic::connHandle()
 .text._ZN23BLEClientCharacteristic11valueHandleEv
                0x0002804e        0x4 /InnerTome/Projects/clouds/arduino/output/libraries/Bluefruit52Lib/BLEClientCharacteristic.cpp.o
                0x0002804e                BLEClientCharacteristic::valueHandle()
 *fill*         0x00028052        0x2 
 .text._ZN23BLEClientCharacteristic13_eventHandlerEP9ble_evt_t
                0x00028054      0x210 /InnerTome/Projects/clouds/arduino/output/libraries/Bluefruit52Lib/BLEClientCharacteristic.cpp.o
                0x00028054                BLEClientCharacteristic::_eventHandler(ble_evt_t*)
 .text._ZN16BLEClientService10connHandleEv
                0x00028264        0x4 /InnerTome/Projects/clouds/arduino/output/libraries/Bluefruit52Lib/BLEClientService.cpp.o
                0x00028264                BLEClientService::connHandle()
 .text._ZN12BLEDiscoveryC2Ev
                0x00028268       0x1c /InnerTome/Projects/clouds/arduino/output/libraries/Bluefruit52Lib/BLEDiscovery.cpp.o
                0x00028268                BLEDiscovery::BLEDiscovery()
                0x00028268                BLEDiscovery::BLEDiscovery()
 .text._ZN12BLEDiscovery5beginEv
                0x00028284       0x14 /InnerTome/Projects/clouds/arduino/output/libraries/Bluefruit52Lib/BLEDiscovery.cpp.o
                0x00028284                BLEDiscovery::begin()
 .text._ZN12BLEDiscovery5begunEv
                0x00028298        0x4 /InnerTome/Projects/clouds/arduino/output/libraries/Bluefruit52Lib/BLEDiscovery.cpp.o
                0x00028298                BLEDiscovery::begun()
 .text._ZN12BLEDiscovery14_event_handlerEP9ble_evt_t
                0x0002829c       0xac /InnerTome/Projects/clouds/arduino/output/libraries/Bluefruit52Lib/BLEDiscovery.cpp.o
                0x0002829c                BLEDiscovery::_event_handler(ble_evt_t*)
 .text.sd_ble_gap_addr_get
                0x00028348        0x4 /InnerTome/Projects/clouds/arduino/output/libraries/Bluefruit52Lib/BLEGap.cpp.o
 .text.sd_ble_gap_sec_params_reply
                0x0002834c        0x4 /InnerTome/Projects/clouds/arduino/output/libraries/Bluefruit52Lib/BLEGap.cpp.o
 .text.sd_ble_gap_sec_info_reply
                0x00028350        0x4 /InnerTome/Projects/clouds/arduino/output/libraries/Bluefruit52Lib/BLEGap.cpp.o
 .text.sd_ble_gap_phy_update
                0x00028354        0x4 /InnerTome/Projects/clouds/arduino/output/libraries/Bluefruit52Lib/BLEGap.cpp.o
 .text.sd_ble_gap_data_length_update
                0x00028358        0x4 /InnerTome/Projects/clouds/arduino/output/libraries/Bluefruit52Lib/BLEGap.cpp.o
 .text.sd_ble_gatts_sys_attr_set
                0x0002835c        0x4 /InnerTome/Projects/clouds/arduino/output/libraries/Bluefruit52Lib/BLEGap.cpp.o
 .text.sd_ble_gatts_exchange_mtu_reply
                0x00028360        0x4 /InnerTome/Projects/clouds/arduino/output/libraries/Bluefruit52Lib/BLEGap.cpp.o
 .text._ZN6BLEGapC2Ev
                0x00028364       0x44 /InnerTome/Projects/clouds/arduino/output/libraries/Bluefruit52Lib/BLEGap.cpp.o
                0x00028364                BLEGap::BLEGap()
                0x00028364                BLEGap::BLEGap()
 .text._ZN6BLEGap18getMaxMtuByConnCfgEh
                0x000283a8        0xa /InnerTome/Projects/clouds/arduino/output/libraries/Bluefruit52Lib/BLEGap.cpp.o
                0x000283a8                BLEGap::getMaxMtuByConnCfg(unsigned char)
 .text._ZN6BLEGap7getAddrEPh
                0x000283b2       0x20 /InnerTome/Projects/clouds/arduino/output/libraries/Bluefruit52Lib/BLEGap.cpp.o
                0x000283b2                BLEGap::getAddr(unsigned char*)
 .text._ZN6BLEGap6pairedEt
                0x000283d2        0xa /InnerTome/Projects/clouds/arduino/output/libraries/Bluefruit52Lib/BLEGap.cpp.o
                0x000283d2                BLEGap::paired(unsigned short)
 .text._ZN6BLEGap7getRoleEt
                0x000283dc        0xa /InnerTome/Projects/clouds/arduino/output/libraries/Bluefruit52Lib/BLEGap.cpp.o
                0x000283dc                BLEGap::getRole(unsigned short)
 .text._ZN6BLEGap11getPeerAddrEt
                0x000283e6       0x18 /InnerTome/Projects/clouds/arduino/output/libraries/Bluefruit52Lib/BLEGap.cpp.o
                0x000283e6                BLEGap::getPeerAddr(unsigned short)
 .text._ZN6BLEGap12getHvnPacketEt
                0x000283fe       0x22 /InnerTome/Projects/clouds/arduino/output/libraries/Bluefruit52Lib/BLEGap.cpp.o
                0x000283fe                BLEGap::getHvnPacket(unsigned short)
 .text._ZN6BLEGap6getMTUEt
                0x00028420        0xa /InnerTome/Projects/clouds/arduino/output/libraries/Bluefruit52Lib/BLEGap.cpp.o
                0x00028420                BLEGap::getMTU(unsigned short)
 *fill*         0x0002842a        0x2 
 .text._ZN6BLEGap11getPeerNameEtPct
                0x0002842c       0x38 /InnerTome/Projects/clouds/arduino/output/libraries/Bluefruit52Lib/BLEGap.cpp.o
                0x0002842c                BLEGap::getPeerName(unsigned short, char*, unsigned short)
 .text._ZN6BLEGap13_eventHandlerEP9ble_evt_t
                0x00028464      0x384 /InnerTome/Projects/clouds/arduino/output/libraries/Bluefruit52Lib/BLEGap.cpp.o
                0x00028464                BLEGap::_eventHandler(ble_evt_t*)
 .text.sd_ble_gattc_char_value_by_uuid_read
                0x000287e8        0x4 /InnerTome/Projects/clouds/arduino/output/libraries/Bluefruit52Lib/BLEGatt.cpp.o
 .text._ZN7BLEGattC2Ev
                0x000287ec       0x26 /InnerTome/Projects/clouds/arduino/output/libraries/Bluefruit52Lib/BLEGatt.cpp.o
                0x000287ec                BLEGatt::BLEGatt()
                0x000287ec                BLEGatt::BLEGatt()
 *fill*         0x00028812        0x2 
 .text._ZN7BLEGatt14readCharByUuidEt7BLEUuidPvttt
                0x00028814       0x9c /InnerTome/Projects/clouds/arduino/output/libraries/Bluefruit52Lib/BLEGatt.cpp.o
                0x00028814                BLEGatt::readCharByUuid(unsigned short, BLEUuid, void*, unsigned short, unsigned short, unsigned short)
 .text._ZN7BLEGatt13_eventHandlerEP9ble_evt_t
                0x000288b0      0x21c /InnerTome/Projects/clouds/arduino/output/libraries/Bluefruit52Lib/BLEGatt.cpp.o
                0x000288b0                BLEGatt::_eventHandler(ble_evt_t*)
 .text._ZN7BLEGatt18_addCharacteristicEP17BLECharacteristic
                0x00028acc       0x1c /InnerTome/Projects/clouds/arduino/output/libraries/Bluefruit52Lib/BLEGatt.cpp.o
                0x00028acc                BLEGatt::_addCharacteristic(BLECharacteristic*)
 .text._ZN7BLEGatt11_addServiceEP10BLEService
                0x00028ae8       0x18 /InnerTome/Projects/clouds/arduino/output/libraries/Bluefruit52Lib/BLEGatt.cpp.o
                0x00028ae8                BLEGatt::_addService(BLEService*)
 .text.sd_ble_gap_scan_start
                0x00028b00        0x4 /InnerTome/Projects/clouds/arduino/output/libraries/Bluefruit52Lib/BLEScanner.cpp.o
 .text._ZL11rtos_mallocj
                0x00028b04       0x1e /InnerTome/Projects/clouds/arduino/output/libraries/Bluefruit52Lib/BLEScanner.cpp.o
 .text._ZN10BLEScannerC2Ev
                0x00028b22       0x44 /InnerTome/Projects/clouds/arduino/output/libraries/Bluefruit52Lib/BLEScanner.cpp.o
                0x00028b22                BLEScanner::BLEScanner()
                0x00028b22                BLEScanner::BLEScanner()
 *fill*         0x00028b66        0x2 
 .text._ZN10BLEScanner5startEt
                0x00028b68       0x54 /InnerTome/Projects/clouds/arduino/output/libraries/Bluefruit52Lib/BLEScanner.cpp.o
                0x00028b68                BLEScanner::start(unsigned short)
 .text._ZN10BLEScanner6resumeEv
                0x00028bbc       0x3c /InnerTome/Projects/clouds/arduino/output/libraries/Bluefruit52Lib/BLEScanner.cpp.o
                0x00028bbc                BLEScanner::resume()
 .text._ZN10BLEScanner17parseReportByTypeEPKhhhPhh
                0x00028bf8       0x4a /InnerTome/Projects/clouds/arduino/output/libraries/Bluefruit52Lib/BLEScanner.cpp.o
                0x00028bf8                BLEScanner::parseReportByType(unsigned char const*, unsigned char, unsigned char, unsigned char*, unsigned char)
 .text._ZN10BLEScanner17parseReportByTypeEPK24ble_gap_evt_adv_report_thPhh
                0x00028c42       0x1a /InnerTome/Projects/clouds/arduino/output/libraries/Bluefruit52Lib/BLEScanner.cpp.o
                0x00028c42                BLEScanner::parseReportByType(ble_gap_evt_adv_report_t const*, unsigned char, unsigned char*, unsigned char)
 .text._ZN10BLEScanner18checkReportForUuidEPK24ble_gap_evt_adv_report_t7BLEUuid
                0x00028c5c       0x8a /InnerTome/Projects/clouds/arduino/output/libraries/Bluefruit52Lib/BLEScanner.cpp.o
                0x00028c5c                BLEScanner::checkReportForUuid(ble_gap_evt_adv_report_t const*, BLEUuid)
 *fill*         0x00028ce6        0x2 
 .text._ZN10BLEScanner13_eventHandlerEP9ble_evt_t
                0x00028ce8      0x148 /InnerTome/Projects/clouds/arduino/output/libraries/Bluefruit52Lib/BLEScanner.cpp.o
                0x00028ce8                BLEScanner::_eventHandler(ble_evt_t*)
 .text.sd_ble_gatts_service_add
                0x00028e30        0x4 /InnerTome/Projects/clouds/arduino/output/libraries/Bluefruit52Lib/BLEService.cpp.o
 .text._ZN10BLEService11_connect_cbEv
                0x00028e34        0x2 /InnerTome/Projects/clouds/arduino/output/libraries/Bluefruit52Lib/BLEService.cpp.o
                0x00028e34                BLEService::_disconnect_cb()
                0x00028e34                BLEService::_connect_cb()
 *fill*         0x00028e36        0x2 
 .text._ZN10BLEService5beginEv
                0x00028e38       0x5c /InnerTome/Projects/clouds/arduino/output/libraries/Bluefruit52Lib/BLEService.cpp.o
                0x00028e38                BLEService::begin()
 .text._ZN10BLEServiceC2E7BLEUuid
                0x00028e94       0x28 /InnerTome/Projects/clouds/arduino/output/libraries/Bluefruit52Lib/BLEService.cpp.o
                0x00028e94                BLEService::BLEService(BLEUuid)
                0x00028e94                BLEService::BLEService(BLEUuid)
 .text.sd_ble_uuid_vs_add
                0x00028ebc        0x4 /InnerTome/Projects/clouds/arduino/output/libraries/Bluefruit52Lib/BLEUuid.cpp.o
 .text.sd_ble_uuid_decode
                0x00028ec0        0x4 /InnerTome/Projects/clouds/arduino/output/libraries/Bluefruit52Lib/BLEUuid.cpp.o
 .text._ZN7BLEUuid3setEt
                0x00028ec4        0xc /InnerTome/Projects/clouds/arduino/output/libraries/Bluefruit52Lib/BLEUuid.cpp.o
                0x00028ec4                BLEUuid::set(unsigned short)
 .text._ZN7BLEUuid3setEPKh
                0x00028ed0        0xa /InnerTome/Projects/clouds/arduino/output/libraries/Bluefruit52Lib/BLEUuid.cpp.o
                0x00028ed0                BLEUuid::set(unsigned char const*)
 .text._ZNK7BLEUuid4sizeEv
                0x00028eda       0x1c /InnerTome/Projects/clouds/arduino/output/libraries/Bluefruit52Lib/BLEUuid.cpp.o
                0x00028eda                BLEUuid::size() const
 *fill*         0x00028ef6        0x2 
 .text._ZN7BLEUuid5beginEv
                0x00028ef8       0x4c /InnerTome/Projects/clouds/arduino/output/libraries/Bluefruit52Lib/BLEUuid.cpp.o
                0x00028ef8                BLEUuid::begin()
 .text.sd_evt_get
                0x00028f44        0x4 /InnerTome/Projects/clouds/arduino/output/libraries/Bluefruit52Lib/bluefruit.cpp.o
 .text.sd_softdevice_enable
                0x00028f48        0x4 /InnerTome/Projects/clouds/arduino/output/libraries/Bluefruit52Lib/bluefruit.cpp.o
 .text.sd_ble_gap_conn_param_update
                0x00028f4c        0x4 /InnerTome/Projects/clouds/arduino/output/libraries/Bluefruit52Lib/bluefruit.cpp.o
 .text.sd_ble_gap_disconnect
                0x00028f50        0x4 /InnerTome/Projects/clouds/arduino/output/libraries/Bluefruit52Lib/bluefruit.cpp.o
 .text.sd_ble_gap_tx_power_set
                0x00028f54        0x4 /InnerTome/Projects/clouds/arduino/output/libraries/Bluefruit52Lib/bluefruit.cpp.o
 .text.sd_ble_gap_appearance_set
                0x00028f58        0x4 /InnerTome/Projects/clouds/arduino/output/libraries/Bluefruit52Lib/bluefruit.cpp.o
 .text.sd_ble_gap_ppcp_set
                0x00028f5c        0x4 /InnerTome/Projects/clouds/arduino/output/libraries/Bluefruit52Lib/bluefruit.cpp.o
 .text.sd_ble_gap_device_name_set
                0x00028f60        0x4 /InnerTome/Projects/clouds/arduino/output/libraries/Bluefruit52Lib/bluefruit.cpp.o
 .text.sd_ble_gap_device_name_get
                0x00028f64        0x4 /InnerTome/Projects/clouds/arduino/output/libraries/Bluefruit52Lib/bluefruit.cpp.o
 .text.sd_ble_gatts_sys_attr_set
                0x00028f68        0x4 /InnerTome/Projects/clouds/arduino/output/libraries/Bluefruit52Lib/bluefruit.cpp.o
 .text.sd_ble_enable
                0x00028f6c        0x4 /InnerTome/Projects/clouds/arduino/output/libraries/Bluefruit52Lib/bluefruit.cpp.o
 .text.sd_ble_cfg_set
                0x00028f70        0x4 /InnerTome/Projects/clouds/arduino/output/libraries/Bluefruit52Lib/bluefruit.cpp.o
 .text.sd_ble_evt_get
                0x00028f74        0x4 /InnerTome/Projects/clouds/arduino/output/libraries/Bluefruit52Lib/bluefruit.cpp.o
 .text.sd_ble_opt_set
                0x00028f78        0x4 /InnerTome/Projects/clouds/arduino/output/libraries/Bluefruit52Lib/bluefruit.cpp.o
 .text._ZL12nrf_error_cbmmm
                0x00028f7c       0xa0 /InnerTome/Projects/clouds/arduino/output/libraries/Bluefruit52Lib/bluefruit.cpp.o
 .text._ZL19bluefruit_blinky_cbPv
                0x0002901c        0x6 /InnerTome/Projects/clouds/arduino/output/libraries/Bluefruit52Lib/bluefruit.cpp.o
 *fill*         0x00029022        0x2 
 .text._Z17adafruit_soc_taskPv
                0x00029024       0x78 /InnerTome/Projects/clouds/arduino/output/libraries/Bluefruit52Lib/bluefruit.cpp.o
                0x00029024                adafruit_soc_task(void*)
 .text._ZL11rtos_mallocj
                0x0002909c       0x1e /InnerTome/Projects/clouds/arduino/output/libraries/Bluefruit52Lib/bluefruit.cpp.o
 .text._ZN17AdafruitBluefruitC2Ev
                0x000290ba       0xa8 /InnerTome/Projects/clouds/arduino/output/libraries/Bluefruit52Lib/bluefruit.cpp.o
                0x000290ba                AdafruitBluefruit::AdafruitBluefruit()
                0x000290ba                AdafruitBluefruit::AdafruitBluefruit()
 *fill*         0x00029162        0x2 
 .text._ZN17AdafruitBluefruit5beginEhh
                0x00029164      0x38c /InnerTome/Projects/clouds/arduino/output/libraries/Bluefruit52Lib/bluefruit.cpp.o
                0x00029164                AdafruitBluefruit::begin(unsigned char, unsigned char)
 .text._ZN17AdafruitBluefruit7setNameEPKc
                0x000294f0       0x28 /InnerTome/Projects/clouds/arduino/output/libraries/Bluefruit52Lib/bluefruit.cpp.o
                0x000294f0                AdafruitBluefruit::setName(char const*)
 .text._ZN17AdafruitBluefruit7getNameEPct
                0x00029518       0x44 /InnerTome/Projects/clouds/arduino/output/libraries/Bluefruit52Lib/bluefruit.cpp.o
                0x00029518                AdafruitBluefruit::getName(char*, unsigned short)
 .text._ZN17AdafruitBluefruit10setTxPowerEa
                0x0002955c       0x74 /InnerTome/Projects/clouds/arduino/output/libraries/Bluefruit52Lib/bluefruit.cpp.o
                0x0002955c                AdafruitBluefruit::setTxPower(signed char)
 .text._ZN17AdafruitBluefruit10getTxPowerEv
                0x000295d0        0x6 /InnerTome/Projects/clouds/arduino/output/libraries/Bluefruit52Lib/bluefruit.cpp.o
                0x000295d0                AdafruitBluefruit::getTxPower()
 .text._ZN17AdafruitBluefruit18setConnLedIntervalEm
                0x000295d6       0x3e /InnerTome/Projects/clouds/arduino/output/libraries/Bluefruit52Lib/bluefruit.cpp.o
                0x000295d6                AdafruitBluefruit::setConnLedInterval(unsigned long)
 .text._ZN17AdafruitBluefruit9connectedEv
                0x00029614       0x10 /InnerTome/Projects/clouds/arduino/output/libraries/Bluefruit52Lib/bluefruit.cpp.o
                0x00029614                AdafruitBluefruit::connected()
 .text._ZN17AdafruitBluefruit10disconnectEv
                0x00029624       0x20 /InnerTome/Projects/clouds/arduino/output/libraries/Bluefruit52Lib/bluefruit.cpp.o
                0x00029624                AdafruitBluefruit::disconnect()
 .text._ZN17AdafruitBluefruit18setConnectCallbackEPFvtE
                0x00029644        0x6 /InnerTome/Projects/clouds/arduino/output/libraries/Bluefruit52Lib/bluefruit.cpp.o
                0x00029644                AdafruitBluefruit::setConnectCallback(void (*)(unsigned short))
 .text._ZN17AdafruitBluefruit10connHandleEv
                0x0002964a        0x6 /InnerTome/Projects/clouds/arduino/output/libraries/Bluefruit52Lib/bluefruit.cpp.o
                0x0002964a                AdafruitBluefruit::connHandle()
 .text._ZN17AdafruitBluefruit10connPairedEv
                0x00029650       0x14 /InnerTome/Projects/clouds/arduino/output/libraries/Bluefruit52Lib/bluefruit.cpp.o
                0x00029650                AdafruitBluefruit::connPaired()
 .text._ZN17AdafruitBluefruit12connIntervalEv
                0x00029664        0x6 /InnerTome/Projects/clouds/arduino/output/libraries/Bluefruit52Lib/bluefruit.cpp.o
                0x00029664                AdafruitBluefruit::connInterval()
 *fill*         0x0002966a        0x2 
 .text.SWI2_EGU2_IRQHandler
                0x0002966c       0x20 /InnerTome/Projects/clouds/arduino/output/libraries/Bluefruit52Lib/bluefruit.cpp.o
                0x0002966c                SWI2_EGU2_IRQHandler
 .text._ZN17AdafruitBluefruit12_ble_handlerEP9ble_evt_t
                0x0002968c      0x1a8 /InnerTome/Projects/clouds/arduino/output/libraries/Bluefruit52Lib/bluefruit.cpp.o
                0x0002968c                AdafruitBluefruit::_ble_handler(ble_evt_t*)
 .text._Z17adafruit_ble_taskPv
                0x00029834       0x48 /InnerTome/Projects/clouds/arduino/output/libraries/Bluefruit52Lib/bluefruit.cpp.o
                0x00029834                adafruit_ble_task(void*)
 .text._ZN17AdafruitBluefruit13_startConnLedEv
                0x0002987c       0x22 /InnerTome/Projects/clouds/arduino/output/libraries/Bluefruit52Lib/bluefruit.cpp.o
                0x0002987c                AdafruitBluefruit::_startConnLed()
 .text._ZN17AdafruitBluefruit12_stopConnLedEv
                0x0002989e       0x18 /InnerTome/Projects/clouds/arduino/output/libraries/Bluefruit52Lib/bluefruit.cpp.o
                0x0002989e                AdafruitBluefruit::_stopConnLed()
 .text._ZN17AdafruitBluefruit11_setConnLedEb
                0x000298b6        0xe /InnerTome/Projects/clouds/arduino/output/libraries/Bluefruit52Lib/bluefruit.cpp.o
                0x000298b6                AdafruitBluefruit::_setConnLed(bool)
 .text._ZN17AdafruitBluefruit9printInfoEv
                0x000298c4      0x394 /InnerTome/Projects/clouds/arduino/output/libraries/Bluefruit52Lib/bluefruit.cpp.o
                0x000298c4                AdafruitBluefruit::printInfo()
 .text._Z19Bluefruit_printInfov
                0x00029c58        0xc /InnerTome/Projects/clouds/arduino/output/libraries/Bluefruit52Lib/bluefruit.cpp.o
                0x00029c58                Bluefruit_printInfo()
 .text.startup._GLOBAL__sub_I_Bluefruit
                0x00029c64       0x24 /InnerTome/Projects/clouds/arduino/output/libraries/Bluefruit52Lib/bluefruit.cpp.o
 .text._ZN17AdafruitBluefruitD2Ev
                0x00029c88       0x1c /InnerTome/Projects/clouds/arduino/output/libraries/Bluefruit52Lib/bluefruit.cpp.o
                0x00029c88                AdafruitBluefruit::~AdafruitBluefruit()
                0x00029c88                AdafruitBluefruit::~AdafruitBluefruit()
 .text.sd_power_gpregret_set
                0x00029ca4        0x4 /InnerTome/Projects/clouds/arduino/output/libraries/Bluefruit52Lib/services/BLEDfu.cpp.o
 .text.sd_power_gpregret_clr
                0x00029ca8        0x4 /InnerTome/Projects/clouds/arduino/output/libraries/Bluefruit52Lib/services/BLEDfu.cpp.o
 .text.sd_softdevice_disable
                0x00029cac        0x4 /InnerTome/Projects/clouds/arduino/output/libraries/Bluefruit52Lib/services/BLEDfu.cpp.o
 .text.sd_softdevice_vector_table_base_set
                0x00029cb0        0x4 /InnerTome/Projects/clouds/arduino/output/libraries/Bluefruit52Lib/services/BLEDfu.cpp.o
 .text.sd_ble_gatts_rw_authorize_reply
                0x00029cb4        0x4 /InnerTome/Projects/clouds/arduino/output/libraries/Bluefruit52Lib/services/BLEDfu.cpp.o
 .text.sd_ble_gatts_sys_attr_get
                0x00029cb8        0x4 /InnerTome/Projects/clouds/arduino/output/libraries/Bluefruit52Lib/services/BLEDfu.cpp.o
 .text._ZL30bledfu_control_wr_authorize_cbR17BLECharacteristicP21ble_gatts_evt_write_t
                0x00029cbc      0x1dc /InnerTome/Projects/clouds/arduino/output/libraries/Bluefruit52Lib/services/BLEDfu.cpp.o
 .text._ZN6BLEDfuC2Ev
                0x00029e98       0x44 /InnerTome/Projects/clouds/arduino/output/libraries/Bluefruit52Lib/services/BLEDfu.cpp.o
                0x00029e98                BLEDfu::BLEDfu()
                0x00029e98                BLEDfu::BLEDfu()
 .text._ZN6BLEDfu5beginEv
                0x00029edc      0x120 /InnerTome/Projects/clouds/arduino/output/libraries/Bluefruit52Lib/services/BLEDfu.cpp.o
                0x00029edc                BLEDfu::begin()
 .text._ZN6BLEDisC2Ev
                0x00029ffc       0x48 /InnerTome/Projects/clouds/arduino/output/libraries/Bluefruit52Lib/services/BLEDis.cpp.o
                0x00029ffc                BLEDis::BLEDis()
                0x00029ffc                BLEDis::BLEDis()
 .text._ZN6BLEDis8setModelEPKc
                0x0002a044        0x4 /InnerTome/Projects/clouds/arduino/output/libraries/Bluefruit52Lib/services/BLEDis.cpp.o
                0x0002a044                BLEDis::setModel(char const*)
 .text._ZN6BLEDis15setManufacturerEPKc
                0x0002a048        0x4 /InnerTome/Projects/clouds/arduino/output/libraries/Bluefruit52Lib/services/BLEDis.cpp.o
                0x0002a048                BLEDis::setManufacturer(char const*)
 .text._ZN6BLEDis5beginEv
                0x0002a04c       0xcc /InnerTome/Projects/clouds/arduino/output/libraries/Bluefruit52Lib/services/BLEDis.cpp.o
                0x0002a04c                BLEDis::begin()
 .text._ZN7BLEUart4readEv
                0x0002a118       0x20 /InnerTome/Projects/clouds/arduino/output/libraries/Bluefruit52Lib/services/BLEUart.cpp.o
                0x0002a118                BLEUart::read()
 .text._ZThn16_N7BLEUart4readEv
                0x0002a138        0x8 /InnerTome/Projects/clouds/arduino/output/libraries/Bluefruit52Lib/services/BLEUart.cpp.o
                0x0002a138                non-virtual thunk to BLEUart::read()
 .text._ZN7BLEUart5writeEh
                0x0002a140       0x16 /InnerTome/Projects/clouds/arduino/output/libraries/Bluefruit52Lib/services/BLEUart.cpp.o
                0x0002a140                BLEUart::write(unsigned char)
 .text._ZThn16_N7BLEUart5writeEh
                0x0002a156        0x8 /InnerTome/Projects/clouds/arduino/output/libraries/Bluefruit52Lib/services/BLEUart.cpp.o
                0x0002a156                non-virtual thunk to BLEUart::write(unsigned char)
 .text._ZN7BLEUart9availableEv
                0x0002a15e        0xa /InnerTome/Projects/clouds/arduino/output/libraries/Bluefruit52Lib/services/BLEUart.cpp.o
                0x0002a15e                BLEUart::available()
 .text._ZThn16_N7BLEUart9availableEv
                0x0002a168        0x8 /InnerTome/Projects/clouds/arduino/output/libraries/Bluefruit52Lib/services/BLEUart.cpp.o
                0x0002a168                non-virtual thunk to BLEUart::available()
 .text._Z14bleuart_rxd_cbR17BLECharacteristicPhtt
                0x0002a170       0x26 /InnerTome/Projects/clouds/arduino/output/libraries/Bluefruit52Lib/services/BLEUart.cpp.o
                0x0002a170                bleuart_rxd_cb(BLECharacteristic&, unsigned char*, unsigned short, unsigned short)
 .text._ZN7BLEUart14_disconnect_cbEv
                0x0002a196       0x30 /InnerTome/Projects/clouds/arduino/output/libraries/Bluefruit52Lib/services/BLEUart.cpp.o
                0x0002a196                BLEUart::_disconnect_cb()
 .text._ZN7BLEUart5flushEv
                0x0002a1c6        0x8 /InnerTome/Projects/clouds/arduino/output/libraries/Bluefruit52Lib/services/BLEUart.cpp.o
                0x0002a1c6                BLEUart::flush()
 .text._ZThn16_N7BLEUart5flushEv
                0x0002a1ce        0x8 /InnerTome/Projects/clouds/arduino/output/libraries/Bluefruit52Lib/services/BLEUart.cpp.o
                0x0002a1ce                non-virtual thunk to BLEUart::flush()
 .text._ZN7BLEUart4readEPhj
                0x0002a1d6        0xe /InnerTome/Projects/clouds/arduino/output/libraries/Bluefruit52Lib/services/BLEUart.cpp.o
                0x0002a1d6                BLEUart::read(unsigned char*, unsigned int)
 .text._ZN7BLEUart4peekEv
                0x0002a1e4       0x20 /InnerTome/Projects/clouds/arduino/output/libraries/Bluefruit52Lib/services/BLEUart.cpp.o
                0x0002a1e4                BLEUart::peek()
 .text._ZThn16_N7BLEUart4peekEv
                0x0002a204        0x8 /InnerTome/Projects/clouds/arduino/output/libraries/Bluefruit52Lib/services/BLEUart.cpp.o
                0x0002a204                non-virtual thunk to BLEUart::peek()
 .text._ZN7BLEUart11_connect_cbEv
                0x0002a20c       0x3c /InnerTome/Projects/clouds/arduino/output/libraries/Bluefruit52Lib/services/BLEUart.cpp.o
                0x0002a20c                BLEUart::_connect_cb()
 .text._ZN7BLEUartC2Et
                0x0002a248       0x84 /InnerTome/Projects/clouds/arduino/output/libraries/Bluefruit52Lib/services/BLEUart.cpp.o
                0x0002a248                BLEUart::BLEUart(unsigned short)
                0x0002a248                BLEUart::BLEUart(unsigned short)
 .text._ZN7BLEUart17flush_tx_bufferedEv
                0x0002a2cc       0x6c /InnerTome/Projects/clouds/arduino/output/libraries/Bluefruit52Lib/services/BLEUart.cpp.o
                0x0002a2cc                BLEUart::flush_tx_buffered()
 .text._Z25bleuart_txd_buffered_hdlrPv
                0x0002a338       0x16 /InnerTome/Projects/clouds/arduino/output/libraries/Bluefruit52Lib/services/BLEUart.cpp.o
                0x0002a338                bleuart_txd_buffered_hdlr(void*)
 *fill*         0x0002a34e        0x2 
 .text._ZN7BLEUart5writeEPKhj
                0x0002a350       0x94 /InnerTome/Projects/clouds/arduino/output/libraries/Bluefruit52Lib/services/BLEUart.cpp.o
                0x0002a350                BLEUart::write(unsigned char const*, unsigned int)
 .text._ZThn16_N7BLEUart5writeEPKhj
                0x0002a3e4        0x8 /InnerTome/Projects/clouds/arduino/output/libraries/Bluefruit52Lib/services/BLEUart.cpp.o
                0x0002a3e4                non-virtual thunk to BLEUart::write(unsigned char const*, unsigned int)
 .text._ZN7BLEUartD2Ev
                0x0002a3ec       0x30 /InnerTome/Projects/clouds/arduino/output/libraries/Bluefruit52Lib/services/BLEUart.cpp.o
                0x0002a3ec                BLEUart::~BLEUart()
                0x0002a3ec                BLEUart::~BLEUart()
 .text._ZN7BLEUartD0Ev
                0x0002a41c       0x12 /InnerTome/Projects/clouds/arduino/output/libraries/Bluefruit52Lib/services/BLEUart.cpp.o
                0x0002a41c                BLEUart::~BLEUart()
 *fill*         0x0002a42e        0x2 
 .text._ZN7BLEUart5beginEv
                0x0002a430       0xf0 /InnerTome/Projects/clouds/arduino/output/libraries/Bluefruit52Lib/services/BLEUart.cpp.o
                0x0002a430                BLEUart::begin()
 .text._ZN6AdaMsg5_initEv
                0x0002a520       0x12 /InnerTome/Projects/clouds/arduino/output/libraries/Bluefruit52Lib/utility/AdaMsg.cpp.o
                0x0002a520                AdaMsg::_init()
 .text._ZN6AdaMsgC2Ev
                0x0002a532        0x8 /InnerTome/Projects/clouds/arduino/output/libraries/Bluefruit52Lib/utility/AdaMsg.cpp.o
                0x0002a532                AdaMsg::AdaMsg()
                0x0002a532                AdaMsg::AdaMsg()
 .text._ZN6AdaMsg5beginEb
                0x0002a53a       0x12 /InnerTome/Projects/clouds/arduino/output/libraries/Bluefruit52Lib/utility/AdaMsg.cpp.o
                0x0002a53a                AdaMsg::begin(bool)
 .text._ZN6AdaMsg4stopEv
                0x0002a54c       0x18 /InnerTome/Projects/clouds/arduino/output/libraries/Bluefruit52Lib/utility/AdaMsg.cpp.o
                0x0002a54c                AdaMsg::stop()
 .text._ZN6AdaMsg7prepareEPvt
                0x0002a564        0xa /InnerTome/Projects/clouds/arduino/output/libraries/Bluefruit52Lib/utility/AdaMsg.cpp.o
                0x0002a564                AdaMsg::prepare(void*, unsigned short)
 .text._ZN6AdaMsg17waitUntilCompleteEm
                0x0002a56e       0x54 /InnerTome/Projects/clouds/arduino/output/libraries/Bluefruit52Lib/utility/AdaMsg.cpp.o
                0x0002a56e                AdaMsg::waitUntilComplete(unsigned long)
 .text._ZN6AdaMsg9isWaitingEv
                0x0002a5c2        0x4 /InnerTome/Projects/clouds/arduino/output/libraries/Bluefruit52Lib/utility/AdaMsg.cpp.o
                0x0002a5c2                AdaMsg::isWaiting()
 .text._ZN6AdaMsg4feedEPvt
                0x0002a5c6       0x30 /InnerTome/Projects/clouds/arduino/output/libraries/Bluefruit52Lib/utility/AdaMsg.cpp.o
                0x0002a5c6                AdaMsg::feed(void*, unsigned short)
 .text._ZN6AdaMsg8completeEv
                0x0002a5f6       0x10 /InnerTome/Projects/clouds/arduino/output/libraries/Bluefruit52Lib/utility/AdaMsg.cpp.o
                0x0002a5f6                AdaMsg::complete()
 .text.sd_ble_gatts_sys_attr_set
                0x0002a606        0x4 /InnerTome/Projects/clouds/arduino/output/libraries/Bluefruit52Lib/utility/bonding.cpp.o
 .text.sd_ble_gatts_sys_attr_get
                0x0002a60a        0x4 /InnerTome/Projects/clouds/arduino/output/libraries/Bluefruit52Lib/utility/bonding.cpp.o
 *fill*         0x0002a60e        0x2 
 .text._ZL9get_fnamePcht
                0x0002a610       0x20 /InnerTome/Projects/clouds/arduino/output/libraries/Bluefruit52Lib/utility/bonding.cpp.o
 .text._ZL11rtos_mallocj
                0x0002a630       0x1e /InnerTome/Projects/clouds/arduino/output/libraries/Bluefruit52Lib/utility/bonding.cpp.o
 *fill*         0x0002a64e        0x2 
 .text._Z14bond_save_keyshtP11bond_keys_t
                0x0002a650       0x54 /InnerTome/Projects/clouds/arduino/output/libraries/Bluefruit52Lib/utility/bonding.cpp.o
                0x0002a650                bond_save_keys(unsigned char, unsigned short, bond_keys_t*)
 .text._Z14bond_save_cccdhtt
                0x0002a6a4       0x50 /InnerTome/Projects/clouds/arduino/output/libraries/Bluefruit52Lib/utility/bonding.cpp.o
                0x0002a6a4                bond_save_cccd(unsigned char, unsigned short, unsigned short)
 .text._Z9bond_initv
                0x0002a6f4       0x40 /InnerTome/Projects/clouds/arduino/output/libraries/Bluefruit52Lib/utility/bonding.cpp.o
                0x0002a6f4                bond_init()
 .text._Z14bond_load_keyshtP11bond_keys_t
                0x0002a734       0x54 /InnerTome/Projects/clouds/arduino/output/libraries/Bluefruit52Lib/utility/bonding.cpp.o
                0x0002a734                bond_load_keys(unsigned char, unsigned short, bond_keys_t*)
 .text._ZL16bdata_skip_fieldPN11BluefruitFS4FileE.constprop.1
                0x0002a788       0x22 /InnerTome/Projects/clouds/arduino/output/libraries/Bluefruit52Lib/utility/bonding.cpp.o
 *fill*         0x0002a7aa        0x2 
 .text._Z15bond_print_listh
                0x0002a7ac       0xe8 /InnerTome/Projects/clouds/arduino/output/libraries/Bluefruit52Lib/utility/bonding.cpp.o
                0x0002a7ac                bond_print_list(unsigned char)
 .text._Z14bond_load_cccdhtt
                0x0002a894       0xc4 /InnerTome/Projects/clouds/arduino/output/libraries/Bluefruit52Lib/utility/bonding.cpp.o
                0x0002a894                bond_load_cccd(unsigned char, unsigned short, unsigned short)
 .text._ZL11bdata_writePN11BluefruitFS4FileEPKvt.constprop.0
                0x0002a958       0x1c /InnerTome/Projects/clouds/arduino/output/libraries/Bluefruit52Lib/utility/bonding.cpp.o
 .text._ZL18bond_save_cccd_dfrhtt
                0x0002a974       0xd0 /InnerTome/Projects/clouds/arduino/output/libraries/Bluefruit52Lib/utility/bonding.cpp.o
 .text._ZL18bond_save_keys_dfrhtP11bond_keys_t
                0x0002aa44       0xbc /InnerTome/Projects/clouds/arduino/output/libraries/Bluefruit52Lib/utility/bonding.cpp.o
 .text.bootloader_util_reset
                0x0002ab00       0x3c /InnerTome/Projects/clouds/arduino/output/libraries/Bluefruit52Lib/utility/bootloader_util.c.o
 .text.bootloader_util_app_start
                0x0002ab3c        0x4 /InnerTome/Projects/clouds/arduino/output/libraries/Bluefruit52Lib/utility/bootloader_util.c.o
                0x0002ab3c                bootloader_util_app_start
 .text._ZN11BluefruitFS4FileD2Ev
                0x0002ab40        0x2 /InnerTome/Projects/clouds/arduino/output/libraries/FileSystem/Bluefruit_FileIO.cpp.o
                0x0002ab40                BluefruitFS::File::~File()
                0x0002ab40                BluefruitFS::File::~File()
 .text._ZN11BluefruitFS4File5writeEh
                0x0002ab42       0x20 /InnerTome/Projects/clouds/arduino/output/libraries/FileSystem/Bluefruit_FileIO.cpp.o
                0x0002ab42                BluefruitFS::File::write(unsigned char)
 .text._ZN11BluefruitFS4FileD0Ev
                0x0002ab62        0xc /InnerTome/Projects/clouds/arduino/output/libraries/FileSystem/Bluefruit_FileIO.cpp.o
                0x0002ab62                BluefruitFS::File::~File()
 .text._ZL9rtos_freePv
                0x0002ab6e       0x1e /InnerTome/Projects/clouds/arduino/output/libraries/FileSystem/Bluefruit_FileIO.cpp.o
 .text._ZN11BluefruitFS4File5flushEv
                0x0002ab8c       0x12 /InnerTome/Projects/clouds/arduino/output/libraries/FileSystem/Bluefruit_FileIO.cpp.o
                0x0002ab8c                BluefruitFS::File::flush()
 .text._ZN11BluefruitFS4File5writeEPKhj
                0x0002ab9e       0x20 /InnerTome/Projects/clouds/arduino/output/libraries/FileSystem/Bluefruit_FileIO.cpp.o
                0x0002ab9e                BluefruitFS::File::write(unsigned char const*, unsigned int)
 *fill*         0x0002abbe        0x2 
 .text._ZN11BluefruitFS4FileC2ERNS_15FileSystemClassE
                0x0002abc0       0x20 /InnerTome/Projects/clouds/arduino/output/libraries/FileSystem/Bluefruit_FileIO.cpp.o
                0x0002abc0                BluefruitFS::File::File(BluefruitFS::FileSystemClass&)
                0x0002abc0                BluefruitFS::File::File(BluefruitFS::FileSystemClass&)
 .text._ZN11BluefruitFS4File4readEPvt
                0x0002abe0       0x20 /InnerTome/Projects/clouds/arduino/output/libraries/FileSystem/Bluefruit_FileIO.cpp.o
                0x0002abe0                BluefruitFS::File::read(void*, unsigned short)
 .text._ZN11BluefruitFS4File4readEv
                0x0002ac00       0x24 /InnerTome/Projects/clouds/arduino/output/libraries/FileSystem/Bluefruit_FileIO.cpp.o
                0x0002ac00                BluefruitFS::File::read()
 .text._ZN11BluefruitFS4File4seekEm
                0x0002ac24       0x22 /InnerTome/Projects/clouds/arduino/output/libraries/FileSystem/Bluefruit_FileIO.cpp.o
                0x0002ac24                BluefruitFS::File::seek(unsigned long)
 .text._ZN11BluefruitFS4File8positionEv
                0x0002ac46       0x14 /InnerTome/Projects/clouds/arduino/output/libraries/FileSystem/Bluefruit_FileIO.cpp.o
                0x0002ac46                BluefruitFS::File::position()
 .text._ZN11BluefruitFS4File4peekEv
                0x0002ac5a       0x2e /InnerTome/Projects/clouds/arduino/output/libraries/FileSystem/Bluefruit_FileIO.cpp.o
                0x0002ac5a                BluefruitFS::File::peek()
 .text._ZN11BluefruitFS4File4sizeEv
                0x0002ac88       0x14 /InnerTome/Projects/clouds/arduino/output/libraries/FileSystem/Bluefruit_FileIO.cpp.o
                0x0002ac88                BluefruitFS::File::size()
 .text._ZN11BluefruitFS4File9availableEv
                0x0002ac9c       0x14 /InnerTome/Projects/clouds/arduino/output/libraries/FileSystem/Bluefruit_FileIO.cpp.o
                0x0002ac9c                BluefruitFS::File::available()
 .text._ZN11BluefruitFS4File5closeEv
                0x0002acb0       0x28 /InnerTome/Projects/clouds/arduino/output/libraries/FileSystem/Bluefruit_FileIO.cpp.o
                0x0002acb0                BluefruitFS::File::close()
 .text._ZN11BluefruitFS4FileaSERKS0_
                0x0002acd8       0x26 /InnerTome/Projects/clouds/arduino/output/libraries/FileSystem/Bluefruit_FileIO.cpp.o
                0x0002acd8                BluefruitFS::File::operator=(BluefruitFS::File const&)
 .text._ZN11BluefruitFS4File4openEPKch
                0x0002acfe       0x34 /InnerTome/Projects/clouds/arduino/output/libraries/FileSystem/Bluefruit_FileIO.cpp.o
                0x0002acfe                BluefruitFS::File::open(char const*, unsigned char)
 *fill*         0x0002ad32        0x2 
 .text._ZN11BluefruitFS4FileC2EPKchRNS_15FileSystemClassE
                0x0002ad34       0x28 /InnerTome/Projects/clouds/arduino/output/libraries/FileSystem/Bluefruit_FileIO.cpp.o
                0x0002ad34                BluefruitFS::File::File(char const*, unsigned char, BluefruitFS::FileSystemClass&)
                0x0002ad34                BluefruitFS::File::File(char const*, unsigned char, BluefruitFS::FileSystemClass&)
 .text._ZN11BluefruitFS4FilecvbEv
                0x0002ad5c        0xa /InnerTome/Projects/clouds/arduino/output/libraries/FileSystem/Bluefruit_FileIO.cpp.o
                0x0002ad5c                BluefruitFS::File::operator bool()
 .text._ZN11BluefruitFS4File4nameEv
                0x0002ad66       0x16 /InnerTome/Projects/clouds/arduino/output/libraries/FileSystem/Bluefruit_FileIO.cpp.o
                0x0002ad66                BluefruitFS::File::name()
 .text._ZN11BluefruitFS4File11isDirectoryEv
                0x0002ad7c        0x4 /InnerTome/Projects/clouds/arduino/output/libraries/FileSystem/Bluefruit_FileIO.cpp.o
                0x0002ad7c                BluefruitFS::File::isDirectory()
 .text._ZN11BluefruitFS4File12openNextFileEh
                0x0002ad80       0x26 /InnerTome/Projects/clouds/arduino/output/libraries/FileSystem/Bluefruit_FileIO.cpp.o
                0x0002ad80                BluefruitFS::File::openNextFile(unsigned char)
 .text._ZN8LittleFSD2Ev
                0x0002ada6        0x2 /InnerTome/Projects/clouds/arduino/output/libraries/FileSystem/InternalFS.cpp.o
                0x0002ada6                LittleFS::~LittleFS()
                0x0002ada6                LittleFS::~LittleFS()
 .text._ZL12_iflash_syncPK10lfs_config
                0x0002ada8        0xa /InnerTome/Projects/clouds/arduino/output/libraries/FileSystem/InternalFS.cpp.o
 .text._ZL12_iflash_progPK10lfs_configmmPKvm
                0x0002adb2       0x16 /InnerTome/Projects/clouds/arduino/output/libraries/FileSystem/InternalFS.cpp.o
 .text._ZL12_iflash_readPK10lfs_configmmPvm
                0x0002adc8       0x16 /InnerTome/Projects/clouds/arduino/output/libraries/FileSystem/InternalFS.cpp.o
 .text._ZN8LittleFSD0Ev
                0x0002adde        0xc /InnerTome/Projects/clouds/arduino/output/libraries/FileSystem/InternalFS.cpp.o
                0x0002adde                LittleFS::~LittleFS()
 .text._ZN8LittleFS7_f_seekEPvm
                0x0002adea       0x10 /InnerTome/Projects/clouds/arduino/output/libraries/FileSystem/InternalFS.cpp.o
                0x0002adea                LittleFS::_f_seek(void*, unsigned long)
 .text._ZL9rtos_freePv
                0x0002adfa       0x1e /InnerTome/Projects/clouds/arduino/output/libraries/FileSystem/InternalFS.cpp.o
 .text._ZL11rtos_mallocj
                0x0002ae18       0x1e /InnerTome/Projects/clouds/arduino/output/libraries/FileSystem/InternalFS.cpp.o
 .text._ZN8LittleFS6existsEPKc
                0x0002ae36       0x18 /InnerTome/Projects/clouds/arduino/output/libraries/FileSystem/InternalFS.cpp.o
                0x0002ae36                LittleFS::exists(char const*)
 .text._ZN8LittleFS8_f_writeEPvPKhj
                0x0002ae4e        0xe /InnerTome/Projects/clouds/arduino/output/libraries/FileSystem/InternalFS.cpp.o
                0x0002ae4e                LittleFS::_f_write(void*, unsigned char const*, unsigned int)
 .text._ZN8LittleFS7_f_readEPvS0_t
                0x0002ae5c        0x6 /InnerTome/Projects/clouds/arduino/output/libraries/FileSystem/InternalFS.cpp.o
                0x0002ae5c                LittleFS::_f_read(void*, void*, unsigned short)
 .text._ZN8LittleFS11_f_positionEPv
                0x0002ae62        0x6 /InnerTome/Projects/clouds/arduino/output/libraries/FileSystem/InternalFS.cpp.o
                0x0002ae62                LittleFS::_f_position(void*)
 .text._ZN8LittleFS7_f_sizeEPv
                0x0002ae68        0x6 /InnerTome/Projects/clouds/arduino/output/libraries/FileSystem/InternalFS.cpp.o
                0x0002ae68                LittleFS::_f_size(void*)
 .text._ZN8LittleFS8_f_closeEPvb
                0x0002ae6e        0xc /InnerTome/Projects/clouds/arduino/output/libraries/FileSystem/InternalFS.cpp.o
                0x0002ae6e                LittleFS::_f_close(void*, bool)
 *fill*         0x0002ae7a        0x2 
 .text._ZL14dbg_strerr_lfsl
                0x0002ae7c       0xc0 /InnerTome/Projects/clouds/arduino/output/libraries/FileSystem/InternalFS.cpp.o
 .text._ZN8LittleFS6formatEb
                0x0002af3c       0x74 /InnerTome/Projects/clouds/arduino/output/libraries/FileSystem/InternalFS.cpp.o
                0x0002af3c                LittleFS::format(bool)
 .text._ZN8LittleFS5mkdirEPKc
                0x0002afb0       0xd0 /InnerTome/Projects/clouds/arduino/output/libraries/FileSystem/InternalFS.cpp.o
                0x0002afb0                LittleFS::mkdir(char const*)
 .text._ZN8LittleFS6removeEPKc
                0x0002b080       0x38 /InnerTome/Projects/clouds/arduino/output/libraries/FileSystem/InternalFS.cpp.o
                0x0002b080                LittleFS::remove(char const*)
 .text._ZN8LittleFS5rmdirEPKc
                0x0002b0b8       0x34 /InnerTome/Projects/clouds/arduino/output/libraries/FileSystem/InternalFS.cpp.o
                0x0002b0b8                LittleFS::rmdir(char const*)
 .text._ZN8LittleFS7rmdir_rEPKc
                0x0002b0ec       0x34 /InnerTome/Projects/clouds/arduino/output/libraries/FileSystem/InternalFS.cpp.o
                0x0002b0ec                LittleFS::rmdir_r(char const*)
 .text._ZN8LittleFS8_f_flushEPv
                0x0002b120       0x38 /InnerTome/Projects/clouds/arduino/output/libraries/FileSystem/InternalFS.cpp.o
                0x0002b120                LittleFS::_f_flush(void*)
 .text._ZN8LittleFS18_f_rewindDirectoryEPv
                0x0002b158       0x38 /InnerTome/Projects/clouds/arduino/output/libraries/FileSystem/InternalFS.cpp.o
                0x0002b158                LittleFS::_f_rewindDirectory(void*)
 .text._ZN8LittleFS5beginEv
                0x0002b190       0x4c /InnerTome/Projects/clouds/arduino/output/libraries/FileSystem/InternalFS.cpp.o
                0x0002b190                LittleFS::begin()
 .text._ZL13_iflash_erasePK10lfs_configm
                0x0002b1dc       0x28 /InnerTome/Projects/clouds/arduino/output/libraries/FileSystem/InternalFS.cpp.o
 .text._ZN8LittleFSC2Ev
                0x0002b204       0x50 /InnerTome/Projects/clouds/arduino/output/libraries/FileSystem/InternalFS.cpp.o
                0x0002b204                LittleFS::LittleFS()
                0x0002b204                LittleFS::LittleFS()
 .text._ZN8LittleFS10_open_fileEPKch
                0x0002b254       0xa0 /InnerTome/Projects/clouds/arduino/output/libraries/FileSystem/InternalFS.cpp.o
                0x0002b254                LittleFS::_open_file(char const*, unsigned char)
 .text._ZN8LittleFS9_open_dirEPKc
                0x0002b2f4       0x70 /InnerTome/Projects/clouds/arduino/output/libraries/FileSystem/InternalFS.cpp.o
                0x0002b2f4                LittleFS::_open_dir(char const*)
 .text.startup._GLOBAL__sub_I_InternalFS
                0x0002b364       0x24 /InnerTome/Projects/clouds/arduino/output/libraries/FileSystem/InternalFS.cpp.o
 .text._ZN8LittleFS4openEPKch
                0x0002b388       0x88 /InnerTome/Projects/clouds/arduino/output/libraries/FileSystem/InternalFS.cpp.o
                0x0002b388                LittleFS::open(char const*, unsigned char)
 .text._ZN8LittleFS15_f_openNextFileEPvPKch
                0x0002b410      0x100 /InnerTome/Projects/clouds/arduino/output/libraries/FileSystem/InternalFS.cpp.o
                0x0002b410                LittleFS::_f_openNextFile(void*, char const*, unsigned char)
 .text.lfs_alloc_lookahead
                0x0002b510       0x36 /InnerTome/Projects/clouds/arduino/output/libraries/FileSystem/littlefs/lfs.c.o
 .text.lfs_pairisnull
                0x0002b546       0x14 /InnerTome/Projects/clouds/arduino/output/libraries/FileSystem/littlefs/lfs.c.o
 .text.lfs_paircmp
                0x0002b55a       0x22 /InnerTome/Projects/clouds/arduino/output/libraries/FileSystem/littlefs/lfs.c.o
 .text.lfs_deinit
                0x0002b57c       0x2e /InnerTome/Projects/clouds/arduino/output/libraries/FileSystem/littlefs/lfs.c.o
 *fill*         0x0002b5aa        0x2 
 .text.lfs_cache_read.isra.9
                0x0002b5ac      0x100 /InnerTome/Projects/clouds/arduino/output/libraries/FileSystem/littlefs/lfs.c.o
 .text.lfs_bd_read
                0x0002b6ac       0x18 /InnerTome/Projects/clouds/arduino/output/libraries/FileSystem/littlefs/lfs.c.o
 .text.lfs_cache_zero.isra.14
                0x0002b6c4       0x16 /InnerTome/Projects/clouds/arduino/output/libraries/FileSystem/littlefs/lfs.c.o
 *fill*         0x0002b6da        0x2 
 .text.lfs_init
                0x0002b6dc      0x104 /InnerTome/Projects/clouds/arduino/output/libraries/FileSystem/littlefs/lfs.c.o
 .text.lfs_ctz_index.isra.16
                0x0002b7e0       0x36 /InnerTome/Projects/clouds/arduino/output/libraries/FileSystem/littlefs/lfs.c.o
 .text.lfs_ctz_traverse.part.17
                0x0002b816       0x7c /InnerTome/Projects/clouds/arduino/output/libraries/FileSystem/littlefs/lfs.c.o
 *fill*         0x0002b892        0x2 
 .text.lfs_ctz_find.constprop.25
                0x0002b894       0xb8 /InnerTome/Projects/clouds/arduino/output/libraries/FileSystem/littlefs/lfs.c.o
 .text.lfs_cache_cmp.constprop.26
                0x0002b94c       0x54 /InnerTome/Projects/clouds/arduino/output/libraries/FileSystem/littlefs/lfs.c.o
 .text.lfs_cache_flush
                0x0002b9a0       0x52 /InnerTome/Projects/clouds/arduino/output/libraries/FileSystem/littlefs/lfs.c.o
 *fill*         0x0002b9f2        0x2 
 .text.lfs_cache_prog
                0x0002b9f4      0x118 /InnerTome/Projects/clouds/arduino/output/libraries/FileSystem/littlefs/lfs.c.o
 .text.lfs_bd_crc
                0x0002bb0c       0x46 /InnerTome/Projects/clouds/arduino/output/libraries/FileSystem/littlefs/lfs.c.o
 *fill*         0x0002bb52        0x2 
 .text.lfs_dir_fetch
                0x0002bb54       0xe0 /InnerTome/Projects/clouds/arduino/output/libraries/FileSystem/littlefs/lfs.c.o
 .text.lfs_dir_next
                0x0002bc34       0x84 /InnerTome/Projects/clouds/arduino/output/libraries/FileSystem/littlefs/lfs.c.o
 .text.lfs_moved
                0x0002bcb8       0x68 /InnerTome/Projects/clouds/arduino/output/libraries/FileSystem/littlefs/lfs.c.o
 .text.lfs_parent.part.12
                0x0002bd20       0x68 /InnerTome/Projects/clouds/arduino/output/libraries/FileSystem/littlefs/lfs.c.o
 .text.lfs_pred
                0x0002bd88       0x54 /InnerTome/Projects/clouds/arduino/output/libraries/FileSystem/littlefs/lfs.c.o
 .text.lfs_dir_find
                0x0002bddc      0x14c /InnerTome/Projects/clouds/arduino/output/libraries/FileSystem/littlefs/lfs.c.o
 .text.lfs_dir_open
                0x0002bf28       0x52 /InnerTome/Projects/clouds/arduino/output/libraries/FileSystem/littlefs/lfs.c.o
                0x0002bf28                lfs_dir_open
 .text.lfs_dir_close
                0x0002bf7a       0x1c /InnerTome/Projects/clouds/arduino/output/libraries/FileSystem/littlefs/lfs.c.o
                0x0002bf7a                lfs_dir_close
 *fill*         0x0002bf96        0x2 
 .text.lfs_dir_read
                0x0002bf98       0xcc /InnerTome/Projects/clouds/arduino/output/libraries/FileSystem/littlefs/lfs.c.o
                0x0002bf98                lfs_dir_read
 .text.lfs_dir_rewind
                0x0002c064       0x20 /InnerTome/Projects/clouds/arduino/output/libraries/FileSystem/littlefs/lfs.c.o
                0x0002c064                lfs_dir_rewind
 .text.lfs_file_tell
                0x0002c084        0x4 /InnerTome/Projects/clouds/arduino/output/libraries/FileSystem/littlefs/lfs.c.o
                0x0002c084                lfs_file_tell
 .text.lfs_file_size
                0x0002c088       0x14 /InnerTome/Projects/clouds/arduino/output/libraries/FileSystem/littlefs/lfs.c.o
                0x0002c088                lfs_file_size
 .text.lfs_stat
                0x0002c09c       0x7c /InnerTome/Projects/clouds/arduino/output/libraries/FileSystem/littlefs/lfs.c.o
                0x0002c09c                lfs_stat
 .text.lfs_mount
                0x0002c118       0xa8 /InnerTome/Projects/clouds/arduino/output/libraries/FileSystem/littlefs/lfs.c.o
                0x0002c118                lfs_mount
 .text.lfs_traverse
                0x0002c1c0      0x112 /InnerTome/Projects/clouds/arduino/output/libraries/FileSystem/littlefs/lfs.c.o
                0x0002c1c0                lfs_traverse
 *fill*         0x0002c2d2        0x2 
 .text.lfs_alloc
                0x0002c2d4       0xc4 /InnerTome/Projects/clouds/arduino/output/libraries/FileSystem/littlefs/lfs.c.o
 .text.lfs_dir_alloc
                0x0002c398       0x50 /InnerTome/Projects/clouds/arduino/output/libraries/FileSystem/littlefs/lfs.c.o
 .text.lfs_file_relocate
                0x0002c3e8       0xc4 /InnerTome/Projects/clouds/arduino/output/libraries/FileSystem/littlefs/lfs.c.o
 .text.lfs_file_write
                0x0002c4ac      0x2ac /InnerTome/Projects/clouds/arduino/output/libraries/FileSystem/littlefs/lfs.c.o
                0x0002c4ac                lfs_file_write
 .text.lfs_file_flush
                0x0002c758       0xd2 /InnerTome/Projects/clouds/arduino/output/libraries/FileSystem/littlefs/lfs.c.o
 .text.lfs_file_read
                0x0002c82a       0xca /InnerTome/Projects/clouds/arduino/output/libraries/FileSystem/littlefs/lfs.c.o
                0x0002c82a                lfs_file_read
 .text.lfs_file_seek
                0x0002c8f4       0x38 /InnerTome/Projects/clouds/arduino/output/libraries/FileSystem/littlefs/lfs.c.o
                0x0002c8f4                lfs_file_seek
 .text.lfs_deorphan
                0x0002c92c      0x174 /InnerTome/Projects/clouds/arduino/output/libraries/FileSystem/littlefs/lfs.c.o
                0x0002c92c                lfs_deorphan
 .text.lfs_dir_commit
                0x0002caa0      0x2d4 /InnerTome/Projects/clouds/arduino/output/libraries/FileSystem/littlefs/lfs.c.o
 .text.lfs_dir_update
                0x0002cd74       0x32 /InnerTome/Projects/clouds/arduino/output/libraries/FileSystem/littlefs/lfs.c.o
 *fill*         0x0002cda6        0x2 
 .text.lfs_file_sync
                0x0002cda8       0x9c /InnerTome/Projects/clouds/arduino/output/libraries/FileSystem/littlefs/lfs.c.o
                0x0002cda8                lfs_file_sync
 .text.lfs_file_close
                0x0002ce44       0x3c /InnerTome/Projects/clouds/arduino/output/libraries/FileSystem/littlefs/lfs.c.o
                0x0002ce44                lfs_file_close
 .text.lfs_dir_append
                0x0002ce80       0xdc /InnerTome/Projects/clouds/arduino/output/libraries/FileSystem/littlefs/lfs.c.o
 .text.lfs_dir_remove
                0x0002cf5c      0x102 /InnerTome/Projects/clouds/arduino/output/libraries/FileSystem/littlefs/lfs.c.o
 *fill*         0x0002d05e        0x2 
 .text.lfs_format
                0x0002d060      0x12c /InnerTome/Projects/clouds/arduino/output/libraries/FileSystem/littlefs/lfs.c.o
                0x0002d060                lfs_format
 .text.lfs_mkdir
                0x0002d18c       0xae /InnerTome/Projects/clouds/arduino/output/libraries/FileSystem/littlefs/lfs.c.o
                0x0002d18c                lfs_mkdir
 .text.lfs_file_opencfg
                0x0002d23a      0x148 /InnerTome/Projects/clouds/arduino/output/libraries/FileSystem/littlefs/lfs.c.o
                0x0002d23a                lfs_file_opencfg
 .text.lfs_file_open
                0x0002d382        0xe /InnerTome/Projects/clouds/arduino/output/libraries/FileSystem/littlefs/lfs.c.o
                0x0002d382                lfs_file_open
 .text.lfs_remove
                0x0002d390       0xa0 /InnerTome/Projects/clouds/arduino/output/libraries/FileSystem/littlefs/lfs.c.o
                0x0002d390                lfs_remove
 .text.lfs_crc  0x0002d430       0x40 /InnerTome/Projects/clouds/arduino/output/libraries/FileSystem/littlefs/lfs_util.c.o
                0x0002d430                lfs_crc
 .text._Z11initVariantv
                0x0002d470       0x22 /InnerTome/Projects/clouds/arduino/output/core/variant.cpp.o
                0x0002d470                initVariant()
 .text._ZN5Print5writeEPKhj
                0x0002d492       0x2c /InnerTome/Projects/clouds/arduino/output/core/core.a(Print.cpp.o)
                0x0002d492                Print::write(unsigned char const*, unsigned int)
 .text._ZN5Print5writeEPKc
                0x0002d4be       0x20 /InnerTome/Projects/clouds/arduino/output/core/core.a(Print.cpp.o)
                0x0002d4be                Print::write(char const*)
 .text._ZN5Print5writeEPKcj
                0x0002d4de        0x6 /InnerTome/Projects/clouds/arduino/output/core/core.a(Print.cpp.o)
                0x0002d4de                Print::write(char const*, unsigned int)
 .text._ZN5Print5printEPKc
                0x0002d4e4        0x8 /InnerTome/Projects/clouds/arduino/output/core/core.a(Print.cpp.o)
                0x0002d4e4                Print::print(char const*)
 .text._ZN5Print5printEc
                0x0002d4ec        0x6 /InnerTome/Projects/clouds/arduino/output/core/core.a(Print.cpp.o)
                0x0002d4ec                Print::print(char)
 *fill*         0x0002d4f2        0x2 
 .text._ZN5Print7printlnEv
                0x0002d4f4       0x10 /InnerTome/Projects/clouds/arduino/output/core/core.a(Print.cpp.o)
                0x0002d4f4                Print::println()
 .text._ZN5Print7printlnEPKc
                0x0002d504       0x14 /InnerTome/Projects/clouds/arduino/output/core/core.a(Print.cpp.o)
                0x0002d504                Print::println(char const*)
 .text._ZN5Print6printfEPKcz
                0x0002d518       0x32 /InnerTome/Projects/clouds/arduino/output/core/core.a(Print.cpp.o)
                0x0002d518                Print::printf(char const*, ...)
 .text._ZN5Print11printNumberEmh
                0x0002d54a       0x3e /InnerTome/Projects/clouds/arduino/output/core/core.a(Print.cpp.o)
                0x0002d54a                Print::printNumber(unsigned long, unsigned char)
 .text._ZN5Print5printEmi
                0x0002d588       0x1a /InnerTome/Projects/clouds/arduino/output/core/core.a(Print.cpp.o)
                0x0002d588                Print::print(unsigned long, int)
 .text._ZN5Print7printlnEhi
                0x0002d5a2       0x14 /InnerTome/Projects/clouds/arduino/output/core/core.a(Print.cpp.o)
                0x0002d5a2                Print::println(unsigned char, int)
 .text._ZN5Print7printlnEmi
                0x0002d5b6       0x14 /InnerTome/Projects/clouds/arduino/output/core/core.a(Print.cpp.o)
                0x0002d5b6                Print::println(unsigned long, int)
 .text._ZN5Print5printEli
                0x0002d5ca       0x44 /InnerTome/Projects/clouds/arduino/output/core/core.a(Print.cpp.o)
                0x0002d5ca                Print::print(long, int)
 .text._ZN5Print7printlnEii
                0x0002d60e       0x14 /InnerTome/Projects/clouds/arduino/output/core/core.a(Print.cpp.o)
                0x0002d60e                Print::println(int, int)
 *fill*         0x0002d622        0x2 
 .text._ZN5Print18printBufferReverseEPKhici
                0x0002d624       0x64 /InnerTome/Projects/clouds/arduino/output/core/core.a(Print.cpp.o)
                0x0002d624                Print::printBufferReverse(unsigned char const*, int, char, int)
 .text._ZN4UartcvbEv
                0x0002d688        0x6 /InnerTome/Projects/clouds/arduino/output/core/core.a(Uart.cpp.o)
                0x0002d688                Uart::operator bool()
 .text._ZN4Uart5beginEm
                0x0002d68e        0x8 /InnerTome/Projects/clouds/arduino/output/core/core.a(Uart.cpp.o)
                0x0002d68e                Uart::begin(unsigned long)
 .text._ZN4Uart5flushEv
                0x0002d696        0x6 /InnerTome/Projects/clouds/arduino/output/core/core.a(Uart.cpp.o)
                0x0002d696                Uart::flush()
 .text._ZN4Uart3endEv
                0x0002d69c       0x60 /InnerTome/Projects/clouds/arduino/output/core/core.a(Uart.cpp.o)
                0x0002d69c                Uart::end()
 .text._ZN4Uart9availableEv
                0x0002d6fc        0x6 /InnerTome/Projects/clouds/arduino/output/core/core.a(Uart.cpp.o)
                0x0002d6fc                Uart::available()
 .text._ZN4Uart4peekEv
                0x0002d702        0x6 /InnerTome/Projects/clouds/arduino/output/core/core.a(Uart.cpp.o)
                0x0002d702                Uart::peek()
 .text._ZN4Uart4readEv
                0x0002d708        0x6 /InnerTome/Projects/clouds/arduino/output/core/core.a(Uart.cpp.o)
                0x0002d708                Uart::read()
 .text._ZN4Uart5writeEh
                0x0002d70e       0x32 /InnerTome/Projects/clouds/arduino/output/core/core.a(Uart.cpp.o)
                0x0002d70e                Uart::write(unsigned char)
 .text._ZN4Uart5beginEmt
                0x0002d740      0x18c /InnerTome/Projects/clouds/arduino/output/core/core.a(Uart.cpp.o)
                0x0002d740                Uart::begin(unsigned long, unsigned short)
 .text._Z14serialEventRunv
                0x0002d8cc       0x1c /InnerTome/Projects/clouds/arduino/output/core/core.a(Uart.cpp.o)
                0x0002d8cc                serialEventRun()
 .text._ZN4UartC2EP13NRF_UART_Type9IRQn_Typehh
                0x0002d8e8       0x58 /InnerTome/Projects/clouds/arduino/output/core/core.a(Uart.cpp.o)
                0x0002d8e8                Uart::Uart(NRF_UART_Type*, IRQn_Type, unsigned char, unsigned char)
                0x0002d8e8                Uart::Uart(NRF_UART_Type*, IRQn_Type, unsigned char, unsigned char)
 .text._ZN4Uart10IrqHandlerEv
                0x0002d940       0x1c /InnerTome/Projects/clouds/arduino/output/core/core.a(Uart.cpp.o)
                0x0002d940                Uart::IrqHandler()
 .text.UARTE0_UART0_IRQHandler
                0x0002d95c        0xc /InnerTome/Projects/clouds/arduino/output/core/core.a(Uart.cpp.o)
                0x0002d95c                UARTE0_UART0_IRQHandler
 .text.startup._GLOBAL__sub_I__ZN4UartC2EP13NRF_UART_Type9IRQn_Typehh
                0x0002d968       0x20 /InnerTome/Projects/clouds/arduino/output/core/core.a(Uart.cpp.o)
 .text._Z6randoml
                0x0002d988       0x16 /InnerTome/Projects/clouds/arduino/output/core/core.a(WMath.cpp.o)
                0x0002d988                random(long)
 .text.millis   0x0002d99e       0x16 /InnerTome/Projects/clouds/arduino/output/core/core.a(delay.c.o)
                0x0002d99e                millis
 .text.micros   0x0002d9b4       0x18 /InnerTome/Projects/clouds/arduino/output/core/core.a(delay.c.o)
                0x0002d9b4                micros
 .text.delay    0x0002d9cc        0xe /InnerTome/Projects/clouds/arduino/output/core/core.a(delay.c.o)
                0x0002d9cc                delay
 .text.sd_flash_write
                0x0002d9da        0x4 /InnerTome/Projects/clouds/arduino/output/core/core.a(flash_nrf5x.c.o)
 .text.sd_flash_page_erase
                0x0002d9de        0x4 /InnerTome/Projects/clouds/arduino/output/core/core.a(flash_nrf5x.c.o)
 .text.sd_softdevice_is_enabled
                0x0002d9e2        0x4 /InnerTome/Projects/clouds/arduino/output/core/core.a(flash_nrf5x.c.o)
 .text.fal_verify
                0x0002d9e6        0xe /InnerTome/Projects/clouds/arduino/output/core/core.a(flash_nrf5x.c.o)
 .text.fal_read
                0x0002d9f4        0xc /InnerTome/Projects/clouds/arduino/output/core/core.a(flash_nrf5x.c.o)
 .text.fal_program
                0x0002da00       0x78 /InnerTome/Projects/clouds/arduino/output/core/core.a(flash_nrf5x.c.o)
 .text.fal_erase
                0x0002da78       0x80 /InnerTome/Projects/clouds/arduino/output/core/core.a(flash_nrf5x.c.o)
 .text.flash_nrf5x_event_cb
                0x0002daf8       0x18 /InnerTome/Projects/clouds/arduino/output/core/core.a(flash_nrf5x.c.o)
                0x0002daf8                flash_nrf5x_event_cb
 .text.flash_nrf5x_flush
                0x0002db10        0xc /InnerTome/Projects/clouds/arduino/output/core/core.a(flash_nrf5x.c.o)
                0x0002db10                flash_nrf5x_flush
 .text.flash_nrf5x_write
                0x0002db1c       0x10 /InnerTome/Projects/clouds/arduino/output/core/core.a(flash_nrf5x.c.o)
                0x0002db1c                flash_nrf5x_write
 .text.flash_nrf5x_read
                0x0002db2c       0x18 /InnerTome/Projects/clouds/arduino/output/core/core.a(flash_nrf5x.c.o)
                0x0002db2c                flash_nrf5x_read
 .text.flash_nrf5x_erase
                0x0002db44        0x4 /InnerTome/Projects/clouds/arduino/output/core/core.a(flash_nrf5x.c.o)
                0x0002db44                flash_nrf5x_erase
 .text.pvPortMalloc
                0x0002db48       0x1e /InnerTome/Projects/clouds/arduino/output/core/core.a(heap_3.c.o)
                0x0002db48                pvPortMalloc
 .text.vPortFree
                0x0002db66       0x1a /InnerTome/Projects/clouds/arduino/output/core/core.a(heap_3.c.o)
                0x0002db66                vPortFree
 .text.prvIsQueueEmpty
                0x0002db80       0x16 /InnerTome/Projects/clouds/arduino/output/core/core.a(queue.c.o)
 .text.prvCopyDataToQueue
                0x0002db96       0x70 /InnerTome/Projects/clouds/arduino/output/core/core.a(queue.c.o)
 .text.prvCopyDataFromQueue
                0x0002dc06       0x2a /InnerTome/Projects/clouds/arduino/output/core/core.a(queue.c.o)
 .text.prvUnlockQueue
                0x0002dc30       0x70 /InnerTome/Projects/clouds/arduino/output/core/core.a(queue.c.o)
 .text.xQueueGenericReset
                0x0002dca0       0x6c /InnerTome/Projects/clouds/arduino/output/core/core.a(queue.c.o)
                0x0002dca0                xQueueGenericReset
 .text.xQueueGenericCreateStatic
                0x0002dd0c       0x2c /InnerTome/Projects/clouds/arduino/output/core/core.a(queue.c.o)
                0x0002dd0c                xQueueGenericCreateStatic
 .text.xQueueGenericCreate
                0x0002dd38       0x3a /InnerTome/Projects/clouds/arduino/output/core/core.a(queue.c.o)
                0x0002dd38                xQueueGenericCreate
 .text.xQueueCreateCountingSemaphore
                0x0002dd72       0x12 /InnerTome/Projects/clouds/arduino/output/core/core.a(queue.c.o)
                0x0002dd72                xQueueCreateCountingSemaphore
 .text.xQueueGenericSend
                0x0002dd84       0xfc /InnerTome/Projects/clouds/arduino/output/core/core.a(queue.c.o)
                0x0002dd84                xQueueGenericSend
 .text.prvInitialiseMutex
                0x0002de80       0x14 /InnerTome/Projects/clouds/arduino/output/core/core.a(queue.c.o)
 .text.xQueueCreateMutex
                0x0002de94       0x16 /InnerTome/Projects/clouds/arduino/output/core/core.a(queue.c.o)
                0x0002de94                xQueueCreateMutex
 .text.xQueueGenericSendFromISR
                0x0002deaa       0x58 /InnerTome/Projects/clouds/arduino/output/core/core.a(queue.c.o)
                0x0002deaa                xQueueGenericSendFromISR
 .text.xQueueGiveFromISR
                0x0002df02       0x4c /InnerTome/Projects/clouds/arduino/output/core/core.a(queue.c.o)
                0x0002df02                xQueueGiveFromISR
 *fill*         0x0002df4e        0x2 
 .text.xQueueReceive
                0x0002df50       0xf8 /InnerTome/Projects/clouds/arduino/output/core/core.a(queue.c.o)
                0x0002df50                xQueueReceive
 .text.xQueueSemaphoreTake
                0x0002e048      0x134 /InnerTome/Projects/clouds/arduino/output/core/core.a(queue.c.o)
                0x0002e048                xQueueSemaphoreTake
 .text.vQueueAddToRegistry
                0x0002e17c       0x1c /InnerTome/Projects/clouds/arduino/output/core/core.a(queue.c.o)
                0x0002e17c                vQueueAddToRegistry
 .text.vQueueUnregisterQueue
                0x0002e198       0x28 /InnerTome/Projects/clouds/arduino/output/core/core.a(queue.c.o)
                0x0002e198                vQueueUnregisterQueue
 .text.vQueueDelete
                0x0002e1c0       0x16 /InnerTome/Projects/clouds/arduino/output/core/core.a(queue.c.o)
                0x0002e1c0                vQueueDelete
 .text.vQueueWaitForMessageRestricted
                0x0002e1d6       0x46 /InnerTome/Projects/clouds/arduino/output/core/core.a(queue.c.o)
                0x0002e1d6                vQueueWaitForMessageRestricted
 .text.prvAddNewTaskToReadyList
                0x0002e21c       0xf8 /InnerTome/Projects/clouds/arduino/output/core/core.a(tasks.c.o)
 .text.prvGetExpectedIdleTime
                0x0002e314       0x3c /InnerTome/Projects/clouds/arduino/output/core/core.a(tasks.c.o)
 .text.prvResetNextTaskUnblockTime
                0x0002e350       0x24 /InnerTome/Projects/clouds/arduino/output/core/core.a(tasks.c.o)
 .text.prvInitialiseNewTask.isra.3
                0x0002e374       0x8e /InnerTome/Projects/clouds/arduino/output/core/core.a(tasks.c.o)
 .text.prvDeleteTCB
                0x0002e402       0x22 /InnerTome/Projects/clouds/arduino/output/core/core.a(tasks.c.o)
 .text.prvAddCurrentTaskToDelayedList
                0x0002e424       0x78 /InnerTome/Projects/clouds/arduino/output/core/core.a(tasks.c.o)
 .text.xTaskCreateStatic
                0x0002e49c       0x36 /InnerTome/Projects/clouds/arduino/output/core/core.a(tasks.c.o)
                0x0002e49c                xTaskCreateStatic
 .text.xTaskCreate
                0x0002e4d2       0x5a /InnerTome/Projects/clouds/arduino/output/core/core.a(tasks.c.o)
                0x0002e4d2                xTaskCreate
 .text.vTaskStartScheduler
                0x0002e52c       0x70 /InnerTome/Projects/clouds/arduino/output/core/core.a(tasks.c.o)
                0x0002e52c                vTaskStartScheduler
 .text.vTaskSuspendAll
                0x0002e59c       0x10 /InnerTome/Projects/clouds/arduino/output/core/core.a(tasks.c.o)
                0x0002e59c                vTaskSuspendAll
 .text.xTaskGetTickCount
                0x0002e5ac        0xc /InnerTome/Projects/clouds/arduino/output/core/core.a(tasks.c.o)
                0x0002e5ac                xTaskGetTickCount
 .text.vTaskStepTick
                0x0002e5b8       0x10 /InnerTome/Projects/clouds/arduino/output/core/core.a(tasks.c.o)
                0x0002e5b8                vTaskStepTick
 .text.xTaskIncrementTick
                0x0002e5c8       0xec /InnerTome/Projects/clouds/arduino/output/core/core.a(tasks.c.o)
                0x0002e5c8                xTaskIncrementTick
 .text.xTaskResumeAll
                0x0002e6b4       0xd4 /InnerTome/Projects/clouds/arduino/output/core/core.a(tasks.c.o)
                0x0002e6b4                xTaskResumeAll
 .text.vTaskDelay
                0x0002e788       0x30 /InnerTome/Projects/clouds/arduino/output/core/core.a(tasks.c.o)
                0x0002e788                vTaskDelay
 .text.prvIdleTask
                0x0002e7b8       0x84 /InnerTome/Projects/clouds/arduino/output/core/core.a(tasks.c.o)
 .text.vTaskSwitchContext
                0x0002e83c       0x7c /InnerTome/Projects/clouds/arduino/output/core/core.a(tasks.c.o)
                0x0002e83c                vTaskSwitchContext
 .text.vTaskPlaceOnEventList
                0x0002e8b8       0x20 /InnerTome/Projects/clouds/arduino/output/core/core.a(tasks.c.o)
                0x0002e8b8                vTaskPlaceOnEventList
 .text.vTaskPlaceOnEventListRestricted
                0x0002e8d8       0x28 /InnerTome/Projects/clouds/arduino/output/core/core.a(tasks.c.o)
                0x0002e8d8                vTaskPlaceOnEventListRestricted
 .text.xTaskRemoveFromEventList
                0x0002e900       0x70 /InnerTome/Projects/clouds/arduino/output/core/core.a(tasks.c.o)
                0x0002e900                xTaskRemoveFromEventList
 .text.vTaskInternalSetTimeOutState
                0x0002e970       0x18 /InnerTome/Projects/clouds/arduino/output/core/core.a(tasks.c.o)
                0x0002e970                vTaskInternalSetTimeOutState
 .text.xTaskCheckForTimeOut
                0x0002e988       0x54 /InnerTome/Projects/clouds/arduino/output/core/core.a(tasks.c.o)
                0x0002e988                xTaskCheckForTimeOut
 .text.vTaskMissedYield
                0x0002e9dc        0xc /InnerTome/Projects/clouds/arduino/output/core/core.a(tasks.c.o)
                0x0002e9dc                vTaskMissedYield
 .text.eTaskConfirmSleepModeStatus
                0x0002e9e8       0x34 /InnerTome/Projects/clouds/arduino/output/core/core.a(tasks.c.o)
                0x0002e9e8                eTaskConfirmSleepModeStatus
 .text.xTaskGetSchedulerState
                0x0002ea1c       0x20 /InnerTome/Projects/clouds/arduino/output/core/core.a(tasks.c.o)
                0x0002ea1c                xTaskGetSchedulerState
 .text.xTaskPriorityInherit
                0x0002ea3c       0x84 /InnerTome/Projects/clouds/arduino/output/core/core.a(tasks.c.o)
                0x0002ea3c                xTaskPriorityInherit
 .text.xTaskPriorityDisinherit
                0x0002eac0       0x54 /InnerTome/Projects/clouds/arduino/output/core/core.a(tasks.c.o)
                0x0002eac0                xTaskPriorityDisinherit
 .text.vTaskPriorityDisinheritAfterTimeout
                0x0002eb14       0x68 /InnerTome/Projects/clouds/arduino/output/core/core.a(tasks.c.o)
                0x0002eb14                vTaskPriorityDisinheritAfterTimeout
 .text.pvTaskIncrementMutexHeldCount
                0x0002eb7c       0x18 /InnerTome/Projects/clouds/arduino/output/core/core.a(tasks.c.o)
                0x0002eb7c                pvTaskIncrementMutexHeldCount
 .text.prvCheckForValidListAndQueue
                0x0002eb94       0x68 /InnerTome/Projects/clouds/arduino/output/core/core.a(timers.c.o)
 .text.prvInsertTimerInActiveList
                0x0002ebfc       0x3c /InnerTome/Projects/clouds/arduino/output/core/core.a(timers.c.o)
 .text.xTimerCreateTimerTask
                0x0002ec38       0x54 /InnerTome/Projects/clouds/arduino/output/core/core.a(timers.c.o)
                0x0002ec38                xTimerCreateTimerTask
 .text.xTimerCreate
                0x0002ec8c       0x3a /InnerTome/Projects/clouds/arduino/output/core/core.a(timers.c.o)
                0x0002ec8c                xTimerCreate
 *fill*         0x0002ecc6        0x2 
 .text.xTimerGenericCommand
                0x0002ecc8       0x44 /InnerTome/Projects/clouds/arduino/output/core/core.a(timers.c.o)