Archive member included to satisfy reference by file (symbol)

/Tome/Projects/clouds/arduino/output/core/core.a(Print.cpp.o)
                              /Tome/Projects/clouds/arduino/output/libraries/Bluefruit52Lib/services/BLEMidi.cpp.o (Print::write(unsigned char const*, unsigned int))
/Tome/Projects/clouds/arduino/output/core/core.a(Uart.cpp.o)
                              /Tome/Projects/clouds/arduino/output/sketch/clouds_new.ino.cpp.o (Uart::begin(unsigned long))
/Tome/Projects/clouds/arduino/output/core/core.a(WMath.cpp.o)
                              /Tome/Projects/clouds/arduino/output/sketch/clouds_new.ino.cpp.o (random(long))
/Tome/Projects/clouds/arduino/output/core/core.a(abi.cpp.o)
                              /Tome/Projects/clouds/arduino/output/core/core.a(Print.cpp.o) (__cxa_pure_virtual)
/Tome/Projects/clouds/arduino/output/core/core.a(delay.c.o)
                              /Tome/Projects/clouds/arduino/output/sketch/clouds_new.ino.cpp.o (millis)
/Tome/Projects/clouds/arduino/output/core/core.a(flash_nrf5x.c.o)
                              /Tome/Projects/clouds/arduino/output/libraries/FileSystem/InternalFS.cpp.o (flash_nrf5x_flush)
/Tome/Projects/clouds/arduino/output/core/core.a(heap_3.c.o)
                              /Tome/Projects/clouds/arduino/output/libraries/Adafruit_NeoPixel/Adafruit_NeoPixel.cpp.o (pvPortMalloc)
/Tome/Projects/clouds/arduino/output/core/core.a(queue.c.o)
                              /Tome/Projects/clouds/arduino/output/libraries/Bluefruit52Lib/BLEGap.cpp.o (xQueueGenericCreate)
/Tome/Projects/clouds/arduino/output/core/core.a(tasks.c.o)
                              /Tome/Projects/clouds/arduino/output/libraries/Bluefruit52Lib/bluefruit.cpp.o (xTaskCreate)
/Tome/Projects/clouds/arduino/output/core/core.a(timers.c.o)
                              /Tome/Projects/clouds/arduino/output/core/core.a(tasks.c.o) (xTimerCreateTimerTask)
/Tome/Projects/clouds/arduino/output/core/core.a(port_cmsis.c.o)
                              /Tome/Projects/clouds/arduino/output/core/core.a(tasks.c.o) (pxPortInitialiseStack)
/Tome/Projects/clouds/arduino/output/core/core.a(port_cmsis_systick.c.o)
                              /Tome/Projects/clouds/arduino/output/core/core.a(port_cmsis.c.o) (vPortSetupTimerInterrupt)
/Tome/Projects/clouds/arduino/output/core/core.a(port.c.o)
                              /Tome/Projects/clouds/arduino/output/core/core.a(port_cmsis.c.o) (vPortStartFirstTask)
/Tome/Projects/clouds/arduino/output/core/core.a(hooks.c.o)
                              /Tome/Projects/clouds/arduino/output/libraries/Adafruit_NeoPixel/Adafruit_NeoPixel.cpp.o (yield)
/Tome/Projects/clouds/arduino/output/core/core.a(gcc_startup_nrf52.S.o)
                              /Tome/Projects/clouds/arduino/output/core/core.a(port.c.o) (__isr_vector)
/Tome/Projects/clouds/arduino/output/core/core.a(main.cpp.o)
                              /home/jacobus/.arduino15/packages/adafruit/tools/gcc-arm-none-eabi/5_2-2015q4/bin/../lib/gcc/arm-none-eabi/5.2.1/../../../../arm-none-eabi/lib/armv7e-m/fpu/crt0.o (main)
/Tome/Projects/clouds/arduino/output/core/core.a(new.cpp.o)
                              /Tome/Projects/clouds/arduino/output/sketch/clouds_new.ino.cpp.o (operator new(unsigned int))
/Tome/Projects/clouds/arduino/output/core/core.a(system_nrf52.c.o)
                              /Tome/Projects/clouds/arduino/output/core/core.a(gcc_startup_nrf52.S.o) (SystemInit)
/Tome/Projects/clouds/arduino/output/core/core.a(rtos.cpp.o)
                              /Tome/Projects/clouds/arduino/output/core/core.a(tasks.c.o) (vApplicationStackOverflowHook)
/Tome/Projects/clouds/arduino/output/core/core.a(AdaCallback.c.o)
                              /Tome/Projects/clouds/arduino/output/libraries/Bluefruit52Lib/BLEAdvertising.cpp.o (ada_callback_queue)
/Tome/Projects/clouds/arduino/output/core/core.a(adafruit_fifo.cpp.o)
                              /Tome/Projects/clouds/arduino/output/libraries/Bluefruit52Lib/clients/BLEClientUart.cpp.o (Adafruit_FIFO::Adafruit_FIFO(unsigned char, unsigned short))
/Tome/Projects/clouds/arduino/output/core/core.a(debug.cpp.o)
                              /Tome/Projects/clouds/arduino/output/core/core.a(main.cpp.o) (dbgPrintVersion)
/Tome/Projects/clouds/arduino/output/core/core.a(utilities.c.o)
                              /Tome/Projects/clouds/arduino/output/core/core.a(debug.cpp.o) (lookup_find)
/Tome/Projects/clouds/arduino/output/core/core.a(wiring.c.o)
                              /Tome/Projects/clouds/arduino/output/core/core.a(main.cpp.o) (init)
/Tome/Projects/clouds/arduino/output/core/core.a(wiring_digital.c.o)
                              /Tome/Projects/clouds/arduino/output/libraries/Adafruit_NeoPixel/Adafruit_NeoPixel.cpp.o (pinMode)
/Tome/Projects/clouds/arduino/output/core/core.a(RingBuffer.cpp.o)
                              /Tome/Projects/clouds/arduino/output/core/core.a(Uart.cpp.o) (RingBuffer::RingBuffer())
[...]
Memory Configuration

Name             Origin             Length             Attributes
FLASH            0x00026000         0x00047000         xr
RAM              0x20003400         0x0000cc00         xrw
*default*        0x00000000         0xffffffff

Linker script and memory map

                0x00000800                __StackSize = 0x800
                0x20010000                PROVIDE (__StackTop, (ORIGIN (RAM) + LENGTH (RAM)))
                0x2000f800                PROVIDE (__StackLimit, (__StackTop - __StackSize))
                0x20010000                PROVIDE (__stack, __StackTop)
                0x00026000                __flash_arduino_start = ORIGIN (FLASH)
                0x0006d000                __flash_arduino_end = (ORIGIN (FLASH) + LENGTH (FLASH))

.text           0x00026000     0xfbd0
 *(.isr_vector)
 .isr_vector    0x00026000      0x200 /Tome/Projects/clouds/arduino/output/core/core.a(gcc_startup_nrf52.S.o)
                0x00026000                __isr_vector
 *(.text*)
 .text          0x00026200       0xa4 /home/jacobus/.arduino15/packages/adafruit/tools/gcc-arm-none-eabi/5_2-2015q4/bin/../lib/gcc/arm-none-eabi/5.2.1/armv7e-m/fpu/crtbegin.o
 .text          0x000262a4       0x74 /home/jacobus/.arduino15/packages/adafruit/tools/gcc-arm-none-eabi/5_2-2015q4/bin/../lib/gcc/arm-none-eabi/5.2.1/../../../../arm-none-eabi/lib/armv7e-m/fpu/crt0.o
                0x000262a4                _mainCRTStartup
                0x000262a4                _start
 .text._Z13CloudCompletev
                0x00026318        0x2 /Tome/Projects/clouds/arduino/output/sketch/clouds_new.ino.cpp.o
                0x00026318                CloudComplete()
 *fill*         0x0002631a        0x2 
 .text._Z16connect_callbackt
                0x0002631c       0x4c /Tome/Projects/clouds/arduino/output/sketch/clouds_new.ino.cpp.o
                0x0002631c                connect_callback(unsigned short)
 .text._ZN11NeoPatternsD2Ev
                0x00026368        0xc /Tome/Projects/clouds/arduino/output/sketch/clouds_new.ino.cpp.o
                0x00026368                NeoPatterns::~NeoPatterns()
                0x00026368                NeoPatterns::~NeoPatterns()
 .text._ZNSt6vectorI11NeoPatternsSaIS0_EED2Ev
                0x00026374       0x22 /Tome/Projects/clouds/arduino/output/sketch/clouds_new.ino.cpp.o
                0x00026374                std::vector<NeoPatterns, std::allocator<NeoPatterns> >::~vector()
                0x00026374                std::vector<NeoPatterns, std::allocator<NeoPatterns> >::~vector()
 *fill*         0x00026396        0x2 
 .text._Z8startAdvv
                0x00026398       0x50 /Tome/Projects/clouds/arduino/output/sketch/clouds_new.ino.cpp.o
                0x00026398                startAdv()
 .text._ZN11NeoPatternsC2Ev
                0x000263e8       0x12 /Tome/Projects/clouds/arduino/output/sketch/clouds_new.ino.cpp.o
                0x000263e8                NeoPatterns::NeoPatterns()
                0x000263e8                NeoPatterns::NeoPatterns()
 .text._ZN11NeoPatterns9IncrementEv
                0x000263fa       0x2c /Tome/Projects/clouds/arduino/output/sketch/clouds_new.ino.cpp.o
                0x000263fa                NeoPatterns::Increment()
 .text._ZN11NeoPatterns12TheaterChaseEmmhNS_9directionE
                0x00026426       0x24 /Tome/Projects/clouds/arduino/output/sketch/clouds_new.ino.cpp.o
                0x00026426                NeoPatterns::TheaterChase(unsigned long, unsigned long, unsigned char, NeoPatterns::direction)
 .text._ZN11NeoPatterns18TheaterChaseUpdateEv
                0x0002644a       0x42 /Tome/Projects/clouds/arduino/output/sketch/clouds_new.ino.cpp.o
                0x0002644a                NeoPatterns::TheaterChaseUpdate()
 .text._ZN11NeoPatterns15ColorWipeUpdateEv
                0x0002648c       0x1c /Tome/Projects/clouds/arduino/output/sketch/clouds_new.ino.cpp.o
                0x0002648c                NeoPatterns::ColorWipeUpdate()
 .text._ZN11NeoPatterns7ScannerEmh
                0x000264a8       0x1e /Tome/Projects/clouds/arduino/output/sketch/clouds_new.ino.cpp.o
                0x000264a8                NeoPatterns::Scanner(unsigned long, unsigned char)
 .text._ZN11NeoPatterns8DimColorEm
                0x000264c6       0x12 /Tome/Projects/clouds/arduino/output/sketch/clouds_new.ino.cpp.o
                0x000264c6                NeoPatterns::DimColor(unsigned long)
 .text._ZN11NeoPatterns13ScannerUpdateEv
                0x000264d8       0x52 /Tome/Projects/clouds/arduino/output/sketch/clouds_new.ino.cpp.o
                0x000264d8                NeoPatterns::ScannerUpdate()
 .text._ZN11NeoPatterns8ColorSetEm
                0x0002652a       0x2a /Tome/Projects/clouds/arduino/output/sketch/clouds_new.ino.cpp.o
                0x0002652a                NeoPatterns::ColorSet(unsigned long)
 .text._ZN11NeoPatterns10FadeUpdateEv
                0x00026554       0x66 /Tome/Projects/clouds/arduino/output/sketch/clouds_new.ino.cpp.o
                0x00026554                NeoPatterns::FadeUpdate()
 .text._ZN11NeoPatterns5WheelEh
                0x000265ba       0x4a /Tome/Projects/clouds/arduino/output/sketch/clouds_new.ino.cpp.o
                0x000265ba                NeoPatterns::Wheel(unsigned char)
 .text._ZN11NeoPatterns18RainbowCycleUpdateEv
                0x00026604       0x46 /Tome/Projects/clouds/arduino/output/sketch/clouds_new.ino.cpp.o
                0x00026604                NeoPatterns::RainbowCycleUpdate()
 .text._ZN11NeoPatterns6UpdateEv
                0x0002664a       0x5e /Tome/Projects/clouds/arduino/output/sketch/clouds_new.ino.cpp.o
                0x0002664a                NeoPatterns::Update()
 .text._Z11swapBuffers17Adafruit_NeoPixel
                0x000266a8       0x84 /Tome/Projects/clouds/arduino/output/sketch/clouds_new.ino.cpp.o
                0x000266a8                swapBuffers(Adafruit_NeoPixel)
 .text.startup._GLOBAL__sub_I_bledis
                0x0002672c       0xf0 /Tome/Projects/clouds/arduino/output/sketch/clouds_new.ino.cpp.o
 .text.setup    0x0002681c      0x148 /Tome/Projects/clouds/arduino/output/sketch/clouds_new.ino.cpp.o
                0x0002681c                setup
 .text._Z12sendResponsePKc
                0x00026964       0x30 /Tome/Projects/clouds/arduino/output/sketch/clouds_new.ino.cpp.o
                0x00026964                sendResponse(char const*)
 .text._Z20commandSetBrightnessi17Adafruit_NeoPixel
                0x00026994       0x70 /Tome/Projects/clouds/arduino/output/sketch/clouds_new.ino.cpp.o
                0x00026994                commandSetBrightness(int, Adafruit_NeoPixel)
 .text.loop     0x00026a04      0x470 /Tome/Projects/clouds/arduino/output/sketch/clouds_new.ino.cpp.o
                0x00026a04                loop
 .text._ZN17Adafruit_NeoPixelD2Ev
                0x00026e74       0x1e /Tome/Projects/clouds/arduino/output/libraries/Adafruit_NeoPixel/Adafruit_NeoPixel.cpp.o
                0x00026e74                Adafruit_NeoPixel::~Adafruit_NeoPixel()
                0x00026e74                Adafruit_NeoPixel::~Adafruit_NeoPixel()
 .text._ZN17Adafruit_NeoPixel5beginEv
                0x00026e92       0x22 /Tome/Projects/clouds/arduino/output/libraries/Adafruit_NeoPixel/Adafruit_NeoPixel.cpp.o
                0x00026e92                Adafruit_NeoPixel::begin()
 .text._ZN17Adafruit_NeoPixel12updateLengthEt
                0x00026eb4       0x3e /Tome/Projects/clouds/arduino/output/libraries/Adafruit_NeoPixel/Adafruit_NeoPixel.cpp.o
                0x00026eb4                Adafruit_NeoPixel::updateLength(unsigned short)
 .text._ZN17Adafruit_NeoPixel10updateTypeEt
                0x00026ef2       0x48 /Tome/Projects/clouds/arduino/output/libraries/Adafruit_NeoPixel/Adafruit_NeoPixel.cpp.o
                0x00026ef2                Adafruit_NeoPixel::updateType(unsigned short)
 *fill*         0x00026f3a        0x2 
 .text._ZN17Adafruit_NeoPixel4showEv
                0x00026f3c      0x294 /Tome/Projects/clouds/arduino/output/libraries/Adafruit_NeoPixel/Adafruit_NeoPixel.cpp.o
                0x00026f3c                Adafruit_NeoPixel::show()
 .text._ZN17Adafruit_NeoPixel6setPinEh
                0x000271d0       0x34 /Tome/Projects/clouds/arduino/output/libraries/Adafruit_NeoPixel/Adafruit_NeoPixel.cpp.o
                0x000271d0                Adafruit_NeoPixel::setPin(unsigned char)
 .text._ZN17Adafruit_NeoPixelC2Etht
                0x00027204       0x2c /Tome/Projects/clouds/arduino/output/libraries/Adafruit_NeoPixel/Adafruit_NeoPixel.cpp.o
                0x00027204                Adafruit_NeoPixel::Adafruit_NeoPixel(unsigned short, unsigned char, unsigned short)
                0x00027204                Adafruit_NeoPixel::Adafruit_NeoPixel(unsigned short, unsigned char, unsigned short)
 .text._ZN17Adafruit_NeoPixel13setPixelColorEthhh
                0x00027230       0x4a /Tome/Projects/clouds/arduino/output/libraries/Adafruit_NeoPixel/Adafruit_NeoPixel.cpp.o
                0x00027230                Adafruit_NeoPixel::setPixelColor(unsigned short, unsigned char, unsigned char, unsigned char)
 .text._ZN17Adafruit_NeoPixel13setPixelColorEtm
                0x0002727a       0x64 /Tome/Projects/clouds/arduino/output/libraries/Adafruit_NeoPixel/Adafruit_NeoPixel.cpp.o
                0x0002727a                Adafruit_NeoPixel::setPixelColor(unsigned short, unsigned long)
 .text._ZN17Adafruit_NeoPixel5ColorEhhh
                0x000272de        0xa /Tome/Projects/clouds/arduino/output/libraries/Adafruit_NeoPixel/Adafruit_NeoPixel.cpp.o
                0x000272de                Adafruit_NeoPixel::Color(unsigned char, unsigned char, unsigned char)
 .text._ZN17Adafruit_NeoPixel5ColorEhhhh
                0x000272e8        0xe /Tome/Projects/clouds/arduino/output/libraries/Adafruit_NeoPixel/Adafruit_NeoPixel.cpp.o
                0x000272e8                Adafruit_NeoPixel::Color(unsigned char, unsigned char, unsigned char, unsigned char)
 .text._ZNK17Adafruit_NeoPixel13getPixelColorEt
                0x000272f6       0x9e /Tome/Projects/clouds/arduino/output/libraries/Adafruit_NeoPixel/Adafruit_NeoPixel.cpp.o
                0x000272f6                Adafruit_NeoPixel::getPixelColor(unsigned short) const
 .text._ZNK17Adafruit_NeoPixel9numPixelsEv
                0x00027394        0x4 /Tome/Projects/clouds/arduino/output/libraries/Adafruit_NeoPixel/Adafruit_NeoPixel.cpp.o
                0x00027394                Adafruit_NeoPixel::numPixels() const
 .text._ZN17Adafruit_NeoPixel13setBrightnessEh
                0x00027398       0x4c /Tome/Projects/clouds/arduino/output/libraries/Adafruit_NeoPixel/Adafruit_NeoPixel.cpp.o
                0x00027398                Adafruit_NeoPixel::setBrightness(unsigned char)
 .text.sd_ble_gap_adv_set_configure
                0x000273e4        0x4 /Tome/Projects/clouds/arduino/output/libraries/Bluefruit52Lib/BLEAdvertising.cpp.o
 .text.sd_ble_gap_adv_start
                0x000273e8        0x4 /Tome/Projects/clouds/arduino/output/libraries/Bluefruit52Lib/BLEAdvertising.cpp.o
 .text.sd_ble_gap_tx_power_set
                0x000273ec        0x4 /Tome/Projects/clouds/arduino/output/libraries/Bluefruit52Lib/BLEAdvertising.cpp.o
 .text._ZN18BLEAdvertisingDataC2Ev
                0x000273f0        0x8 /Tome/Projects/clouds/arduino/output/libraries/Bluefruit52Lib/BLEAdvertising.cpp.o
                0x000273f0                BLEAdvertisingData::BLEAdvertisingData()
                0x000273f0                BLEAdvertisingData::BLEAdvertisingData()
 .text._ZN18BLEAdvertisingData7addDataEhPKvh
                0x000273f8       0x34 /Tome/Projects/clouds/arduino/output/libraries/Bluefruit52Lib/BLEAdvertising.cpp.o
                0x000273f8                BLEAdvertisingData::addData(unsigned char, void const*, unsigned char)
 .text._ZN18BLEAdvertisingData7addUuidEP7BLEUuidh
                0x0002742c       0x74 /Tome/Projects/clouds/arduino/output/libraries/Bluefruit52Lib/BLEAdvertising.cpp.o
                0x0002742c                BLEAdvertisingData::addUuid(BLEUuid*, unsigned char)
 .text._ZN18BLEAdvertisingData10addServiceER10BLEService
                0x000274a0       0x1a /Tome/Projects/clouds/arduino/output/libraries/Bluefruit52Lib/BLEAdvertising.cpp.o
                0x000274a0                BLEAdvertisingData::addService(BLEService&)
 *fill*         0x000274ba        0x2 
 .text._ZN18BLEAdvertisingData7addNameEv
                0x000274bc       0x40 /Tome/Projects/clouds/arduino/output/libraries/Bluefruit52Lib/BLEAdvertising.cpp.o
                0x000274bc                BLEAdvertisingData::addName()
 .text._ZN18BLEAdvertisingData10addTxPowerEv
                0x000274fc       0x24 /Tome/Projects/clouds/arduino/output/libraries/Bluefruit52Lib/BLEAdvertising.cpp.o
                0x000274fc                BLEAdvertisingData::addTxPower()
 .text._ZN18BLEAdvertisingData8addFlagsEh
                0x00027520       0x16 /Tome/Projects/clouds/arduino/output/libraries/Bluefruit52Lib/BLEAdvertising.cpp.o
                0x00027520                BLEAdvertisingData::addFlags(unsigned char)
 .text._ZN14BLEAdvertisingC2Ev
                0x00027536       0x38 /Tome/Projects/clouds/arduino/output/libraries/Bluefruit52Lib/BLEAdvertising.cpp.o
                0x00027536                BLEAdvertising::BLEAdvertising()
                0x00027536                BLEAdvertising::BLEAdvertising()
 .text._ZN14BLEAdvertising14setFastTimeoutEt
                0x0002756e        0x4 /Tome/Projects/clouds/arduino/output/libraries/Bluefruit52Lib/BLEAdvertising.cpp.o
                0x0002756e                BLEAdvertising::setFastTimeout(unsigned short)
 .text._ZN14BLEAdvertising11setIntervalEtt
                0x00027572        0x8 /Tome/Projects/clouds/arduino/output/libraries/Bluefruit52Lib/BLEAdvertising.cpp.o
                0x00027572                BLEAdvertising::setInterval(unsigned short, unsigned short)
 .text._ZN14BLEAdvertising19restartOnDisconnectEb
                0x0002757a        0x6 /Tome/Projects/clouds/arduino/output/libraries/Bluefruit52Lib/BLEAdvertising.cpp.o
                0x0002757a                BLEAdvertising::restartOnDisconnect(bool)
 .text._ZN14BLEAdvertising6_startEtt
                0x00027580       0xf0 /Tome/Projects/clouds/arduino/output/libraries/Bluefruit52Lib/BLEAdvertising.cpp.o
                0x00027580                BLEAdvertising::_start(unsigned short, unsigned short)
 .text._ZN14BLEAdvertising5startEt
                0x00027670       0x24 /Tome/Projects/clouds/arduino/output/libraries/Bluefruit52Lib/BLEAdvertising.cpp.o
                0x00027670                BLEAdvertising::start(unsigned short)
 .text._ZN14BLEAdvertising13_eventHandlerEP9ble_evt_t
                0x00027694       0xcc /Tome/Projects/clouds/arduino/output/libraries/Bluefruit52Lib/BLEAdvertising.cpp.o
                0x00027694                BLEAdvertising::_eventHandler(ble_evt_t*)
 .text.sd_ble_gap_conn_param_update
                0x00027760        0x4 /Tome/Projects/clouds/arduino/output/libraries/Bluefruit52Lib/BLECentral.cpp.o
 .text._ZL11rtos_mallocj
                0x00027764       0x1e /Tome/Projects/clouds/arduino/output/libraries/Bluefruit52Lib/BLECentral.cpp.o
 .text._ZN10BLECentralC2Ev
                0x00027782       0x14 /Tome/Projects/clouds/arduino/output/libraries/Bluefruit52Lib/BLECentral.cpp.o
                0x00027782                BLECentral::BLECentral()
                0x00027782                BLECentral::BLECentral()
 *fill*         0x00027796        0x2 
 .text._ZN10BLECentral5beginEv
                0x00027798        0xc /Tome/Projects/clouds/arduino/output/libraries/Bluefruit52Lib/BLECentral.cpp.o
                0x00027798                BLECentral::begin()
 .text._ZN10BLECentral14_event_handlerEP9ble_evt_t
                0x000277a4       0xac /Tome/Projects/clouds/arduino/output/libraries/Bluefruit52Lib/BLECentral.cpp.o
                0x000277a4                BLECentral::_event_handler(ble_evt_t*)
 .text.sd_ble_gatts_characteristic_add
                0x00027850        0x4 /Tome/Projects/clouds/arduino/output/libraries/Bluefruit52Lib/BLECharacteristic.cpp.o
 .text.sd_ble_gatts_descriptor_add
                0x00027854        0x4 /Tome/Projects/clouds/arduino/output/libraries/Bluefruit52Lib/BLECharacteristic.cpp.o
 .text.sd_ble_gatts_value_set
                0x00027858        0x4 /Tome/Projects/clouds/arduino/output/libraries/Bluefruit52Lib/BLECharacteristic.cpp.o
 .text.sd_ble_gatts_value_get
                0x0002785c        0x4 /Tome/Projects/clouds/arduino/output/libraries/Bluefruit52Lib/BLECharacteristic.cpp.o
 .text.sd_ble_gatts_hvx
                0x00027860        0x4 /Tome/Projects/clouds/arduino/output/libraries/Bluefruit52Lib/BLECharacteristic.cpp.o
 .text._ZN17BLECharacteristicD2Ev
                0x00027864        0x2 /Tome/Projects/clouds/arduino/output/libraries/Bluefruit52Lib/BLECharacteristic.cpp.o
                0x00027864                BLECharacteristic::~BLECharacteristic()
                0x00027864                BLECharacteristic::~BLECharacteristic()
 .text._ZN17BLECharacteristicD0Ev
                0x00027866        0xc /Tome/Projects/clouds/arduino/output/libraries/Bluefruit52Lib/BLECharacteristic.cpp.o
                0x00027866                BLECharacteristic::~BLECharacteristic()
 *fill*         0x00027872        0x2 
 .text._ZN17BLECharacteristic5beginEv
                0x00027874      0x1ac /Tome/Projects/clouds/arduino/output/libraries/Bluefruit52Lib/BLECharacteristic.cpp.o
                0x00027874                BLECharacteristic::begin()
 .text._ZN17BLECharacteristic13_eventHandlerEP9ble_evt_t
                0x00027a20       0x6e /Tome/Projects/clouds/arduino/output/libraries/Bluefruit52Lib/BLECharacteristic.cpp.o
                0x00027a20                BLECharacteristic::_eventHandler(ble_evt_t*)
 *fill*         0x00027a8e        0x2 
 .text._ZN17BLECharacteristic5_initEv
                0x00027a90       0x4c /Tome/Projects/clouds/arduino/output/libraries/Bluefruit52Lib/BLECharacteristic.cpp.o
                0x00027a90                BLECharacteristic::_init()
 .text._ZN17BLECharacteristicC2E7BLEUuid
                0x00027adc       0x28 /Tome/Projects/clouds/arduino/output/libraries/Bluefruit52Lib/BLECharacteristic.cpp.o
                0x00027adc                BLECharacteristic::BLECharacteristic(BLEUuid)
                0x00027adc                BLECharacteristic::BLECharacteristic(BLEUuid)
 .text._ZN17BLECharacteristic13parentServiceEv
                0x00027b04        0x4 /Tome/Projects/clouds/arduino/output/libraries/Bluefruit52Lib/BLECharacteristic.cpp.o
                0x00027b04                BLECharacteristic::parentService()
 .text._ZN17BLECharacteristic13setTempMemoryEv
                0x00027b08        0x6 /Tome/Projects/clouds/arduino/output/libraries/Bluefruit52Lib/BLECharacteristic.cpp.o
                0x00027b08                BLECharacteristic::setTempMemory()
 .text._ZN17BLECharacteristic13setPropertiesEh
                0x00027b0e        0x6 /Tome/Projects/clouds/arduino/output/libraries/Bluefruit52Lib/BLECharacteristic.cpp.o
                0x00027b0e                BLECharacteristic::setProperties(unsigned char)
 .text._ZN17BLECharacteristic9setMaxLenEt
                0x00027b14        0x4 /Tome/Projects/clouds/arduino/output/libraries/Bluefruit52Lib/BLECharacteristic.cpp.o
                0x00027b14                BLECharacteristic::setMaxLen(unsigned short)
 .text._ZN17BLECharacteristic11setFixedLenEt
                0x00027b18       0x18 /Tome/Projects/clouds/arduino/output/libraries/Bluefruit52Lib/BLECharacteristic.cpp.o
                0x00027b18                BLECharacteristic::setFixedLen(unsigned short)
 .text._ZN17BLECharacteristic13setPermissionE15BleSecurityModeS0_
                0x00027b30        0xa /Tome/Projects/clouds/arduino/output/libraries/Bluefruit52Lib/BLECharacteristic.cpp.o
                0x00027b30                BLECharacteristic::setPermission(BleSecurityMode, BleSecurityMode)
 .text._ZN17BLECharacteristic16setWriteCallbackEPFvRS_PhttE
                0x00027b3a        0x4 /Tome/Projects/clouds/arduino/output/libraries/Bluefruit52Lib/BLECharacteristic.cpp.o
                0x00027b3a                BLECharacteristic::setWriteCallback(void (*)(BLECharacteristic&, unsigned char*, unsigned short, unsigned short))
 .text._ZN17BLECharacteristic25setWriteAuthorizeCallbackEPFvRS_P21ble_gatts_evt_write_tE
                0x00027b3e       0x16 /Tome/Projects/clouds/arduino/output/libraries/Bluefruit52Lib/BLECharacteristic.cpp.o
                0x00027b3e                BLECharacteristic::setWriteAuthorizeCallback(void (*)(BLECharacteristic&, ble_gatts_evt_write_t*))
 .text._ZN17BLECharacteristic17setUserDescriptorEPKc
                0x00027b54        0x4 /Tome/Projects/clouds/arduino/output/libraries/Bluefruit52Lib/BLECharacteristic.cpp.o
                0x00027b54                BLECharacteristic::setUserDescriptor(char const*)
 .text._ZN17BLECharacteristic7handlesEv
                0x00027b58        0xc /Tome/Projects/clouds/arduino/output/libraries/Bluefruit52Lib/BLECharacteristic.cpp.o
                0x00027b58                BLECharacteristic::handles()
 .text._ZN17BLECharacteristic5writeEPKvt
                0x00027b64       0x54 /Tome/Projects/clouds/arduino/output/libraries/Bluefruit52Lib/BLECharacteristic.cpp.o
                0x00027b64                BLECharacteristic::write(void const*, unsigned short)
 .text._ZN17BLECharacteristic5writeEPKc
                0x00027bb8       0x1a /Tome/Projects/clouds/arduino/output/libraries/Bluefruit52Lib/BLECharacteristic.cpp.o
                0x00027bb8                BLECharacteristic::write(char const*)
 .text._ZN17BLECharacteristic7write16Et
                0x00027bd2       0x16 /Tome/Projects/clouds/arduino/output/libraries/Bluefruit52Lib/BLECharacteristic.cpp.o
                0x00027bd2                BLECharacteristic::write16(unsigned short)
 .text._ZN17BLECharacteristic7getCccdEv
                0x00027be8       0x78 /Tome/Projects/clouds/arduino/output/libraries/Bluefruit52Lib/BLECharacteristic.cpp.o
                0x00027be8                BLECharacteristic::getCccd()
 .text._ZN17BLECharacteristic13notifyEnabledEv
                0x00027c60       0x1e /Tome/Projects/clouds/arduino/output/libraries/Bluefruit52Lib/BLECharacteristic.cpp.o
                0x00027c60                BLECharacteristic::notifyEnabled()
 *fill*         0x00027c7e        0x2 
 .text._ZN17BLECharacteristic6notifyEPKvt
                0x00027c80       0xe4 /Tome/Projects/clouds/arduino/output/libraries/Bluefruit52Lib/BLECharacteristic.cpp.o
                0x00027c80                BLECharacteristic::notify(void const*, unsigned short)
 .text.sd_ble_gattc_read
                0x00027d64        0x4 /Tome/Projects/clouds/arduino/output/libraries/Bluefruit52Lib/BLEClientCharacteristic.cpp.o
 .text.sd_ble_gattc_write
                0x00027d68        0x4 /Tome/Projects/clouds/arduino/output/libraries/Bluefruit52Lib/BLEClientCharacteristic.cpp.o
 .text.sd_ble_gattc_hv_confirm
                0x00027d6c        0x4 /Tome/Projects/clouds/arduino/output/libraries/Bluefruit52Lib/BLEClientCharacteristic.cpp.o
 .text._ZL11rtos_mallocj
                0x00027d70       0x1e /Tome/Projects/clouds/arduino/output/libraries/Bluefruit52Lib/BLEClientCharacteristic.cpp.o
 .text._ZN23BLEClientCharacteristic10disconnectEv
                0x00027d8e        0x6 /Tome/Projects/clouds/arduino/output/libraries/Bluefruit52Lib/BLEClientCharacteristic.cpp.o
                0x00027d8e                BLEClientCharacteristic::disconnect()
 .text._ZN23BLEClientCharacteristic10connHandleEv
                0x00027d94        0x6 /Tome/Projects/clouds/arduino/output/libraries/Bluefruit52Lib/BLEClientCharacteristic.cpp.o
                0x00027d94                BLEClientCharacteristic::connHandle()
 .text._ZN23BLEClientCharacteristic11valueHandleEv
                0x00027d9a        0x4 /Tome/Projects/clouds/arduino/output/libraries/Bluefruit52Lib/BLEClientCharacteristic.cpp.o
                0x00027d9a                BLEClientCharacteristic::valueHandle()
 *fill*         0x00027d9e        0x2 
 .text._ZN23BLEClientCharacteristic13_eventHandlerEP9ble_evt_t
                0x00027da0      0x210 /Tome/Projects/clouds/arduino/output/libraries/Bluefruit52Lib/BLEClientCharacteristic.cpp.o
                0x00027da0                BLEClientCharacteristic::_eventHandler(ble_evt_t*)
 .text._ZN16BLEClientService10connHandleEv
                0x00027fb0        0x4 /Tome/Projects/clouds/arduino/output/libraries/Bluefruit52Lib/BLEClientService.cpp.o
                0x00027fb0                BLEClientService::connHandle()
 .text._ZN12BLEDiscoveryC2Ev
                0x00027fb4       0x1c /Tome/Projects/clouds/arduino/output/libraries/Bluefruit52Lib/BLEDiscovery.cpp.o
                0x00027fb4                BLEDiscovery::BLEDiscovery()
                0x00027fb4                BLEDiscovery::BLEDiscovery()
 .text._ZN12BLEDiscovery5beginEv
                0x00027fd0       0x14 /Tome/Projects/clouds/arduino/output/libraries/Bluefruit52Lib/BLEDiscovery.cpp.o
                0x00027fd0                BLEDiscovery::begin()
 .text._ZN12BLEDiscovery5begunEv
                0x00027fe4        0x4 /Tome/Projects/clouds/arduino/output/libraries/Bluefruit52Lib/BLEDiscovery.cpp.o
                0x00027fe4                BLEDiscovery::begun()
 .text._ZN12BLEDiscovery14_event_handlerEP9ble_evt_t
                0x00027fe8       0xac /Tome/Projects/clouds/arduino/output/libraries/Bluefruit52Lib/BLEDiscovery.cpp.o
                0x00027fe8                BLEDiscovery::_event_handler(ble_evt_t*)
 .text.sd_ble_gap_addr_get
                0x00028094        0x4 /Tome/Projects/clouds/arduino/output/libraries/Bluefruit52Lib/BLEGap.cpp.o
 .text.sd_ble_gap_sec_params_reply
                0x00028098        0x4 /Tome/Projects/clouds/arduino/output/libraries/Bluefruit52Lib/BLEGap.cpp.o
 .text.sd_ble_gap_sec_info_reply
                0x0002809c        0x4 /Tome/Projects/clouds/arduino/output/libraries/Bluefruit52Lib/BLEGap.cpp.o
 .text.sd_ble_gap_phy_update
                0x000280a0        0x4 /Tome/Projects/clouds/arduino/output/libraries/Bluefruit52Lib/BLEGap.cpp.o
 .text.sd_ble_gap_data_length_update
                0x000280a4        0x4 /Tome/Projects/clouds/arduino/output/libraries/Bluefruit52Lib/BLEGap.cpp.o
 .text.sd_ble_gatts_sys_attr_set
                0x000280a8        0x4 /Tome/Projects/clouds/arduino/output/libraries/Bluefruit52Lib/BLEGap.cpp.o
 .text.sd_ble_gatts_exchange_mtu_reply
                0x000280ac        0x4 /Tome/Projects/clouds/arduino/output/libraries/Bluefruit52Lib/BLEGap.cpp.o
 .text._ZN6BLEGapC2Ev
                0x000280b0       0x44 /Tome/Projects/clouds/arduino/output/libraries/Bluefruit52Lib/BLEGap.cpp.o
                0x000280b0                BLEGap::BLEGap()
                0x000280b0                BLEGap::BLEGap()
 .text._ZN6BLEGap18getMaxMtuByConnCfgEh
                0x000280f4        0xa /Tome/Projects/clouds/arduino/output/libraries/Bluefruit52Lib/BLEGap.cpp.o
                0x000280f4                BLEGap::getMaxMtuByConnCfg(unsigned char)
 .text._ZN6BLEGap7getAddrEPh
                0x000280fe       0x20 /Tome/Projects/clouds/arduino/output/libraries/Bluefruit52Lib/BLEGap.cpp.o
                0x000280fe                BLEGap::getAddr(unsigned char*)
 .text._ZN6BLEGap6pairedEt
                0x0002811e        0xa /Tome/Projects/clouds/arduino/output/libraries/Bluefruit52Lib/BLEGap.cpp.o
                0x0002811e                BLEGap::paired(unsigned short)
 .text._ZN6BLEGap7getRoleEt
                0x00028128        0xa /Tome/Projects/clouds/arduino/output/libraries/Bluefruit52Lib/BLEGap.cpp.o
                0x00028128                BLEGap::getRole(unsigned short)
 .text._ZN6BLEGap11getPeerAddrEt
                0x00028132       0x18 /Tome/Projects/clouds/arduino/output/libraries/Bluefruit52Lib/BLEGap.cpp.o
                0x00028132                BLEGap::getPeerAddr(unsigned short)
 .text._ZN6BLEGap12getHvnPacketEt
                0x0002814a       0x22 /Tome/Projects/clouds/arduino/output/libraries/Bluefruit52Lib/BLEGap.cpp.o
                0x0002814a                BLEGap::getHvnPacket(unsigned short)
 .text._ZN6BLEGap6getMTUEt
                0x0002816c        0xa /Tome/Projects/clouds/arduino/output/libraries/Bluefruit52Lib/BLEGap.cpp.o
                0x0002816c                BLEGap::getMTU(unsigned short)
 *fill*         0x00028176        0x2 
 .text._ZN6BLEGap11getPeerNameEtPct
                0x00028178       0x38 /Tome/Projects/clouds/arduino/output/libraries/Bluefruit52Lib/BLEGap.cpp.o
                0x00028178                BLEGap::getPeerName(unsigned short, char*, unsigned short)
 .text._ZN6BLEGap13_eventHandlerEP9ble_evt_t
                0x000281b0      0x384 /Tome/Projects/clouds/arduino/output/libraries/Bluefruit52Lib/BLEGap.cpp.o
                0x000281b0                BLEGap::_eventHandler(ble_evt_t*)
 .text.sd_ble_gattc_char_value_by_uuid_read
                0x00028534        0x4 /Tome/Projects/clouds/arduino/output/libraries/Bluefruit52Lib/BLEGatt.cpp.o
 .text._ZN7BLEGattC2Ev
                0x00028538       0x26 /Tome/Projects/clouds/arduino/output/libraries/Bluefruit52Lib/BLEGatt.cpp.o
                0x00028538                BLEGatt::BLEGatt()
                0x00028538                BLEGatt::BLEGatt()
 *fill*         0x0002855e        0x2 
 .text._ZN7BLEGatt14readCharByUuidEt7BLEUuidPvttt
                0x00028560       0x9c /Tome/Projects/clouds/arduino/output/libraries/Bluefruit52Lib/BLEGatt.cpp.o
                0x00028560                BLEGatt::readCharByUuid(unsigned short, BLEUuid, void*, unsigned short, unsigned short, unsigned short)
 .text._ZN7BLEGatt13_eventHandlerEP9ble_evt_t
                0x000285fc      0x21c /Tome/Projects/clouds/arduino/output/libraries/Bluefruit52Lib/BLEGatt.cpp.o
                0x000285fc                BLEGatt::_eventHandler(ble_evt_t*)
 .text._ZN7BLEGatt18_addCharacteristicEP17BLECharacteristic
                0x00028818       0x1c /Tome/Projects/clouds/arduino/output/libraries/Bluefruit52Lib/BLEGatt.cpp.o
                0x00028818                BLEGatt::_addCharacteristic(BLECharacteristic*)
 .text._ZN7BLEGatt11_addServiceEP10BLEService
                0x00028834       0x18 /Tome/Projects/clouds/arduino/output/libraries/Bluefruit52Lib/BLEGatt.cpp.o
                0x00028834                BLEGatt::_addService(BLEService*)
 .text.sd_ble_gap_scan_start
                0x0002884c        0x4 /Tome/Projects/clouds/arduino/output/libraries/Bluefruit52Lib/BLEScanner.cpp.o
 .text._ZL11rtos_mallocj
                0x00028850       0x1e /Tome/Projects/clouds/arduino/output/libraries/Bluefruit52Lib/BLEScanner.cpp.o
 .text._ZN10BLEScannerC2Ev
                0x0002886e       0x44 /Tome/Projects/clouds/arduino/output/libraries/Bluefruit52Lib/BLEScanner.cpp.o
                0x0002886e                BLEScanner::BLEScanner()
                0x0002886e                BLEScanner::BLEScanner()
 *fill*         0x000288b2        0x2 
 .text._ZN10BLEScanner5startEt
                0x000288b4       0x54 /Tome/Projects/clouds/arduino/output/libraries/Bluefruit52Lib/BLEScanner.cpp.o
                0x000288b4                BLEScanner::start(unsigned short)
 .text._ZN10BLEScanner6resumeEv
                0x00028908       0x3c /Tome/Projects/clouds/arduino/output/libraries/Bluefruit52Lib/BLEScanner.cpp.o
                0x00028908                BLEScanner::resume()
 .text._ZN10BLEScanner17parseReportByTypeEPKhhhPhh
                0x00028944       0x4a /Tome/Projects/clouds/arduino/output/libraries/Bluefruit52Lib/BLEScanner.cpp.o
                0x00028944                BLEScanner::parseReportByType(unsigned char const*, unsigned char, unsigned char, unsigned char*, unsigned char)
 .text._ZN10BLEScanner17parseReportByTypeEPK24ble_gap_evt_adv_report_thPhh
                0x0002898e       0x1a /Tome/Projects/clouds/arduino/output/libraries/Bluefruit52Lib/BLEScanner.cpp.o
                0x0002898e                BLEScanner::parseReportByType(ble_gap_evt_adv_report_t const*, unsigned char, unsigned char*, unsigned char)
 .text._ZN10BLEScanner18checkReportForUuidEPK24ble_gap_evt_adv_report_t7BLEUuid
                0x000289a8       0x8a /Tome/Projects/clouds/arduino/output/libraries/Bluefruit52Lib/BLEScanner.cpp.o
                0x000289a8                BLEScanner::checkReportForUuid(ble_gap_evt_adv_report_t const*, BLEUuid)
 *fill*         0x00028a32        0x2 
 .text._ZN10BLEScanner13_eventHandlerEP9ble_evt_t
                0x00028a34      0x148 /Tome/Projects/clouds/arduino/output/libraries/Bluefruit52Lib/BLEScanner.cpp.o
                0x00028a34                BLEScanner::_eventHandler(ble_evt_t*)
 .text.sd_ble_gatts_service_add
                0x00028b7c        0x4 /Tome/Projects/clouds/arduino/output/libraries/Bluefruit52Lib/BLEService.cpp.o
 .text._ZN10BLEService11_connect_cbEv
                0x00028b80        0x2 /Tome/Projects/clouds/arduino/output/libraries/Bluefruit52Lib/BLEService.cpp.o
                0x00028b80                BLEService::_disconnect_cb()
                0x00028b80                BLEService::_connect_cb()
 *fill*         0x00028b82        0x2 
 .text._ZN10BLEService5beginEv
                0x00028b84       0x5c /Tome/Projects/clouds/arduino/output/libraries/Bluefruit52Lib/BLEService.cpp.o
                0x00028b84                BLEService::begin()
 .text._ZN10BLEServiceC2E7BLEUuid
                0x00028be0       0x28 /Tome/Projects/clouds/arduino/output/libraries/Bluefruit52Lib/BLEService.cpp.o
                0x00028be0                BLEService::BLEService(BLEUuid)
                0x00028be0                BLEService::BLEService(BLEUuid)
 .text.sd_ble_uuid_vs_add
                0x00028c08        0x4 /Tome/Projects/clouds/arduino/output/libraries/Bluefruit52Lib/BLEUuid.cpp.o
 .text.sd_ble_uuid_decode
                0x00028c0c        0x4 /Tome/Projects/clouds/arduino/output/libraries/Bluefruit52Lib/BLEUuid.cpp.o
 .text._ZN7BLEUuid3setEt
                0x00028c10        0xc /Tome/Projects/clouds/arduino/output/libraries/Bluefruit52Lib/BLEUuid.cpp.o
                0x00028c10                BLEUuid::set(unsigned short)
 .text._ZN7BLEUuid3setEPKh
                0x00028c1c        0xa /Tome/Projects/clouds/arduino/output/libraries/Bluefruit52Lib/BLEUuid.cpp.o
                0x00028c1c                BLEUuid::set(unsigned char const*)
 .text._ZNK7BLEUuid4sizeEv
                0x00028c26       0x1c /Tome/Projects/clouds/arduino/output/libraries/Bluefruit52Lib/BLEUuid.cpp.o
                0x00028c26                BLEUuid::size() const
 *fill*         0x00028c42        0x2 
 .text._ZN7BLEUuid5beginEv
                0x00028c44       0x4c /Tome/Projects/clouds/arduino/output/libraries/Bluefruit52Lib/BLEUuid.cpp.o
                0x00028c44                BLEUuid::begin()
 .text.sd_evt_get
                0x00028c90        0x4 /Tome/Projects/clouds/arduino/output/libraries/Bluefruit52Lib/bluefruit.cpp.o
 .text.sd_softdevice_enable
                0x00028c94        0x4 /Tome/Projects/clouds/arduino/output/libraries/Bluefruit52Lib/bluefruit.cpp.o
 .text.sd_ble_gap_conn_param_update
                0x00028c98        0x4 /Tome/Projects/clouds/arduino/output/libraries/Bluefruit52Lib/bluefruit.cpp.o
 .text.sd_ble_gap_disconnect
                0x00028c9c        0x4 /Tome/Projects/clouds/arduino/output/libraries/Bluefruit52Lib/bluefruit.cpp.o
 .text.sd_ble_gap_tx_power_set
                0x00028ca0        0x4 /Tome/Projects/clouds/arduino/output/libraries/Bluefruit52Lib/bluefruit.cpp.o
 .text.sd_ble_gap_appearance_set
                0x00028ca4        0x4 /Tome/Projects/clouds/arduino/output/libraries/Bluefruit52Lib/bluefruit.cpp.o
 .text.sd_ble_gap_ppcp_set
                0x00028ca8        0x4 /Tome/Projects/clouds/arduino/output/libraries/Bluefruit52Lib/bluefruit.cpp.o
 .text.sd_ble_gap_device_name_set
                0x00028cac        0x4 /Tome/Projects/clouds/arduino/output/libraries/Bluefruit52Lib/bluefruit.cpp.o
 .text.sd_ble_gap_device_name_get
                0x00028cb0        0x4 /Tome/Projects/clouds/arduino/output/libraries/Bluefruit52Lib/bluefruit.cpp.o
 .text.sd_ble_gatts_sys_attr_set
                0x00028cb4        0x4 /Tome/Projects/clouds/arduino/output/libraries/Bluefruit52Lib/bluefruit.cpp.o
 .text.sd_ble_enable
                0x00028cb8        0x4 /Tome/Projects/clouds/arduino/output/libraries/Bluefruit52Lib/bluefruit.cpp.o
 .text.sd_ble_cfg_set
                0x00028cbc        0x4 /Tome/Projects/clouds/arduino/output/libraries/Bluefruit52Lib/bluefruit.cpp.o
 .text.sd_ble_evt_get
                0x00028cc0        0x4 /Tome/Projects/clouds/arduino/output/libraries/Bluefruit52Lib/bluefruit.cpp.o
 .text.sd_ble_opt_set
                0x00028cc4        0x4 /Tome/Projects/clouds/arduino/output/libraries/Bluefruit52Lib/bluefruit.cpp.o
 .text._ZL12nrf_error_cbmmm
                0x00028cc8       0xa0 /Tome/Projects/clouds/arduino/output/libraries/Bluefruit52Lib/bluefruit.cpp.o
 .text._ZL19bluefruit_blinky_cbPv
                0x00028d68        0x6 /Tome/Projects/clouds/arduino/output/libraries/Bluefruit52Lib/bluefruit.cpp.o
 *fill*         0x00028d6e        0x2 
 .text._Z17adafruit_soc_taskPv
                0x00028d70       0x78 /Tome/Projects/clouds/arduino/output/libraries/Bluefruit52Lib/bluefruit.cpp.o
                0x00028d70                adafruit_soc_task(void*)
 .text._ZL11rtos_mallocj
                0x00028de8       0x1e /Tome/Projects/clouds/arduino/output/libraries/Bluefruit52Lib/bluefruit.cpp.o
 .text._ZN17AdafruitBluefruitC2Ev
                0x00028e06       0xa8 /Tome/Projects/clouds/arduino/output/libraries/Bluefruit52Lib/bluefruit.cpp.o
                0x00028e06                AdafruitBluefruit::AdafruitBluefruit()
                0x00028e06                AdafruitBluefruit::AdafruitBluefruit()
 *fill*         0x00028eae        0x2 
 .text._ZN17AdafruitBluefruit5beginEhh
                0x00028eb0      0x38c /Tome/Projects/clouds/arduino/output/libraries/Bluefruit52Lib/bluefruit.cpp.o
                0x00028eb0                AdafruitBluefruit::begin(unsigned char, unsigned char)
 .text._ZN17AdafruitBluefruit7setNameEPKc
                0x0002923c       0x28 /Tome/Projects/clouds/arduino/output/libraries/Bluefruit52Lib/bluefruit.cpp.o
                0x0002923c                AdafruitBluefruit::setName(char const*)
 .text._ZN17AdafruitBluefruit7getNameEPct
                0x00029264       0x44 /Tome/Projects/clouds/arduino/output/libraries/Bluefruit52Lib/bluefruit.cpp.o
                0x00029264                AdafruitBluefruit::getName(char*, unsigned short)
 .text._ZN17AdafruitBluefruit10setTxPowerEa
                0x000292a8       0x74 /Tome/Projects/clouds/arduino/output/libraries/Bluefruit52Lib/bluefruit.cpp.o
                0x000292a8                AdafruitBluefruit::setTxPower(signed char)
 .text._ZN17AdafruitBluefruit10getTxPowerEv
                0x0002931c        0x6 /Tome/Projects/clouds/arduino/output/libraries/Bluefruit52Lib/bluefruit.cpp.o
                0x0002931c                AdafruitBluefruit::getTxPower()
 .text._ZN17AdafruitBluefruit18setConnLedIntervalEm
                0x00029322       0x3e /Tome/Projects/clouds/arduino/output/libraries/Bluefruit52Lib/bluefruit.cpp.o
                0x00029322                AdafruitBluefruit::setConnLedInterval(unsigned long)
 .text._ZN17AdafruitBluefruit9connectedEv
                0x00029360       0x10 /Tome/Projects/clouds/arduino/output/libraries/Bluefruit52Lib/bluefruit.cpp.o
                0x00029360                AdafruitBluefruit::connected()
 .text._ZN17AdafruitBluefruit10disconnectEv
                0x00029370       0x20 /Tome/Projects/clouds/arduino/output/libraries/Bluefruit52Lib/bluefruit.cpp.o
                0x00029370                AdafruitBluefruit::disconnect()
 .text._ZN17AdafruitBluefruit18setConnectCallbackEPFvtE
                0x00029390        0x6 /Tome/Projects/clouds/arduino/output/libraries/Bluefruit52Lib/bluefruit.cpp.o
                0x00029390                AdafruitBluefruit::setConnectCallback(void (*)(unsigned short))
 .text._ZN17AdafruitBluefruit10connHandleEv
                0x00029396        0x6 /Tome/Projects/clouds/arduino/output/libraries/Bluefruit52Lib/bluefruit.cpp.o
                0x00029396                AdafruitBluefruit::connHandle()
 .text._ZN17AdafruitBluefruit10connPairedEv
                0x0002939c       0x14 /Tome/Projects/clouds/arduino/output/libraries/Bluefruit52Lib/bluefruit.cpp.o
                0x0002939c                AdafruitBluefruit::connPaired()
 .text._ZN17AdafruitBluefruit12connIntervalEv
                0x000293b0        0x6 /Tome/Projects/clouds/arduino/output/libraries/Bluefruit52Lib/bluefruit.cpp.o
                0x000293b0                AdafruitBluefruit::connInterval()
 *fill*         0x000293b6        0x2 
 .text.SWI2_EGU2_IRQHandler
                0x000293b8       0x20 /Tome/Projects/clouds/arduino/output/libraries/Bluefruit52Lib/bluefruit.cpp.o
                0x000293b8                SWI2_EGU2_IRQHandler
 .text._ZN17AdafruitBluefruit12_ble_handlerEP9ble_evt_t
                0x000293d8      0x1a8 /Tome/Projects/clouds/arduino/output/libraries/Bluefruit52Lib/bluefruit.cpp.o
                0x000293d8                AdafruitBluefruit::_ble_handler(ble_evt_t*)
 .text._Z17adafruit_ble_taskPv
                0x00029580       0x48 /Tome/Projects/clouds/arduino/output/libraries/Bluefruit52Lib/bluefruit.cpp.o
                0x00029580                adafruit_ble_task(void*)
 .text._ZN17AdafruitBluefruit13_startConnLedEv
                0x000295c8       0x22 /Tome/Projects/clouds/arduino/output/libraries/Bluefruit52Lib/bluefruit.cpp.o
                0x000295c8                AdafruitBluefruit::_startConnLed()
 .text._ZN17AdafruitBluefruit12_stopConnLedEv
                0x000295ea       0x18 /Tome/Projects/clouds/arduino/output/libraries/Bluefruit52Lib/bluefruit.cpp.o
                0x000295ea                AdafruitBluefruit::_stopConnLed()
 .text._ZN17AdafruitBluefruit11_setConnLedEb
                0x00029602        0xe /Tome/Projects/clouds/arduino/output/libraries/Bluefruit52Lib/bluefruit.cpp.o
                0x00029602                AdafruitBluefruit::_setConnLed(bool)
 .text._ZN17AdafruitBluefruit9printInfoEv
                0x00029610      0x394 /Tome/Projects/clouds/arduino/output/libraries/Bluefruit52Lib/bluefruit.cpp.o
                0x00029610                AdafruitBluefruit::printInfo()
 .text._Z19Bluefruit_printInfov
                0x000299a4        0xc /Tome/Projects/clouds/arduino/output/libraries/Bluefruit52Lib/bluefruit.cpp.o
                0x000299a4                Bluefruit_printInfo()
 .text.startup._GLOBAL__sub_I_Bluefruit
                0x000299b0       0x24 /Tome/Projects/clouds/arduino/output/libraries/Bluefruit52Lib/bluefruit.cpp.o
 .text._ZN17AdafruitBluefruitD2Ev
                0x000299d4       0x1c /Tome/Projects/clouds/arduino/output/libraries/Bluefruit52Lib/bluefruit.cpp.o
                0x000299d4                AdafruitBluefruit::~AdafruitBluefruit()
                0x000299d4                AdafruitBluefruit::~AdafruitBluefruit()
 .text.sd_power_gpregret_set
                0x000299f0        0x4 /Tome/Projects/clouds/arduino/output/libraries/Bluefruit52Lib/services/BLEDfu.cpp.o
 .text.sd_power_gpregret_clr
                0x000299f4        0x4 /Tome/Projects/clouds/arduino/output/libraries/Bluefruit52Lib/services/BLEDfu.cpp.o
 .text.sd_softdevice_disable
                0x000299f8        0x4 /Tome/Projects/clouds/arduino/output/libraries/Bluefruit52Lib/services/BLEDfu.cpp.o
 .text.sd_softdevice_vector_table_base_set
                0x000299fc        0x4 /Tome/Projects/clouds/arduino/output/libraries/Bluefruit52Lib/services/BLEDfu.cpp.o
 .text.sd_ble_gatts_rw_authorize_reply
                0x00029a00        0x4 /Tome/Projects/clouds/arduino/output/libraries/Bluefruit52Lib/services/BLEDfu.cpp.o
 .text.sd_ble_gatts_sys_attr_get
                0x00029a04        0x4 /Tome/Projects/clouds/arduino/output/libraries/Bluefruit52Lib/services/BLEDfu.cpp.o
 .text._ZL30bledfu_control_wr_authorize_cbR17BLECharacteristicP21ble_gatts_evt_write_t
                0x00029a08      0x1dc /Tome/Projects/clouds/arduino/output/libraries/Bluefruit52Lib/services/BLEDfu.cpp.o
 .text._ZN6BLEDfuC2Ev
                0x00029be4       0x44 /Tome/Projects/clouds/arduino/output/libraries/Bluefruit52Lib/services/BLEDfu.cpp.o
                0x00029be4                BLEDfu::BLEDfu()
                0x00029be4                BLEDfu::BLEDfu()
 .text._ZN6BLEDfu5beginEv
                0x00029c28      0x120 /Tome/Projects/clouds/arduino/output/libraries/Bluefruit52Lib/services/BLEDfu.cpp.o
                0x00029c28                BLEDfu::begin()
 .text._ZN6BLEDisC2Ev
                0x00029d48       0x48 /Tome/Projects/clouds/arduino/output/libraries/Bluefruit52Lib/services/BLEDis.cpp.o
                0x00029d48                BLEDis::BLEDis()
                0x00029d48                BLEDis::BLEDis()
 .text._ZN6BLEDis8setModelEPKc
                0x00029d90        0x4 /Tome/Projects/clouds/arduino/output/libraries/Bluefruit52Lib/services/BLEDis.cpp.o
                0x00029d90                BLEDis::setModel(char const*)
 .text._ZN6BLEDis15setManufacturerEPKc
                0x00029d94        0x4 /Tome/Projects/clouds/arduino/output/libraries/Bluefruit52Lib/services/BLEDis.cpp.o
                0x00029d94                BLEDis::setManufacturer(char const*)
 .text._ZN6BLEDis5beginEv
                0x00029d98       0xcc /Tome/Projects/clouds/arduino/output/libraries/Bluefruit52Lib/services/BLEDis.cpp.o
                0x00029d98                BLEDis::begin()
 .text._ZN7BLEUart4readEv
                0x00029e64       0x20 /Tome/Projects/clouds/arduino/output/libraries/Bluefruit52Lib/services/BLEUart.cpp.o
                0x00029e64                BLEUart::read()
 .text._ZThn16_N7BLEUart4readEv
                0x00029e84        0x8 /Tome/Projects/clouds/arduino/output/libraries/Bluefruit52Lib/services/BLEUart.cpp.o
                0x00029e84                non-virtual thunk to BLEUart::read()
 .text._ZN7BLEUart5writeEh
                0x00029e8c       0x16 /Tome/Projects/clouds/arduino/output/libraries/Bluefruit52Lib/services/BLEUart.cpp.o
                0x00029e8c                BLEUart::write(unsigned char)
 .text._ZThn16_N7BLEUart5writeEh
                0x00029ea2        0x8 /Tome/Projects/clouds/arduino/output/libraries/Bluefruit52Lib/services/BLEUart.cpp.o
                0x00029ea2                non-virtual thunk to BLEUart::write(unsigned char)
 .text._ZN7BLEUart9availableEv
                0x00029eaa        0xa /Tome/Projects/clouds/arduino/output/libraries/Bluefruit52Lib/services/BLEUart.cpp.o
                0x00029eaa                BLEUart::available()
 .text._ZThn16_N7BLEUart9availableEv
                0x00029eb4        0x8 /Tome/Projects/clouds/arduino/output/libraries/Bluefruit52Lib/services/BLEUart.cpp.o
                0x00029eb4                non-virtual thunk to BLEUart::available()
 .text._Z14bleuart_rxd_cbR17BLECharacteristicPhtt
                0x00029ebc       0x26 /Tome/Projects/clouds/arduino/output/libraries/Bluefruit52Lib/services/BLEUart.cpp.o
                0x00029ebc                bleuart_rxd_cb(BLECharacteristic&, unsigned char*, unsigned short, unsigned short)
 .text._ZN7BLEUart14_disconnect_cbEv
                0x00029ee2       0x30 /Tome/Projects/clouds/arduino/output/libraries/Bluefruit52Lib/services/BLEUart.cpp.o
                0x00029ee2                BLEUart::_disconnect_cb()
 .text._ZN7BLEUart5flushEv
                0x00029f12        0x8 /Tome/Projects/clouds/arduino/output/libraries/Bluefruit52Lib/services/BLEUart.cpp.o
                0x00029f12                BLEUart::flush()
 .text._ZThn16_N7BLEUart5flushEv
                0x00029f1a        0x8 /Tome/Projects/clouds/arduino/output/libraries/Bluefruit52Lib/services/BLEUart.cpp.o
                0x00029f1a                non-virtual thunk to BLEUart::flush()
 .text._ZN7BLEUart4readEPhj
                0x00029f22        0xe /Tome/Projects/clouds/arduino/output/libraries/Bluefruit52Lib/services/BLEUart.cpp.o
                0x00029f22                BLEUart::read(unsigned char*, unsigned int)
 .text._ZN7BLEUart4peekEv
                0x00029f30       0x20 /Tome/Projects/clouds/arduino/output/libraries/Bluefruit52Lib/services/BLEUart.cpp.o
                0x00029f30                BLEUart::peek()
 .text._ZThn16_N7BLEUart4peekEv
                0x00029f50        0x8 /Tome/Projects/clouds/arduino/output/libraries/Bluefruit52Lib/services/BLEUart.cpp.o
                0x00029f50                non-virtual thunk to BLEUart::peek()
 .text._ZN7BLEUart11_connect_cbEv
                0x00029f58       0x3c /Tome/Projects/clouds/arduino/output/libraries/Bluefruit52Lib/services/BLEUart.cpp.o
                0x00029f58                BLEUart::_connect_cb()
 .text._ZN7BLEUartC2Et
                0x00029f94       0x84 /Tome/Projects/clouds/arduino/output/libraries/Bluefruit52Lib/services/BLEUart.cpp.o
                0x00029f94                BLEUart::BLEUart(unsigned short)
                0x00029f94                BLEUart::BLEUart(unsigned short)
 .text._ZN7BLEUart17flush_tx_bufferedEv
                0x0002a018       0x6c /Tome/Projects/clouds/arduino/output/libraries/Bluefruit52Lib/services/BLEUart.cpp.o
                0x0002a018                BLEUart::flush_tx_buffered()
 .text._Z25bleuart_txd_buffered_hdlrPv
                0x0002a084       0x16 /Tome/Projects/clouds/arduino/output/libraries/Bluefruit52Lib/services/BLEUart.cpp.o
                0x0002a084                bleuart_txd_buffered_hdlr(void*)
 *fill*         0x0002a09a        0x2 
 .text._ZN7BLEUart5writeEPKhj
                0x0002a09c       0x94 /Tome/Projects/clouds/arduino/output/libraries/Bluefruit52Lib/services/BLEUart.cpp.o
                0x0002a09c                BLEUart::write(unsigned char const*, unsigned int)
 .text._ZThn16_N7BLEUart5writeEPKhj
                0x0002a130        0x8 /Tome/Projects/clouds/arduino/output/libraries/Bluefruit52Lib/services/BLEUart.cpp.o
                0x0002a130                non-virtual thunk to BLEUart::write(unsigned char const*, unsigned int)
 .text._ZN7BLEUartD2Ev
                0x0002a138       0x30 /Tome/Projects/clouds/arduino/output/libraries/Bluefruit52Lib/services/BLEUart.cpp.o
                0x0002a138                BLEUart::~BLEUart()
                0x0002a138                BLEUart::~BLEUart()
 .text._ZN7BLEUartD0Ev
                0x0002a168       0x12 /Tome/Projects/clouds/arduino/output/libraries/Bluefruit52Lib/services/BLEUart.cpp.o
                0x0002a168                BLEUart::~BLEUart()
 *fill*         0x0002a17a        0x2 
 .text._ZN7BLEUart5beginEv
                0x0002a17c       0xf0 /Tome/Projects/clouds/arduino/output/libraries/Bluefruit52Lib/services/BLEUart.cpp.o
                0x0002a17c                BLEUart::begin()
 .text._ZN6AdaMsg5_initEv
                0x0002a26c       0x12 /Tome/Projects/clouds/arduino/output/libraries/Bluefruit52Lib/utility/AdaMsg.cpp.o
                0x0002a26c                AdaMsg::_init()
 .text._ZN6AdaMsgC2Ev
                0x0002a27e        0x8 /Tome/Projects/clouds/arduino/output/libraries/Bluefruit52Lib/utility/AdaMsg.cpp.o
                0x0002a27e                AdaMsg::AdaMsg()
                0x0002a27e                AdaMsg::AdaMsg()
 .text._ZN6AdaMsg5beginEb
                0x0002a286       0x12 /Tome/Projects/clouds/arduino/output/libraries/Bluefruit52Lib/utility/AdaMsg.cpp.o
                0x0002a286                AdaMsg::begin(bool)
 .text._ZN6AdaMsg4stopEv
                0x0002a298       0x18 /Tome/Projects/clouds/arduino/output/libraries/Bluefruit52Lib/utility/AdaMsg.cpp.o
                0x0002a298                AdaMsg::stop()
 .text._ZN6AdaMsg7prepareEPvt
                0x0002a2b0        0xa /Tome/Projects/clouds/arduino/output/libraries/Bluefruit52Lib/utility/AdaMsg.cpp.o
                0x0002a2b0                AdaMsg::prepare(void*, unsigned short)
 .text._ZN6AdaMsg17waitUntilCompleteEm
                0x0002a2ba       0x54 /Tome/Projects/clouds/arduino/output/libraries/Bluefruit52Lib/utility/AdaMsg.cpp.o
                0x0002a2ba                AdaMsg::waitUntilComplete(unsigned long)
 .text._ZN6AdaMsg9isWaitingEv
                0x0002a30e        0x4 /Tome/Projects/clouds/arduino/output/libraries/Bluefruit52Lib/utility/AdaMsg.cpp.o
                0x0002a30e                AdaMsg::isWaiting()
 .text._ZN6AdaMsg4feedEPvt
                0x0002a312       0x30 /Tome/Projects/clouds/arduino/output/libraries/Bluefruit52Lib/utility/AdaMsg.cpp.o
                0x0002a312                AdaMsg::feed(void*, unsigned short)
 .text._ZN6AdaMsg8completeEv
                0x0002a342       0x10 /Tome/Projects/clouds/arduino/output/libraries/Bluefruit52Lib/utility/AdaMsg.cpp.o
                0x0002a342                AdaMsg::complete()
 .text.sd_ble_gatts_sys_attr_set
                0x0002a352        0x4 /Tome/Projects/clouds/arduino/output/libraries/Bluefruit52Lib/utility/bonding.cpp.o
 .text.sd_ble_gatts_sys_attr_get
                0x0002a356        0x4 /Tome/Projects/clouds/arduino/output/libraries/Bluefruit52Lib/utility/bonding.cpp.o
 *fill*         0x0002a35a        0x2 
 .text._ZL9get_fnamePcht
                0x0002a35c       0x20 /Tome/Projects/clouds/arduino/output/libraries/Bluefruit52Lib/utility/bonding.cpp.o
 .text._ZL11rtos_mallocj
                0x0002a37c       0x1e /Tome/Projects/clouds/arduino/output/libraries/Bluefruit52Lib/utility/bonding.cpp.o
 *fill*         0x0002a39a        0x2 
 .text._Z14bond_save_keyshtP11bond_keys_t
                0x0002a39c       0x54 /Tome/Projects/clouds/arduino/output/libraries/Bluefruit52Lib/utility/bonding.cpp.o
                0x0002a39c                bond_save_keys(unsigned char, unsigned short, bond_keys_t*)
 .text._Z14bond_save_cccdhtt
                0x0002a3f0       0x50 /Tome/Projects/clouds/arduino/output/libraries/Bluefruit52Lib/utility/bonding.cpp.o
                0x0002a3f0                bond_save_cccd(unsigned char, unsigned short, unsigned short)
 .text._Z9bond_initv
                0x0002a440       0x40 /Tome/Projects/clouds/arduino/output/libraries/Bluefruit52Lib/utility/bonding.cpp.o
                0x0002a440                bond_init()
 .text._Z14bond_load_keyshtP11bond_keys_t
                0x0002a480       0x54 /Tome/Projects/clouds/arduino/output/libraries/Bluefruit52Lib/utility/bonding.cpp.o
                0x0002a480                bond_load_keys(unsigned char, unsigned short, bond_keys_t*)
 .text._ZL16bdata_skip_fieldPN11BluefruitFS4FileE.constprop.1
                0x0002a4d4       0x22 /Tome/Projects/clouds/arduino/output/libraries/Bluefruit52Lib/utility/bonding.cpp.o
 *fill*         0x0002a4f6        0x2 
 .text._Z15bond_print_listh
                0x0002a4f8       0xe8 /Tome/Projects/clouds/arduino/output/libraries/Bluefruit52Lib/utility/bonding.cpp.o
                0x0002a4f8                bond_print_list(unsigned char)
 .text._Z14bond_load_cccdhtt
                0x0002a5e0       0xc4 /Tome/Projects/clouds/arduino/output/libraries/Bluefruit52Lib/utility/bonding.cpp.o
                0x0002a5e0                bond_load_cccd(unsigned char, unsigned short, unsigned short)
 .text._ZL11bdata_writePN11BluefruitFS4FileEPKvt.constprop.0
                0x0002a6a4       0x1c /Tome/Projects/clouds/arduino/output/libraries/Bluefruit52Lib/utility/bonding.cpp.o
 .text._ZL18bond_save_cccd_dfrhtt
                0x0002a6c0       0xd0 /Tome/Projects/clouds/arduino/output/libraries/Bluefruit52Lib/utility/bonding.cpp.o
 .text._ZL18bond_save_keys_dfrhtP11bond_keys_t
                0x0002a790       0xbc /Tome/Projects/clouds/arduino/output/libraries/Bluefruit52Lib/utility/bonding.cpp.o
 .text.bootloader_util_reset
                0x0002a84c       0x3c /Tome/Projects/clouds/arduino/output/libraries/Bluefruit52Lib/utility/bootloader_util.c.o
 .text.bootloader_util_app_start
                0x0002a888        0x4 /Tome/Projects/clouds/arduino/output/libraries/Bluefruit52Lib/utility/bootloader_util.c.o
                0x0002a888                bootloader_util_app_start
 .text._ZN11BluefruitFS4FileD2Ev
                0x0002a88c        0x2 /Tome/Projects/clouds/arduino/output/libraries/FileSystem/Bluefruit_FileIO.cpp.o
                0x0002a88c                BluefruitFS::File::~File()
                0x0002a88c                BluefruitFS::File::~File()
 .text._ZN11BluefruitFS4File5writeEh
                0x0002a88e       0x20 /Tome/Projects/clouds/arduino/output/libraries/FileSystem/Bluefruit_FileIO.cpp.o
                0x0002a88e                BluefruitFS::File::write(unsigned char)
 .text._ZN11BluefruitFS4FileD0Ev
                0x0002a8ae        0xc /Tome/Projects/clouds/arduino/output/libraries/FileSystem/Bluefruit_FileIO.cpp.o
                0x0002a8ae                BluefruitFS::File::~File()
 .text._ZL9rtos_freePv
                0x0002a8ba       0x1e /Tome/Projects/clouds/arduino/output/libraries/FileSystem/Bluefruit_FileIO.cpp.o
 .text._ZN11BluefruitFS4File5flushEv
                0x0002a8d8       0x12 /Tome/Projects/clouds/arduino/output/libraries/FileSystem/Bluefruit_FileIO.cpp.o
                0x0002a8d8                BluefruitFS::File::flush()
 .text._ZN11BluefruitFS4File5writeEPKhj
                0x0002a8ea       0x20 /Tome/Projects/clouds/arduino/output/libraries/FileSystem/Bluefruit_FileIO.cpp.o
                0x0002a8ea                BluefruitFS::File::write(unsigned char const*, unsigned int)
 *fill*         0x0002a90a        0x2 
 .text._ZN11BluefruitFS4FileC2ERNS_15FileSystemClassE
                0x0002a90c       0x20 /Tome/Projects/clouds/arduino/output/libraries/FileSystem/Bluefruit_FileIO.cpp.o
                0x0002a90c                BluefruitFS::File::File(BluefruitFS::FileSystemClass&)
                0x0002a90c                BluefruitFS::File::File(BluefruitFS::FileSystemClass&)
 .text._ZN11BluefruitFS4File4readEPvt
                0x0002a92c       0x20 /Tome/Projects/clouds/arduino/output/libraries/FileSystem/Bluefruit_FileIO.cpp.o
                0x0002a92c                BluefruitFS::File::read(void*, unsigned short)
 .text._ZN11BluefruitFS4File4readEv
                0x0002a94c       0x24 /Tome/Projects/clouds/arduino/output/libraries/FileSystem/Bluefruit_FileIO.cpp.o
                0x0002a94c                BluefruitFS::File::read()
 .text._ZN11BluefruitFS4File4seekEm
                0x0002a970       0x22 /Tome/Projects/clouds/arduino/output/libraries/FileSystem/Bluefruit_FileIO.cpp.o
                0x0002a970                BluefruitFS::File::seek(unsigned long)
 .text._ZN11BluefruitFS4File8positionEv
                0x0002a992       0x14 /Tome/Projects/clouds/arduino/output/libraries/FileSystem/Bluefruit_FileIO.cpp.o
                0x0002a992                BluefruitFS::File::position()
 .text._ZN11BluefruitFS4File4peekEv
                0x0002a9a6       0x2e /Tome/Projects/clouds/arduino/output/libraries/FileSystem/Bluefruit_FileIO.cpp.o
                0x0002a9a6                BluefruitFS::File::peek()
 .text._ZN11BluefruitFS4File4sizeEv
                0x0002a9d4       0x14 /Tome/Projects/clouds/arduino/output/libraries/FileSystem/Bluefruit_FileIO.cpp.o
                0x0002a9d4                BluefruitFS::File::size()
 .text._ZN11BluefruitFS4File9availableEv
                0x0002a9e8       0x14 /Tome/Projects/clouds/arduino/output/libraries/FileSystem/Bluefruit_FileIO.cpp.o
                0x0002a9e8                BluefruitFS::File::available()
 .text._ZN11BluefruitFS4File5closeEv
                0x0002a9fc       0x28 /Tome/Projects/clouds/arduino/output/libraries/FileSystem/Bluefruit_FileIO.cpp.o
                0x0002a9fc                BluefruitFS::File::close()
 .text._ZN11BluefruitFS4FileaSERKS0_
                0x0002aa24       0x26 /Tome/Projects/clouds/arduino/output/libraries/FileSystem/Bluefruit_FileIO.cpp.o
                0x0002aa24                BluefruitFS::File::operator=(BluefruitFS::File const&)
 .text._ZN11BluefruitFS4File4openEPKch
                0x0002aa4a       0x34 /Tome/Projects/clouds/arduino/output/libraries/FileSystem/Bluefruit_FileIO.cpp.o
                0x0002aa4a                BluefruitFS::File::open(char const*, unsigned char)
 *fill*         0x0002aa7e        0x2 
 .text._ZN11BluefruitFS4FileC2EPKchRNS_15FileSystemClassE
                0x0002aa80       0x28 /Tome/Projects/clouds/arduino/output/libraries/FileSystem/Bluefruit_FileIO.cpp.o
                0x0002aa80                BluefruitFS::File::File(char const*, unsigned char, BluefruitFS::FileSystemClass&)
                0x0002aa80                BluefruitFS::File::File(char const*, unsigned char, BluefruitFS::FileSystemClass&)
 .text._ZN11BluefruitFS4FilecvbEv
                0x0002aaa8        0xa /Tome/Projects/clouds/arduino/output/libraries/FileSystem/Bluefruit_FileIO.cpp.o
                0x0002aaa8                BluefruitFS::File::operator bool()
 .text._ZN11BluefruitFS4File4nameEv
                0x0002aab2       0x16 /Tome/Projects/clouds/arduino/output/libraries/FileSystem/Bluefruit_FileIO.cpp.o
                0x0002aab2                BluefruitFS::File::name()
 .text._ZN11BluefruitFS4File11isDirectoryEv
                0x0002aac8        0x4 /Tome/Projects/clouds/arduino/output/libraries/FileSystem/Bluefruit_FileIO.cpp.o
                0x0002aac8                BluefruitFS::File::isDirectory()
 .text._ZN11BluefruitFS4File12openNextFileEh
                0x0002aacc       0x26 /Tome/Projects/clouds/arduino/output/libraries/FileSystem/Bluefruit_FileIO.cpp.o
                0x0002aacc                BluefruitFS::File::openNextFile(unsigned char)
 .text._ZN8LittleFSD2Ev
                0x0002aaf2        0x2 /Tome/Projects/clouds/arduino/output/libraries/FileSystem/InternalFS.cpp.o
                0x0002aaf2                LittleFS::~LittleFS()
                0x0002aaf2                LittleFS::~LittleFS()
 .text._ZL12_iflash_syncPK10lfs_config
                0x0002aaf4        0xa /Tome/Projects/clouds/arduino/output/libraries/FileSystem/InternalFS.cpp.o
 .text._ZL12_iflash_progPK10lfs_configmmPKvm
                0x0002aafe       0x16 /Tome/Projects/clouds/arduino/output/libraries/FileSystem/InternalFS.cpp.o
 .text._ZL12_iflash_readPK10lfs_configmmPvm
                0x0002ab14       0x16 /Tome/Projects/clouds/arduino/output/libraries/FileSystem/InternalFS.cpp.o
 .text._ZN8LittleFSD0Ev
                0x0002ab2a        0xc /Tome/Projects/clouds/arduino/output/libraries/FileSystem/InternalFS.cpp.o
                0x0002ab2a                LittleFS::~LittleFS()
 .text._ZN8LittleFS7_f_seekEPvm
                0x0002ab36       0x10 /Tome/Projects/clouds/arduino/output/libraries/FileSystem/InternalFS.cpp.o
                0x0002ab36                LittleFS::_f_seek(void*, unsigned long)
 .text._ZL9rtos_freePv
                0x0002ab46       0x1e /Tome/Projects/clouds/arduino/output/libraries/FileSystem/InternalFS.cpp.o
 .text._ZL11rtos_mallocj
                0x0002ab64       0x1e /Tome/Projects/clouds/arduino/output/libraries/FileSystem/InternalFS.cpp.o
 .text._ZN8LittleFS6existsEPKc
                0x0002ab82       0x18 /Tome/Projects/clouds/arduino/output/libraries/FileSystem/InternalFS.cpp.o
                0x0002ab82                LittleFS::exists(char const*)
 .text._ZN8LittleFS8_f_writeEPvPKhj
                0x0002ab9a        0xe /Tome/Projects/clouds/arduino/output/libraries/FileSystem/InternalFS.cpp.o
                0x0002ab9a                LittleFS::_f_write(void*, unsigned char const*, unsigned int)
 .text._ZN8LittleFS7_f_readEPvS0_t
                0x0002aba8        0x6 /Tome/Projects/clouds/arduino/output/libraries/FileSystem/InternalFS.cpp.o
                0x0002aba8                LittleFS::_f_read(void*, void*, unsigned short)
 .text._ZN8LittleFS11_f_positionEPv
                0x0002abae        0x6 /Tome/Projects/clouds/arduino/output/libraries/FileSystem/InternalFS.cpp.o
                0x0002abae                LittleFS::_f_position(void*)
 .text._ZN8LittleFS7_f_sizeEPv
                0x0002abb4        0x6 /Tome/Projects/clouds/arduino/output/libraries/FileSystem/InternalFS.cpp.o
                0x0002abb4                LittleFS::_f_size(void*)
 .text._ZN8LittleFS8_f_closeEPvb
                0x0002abba        0xc /Tome/Projects/clouds/arduino/output/libraries/FileSystem/InternalFS.cpp.o
                0x0002abba                LittleFS::_f_close(void*, bool)
 *fill*         0x0002abc6        0x2 
 .text._ZL14dbg_strerr_lfsl
                0x0002abc8       0xc0 /Tome/Projects/clouds/arduino/output/libraries/FileSystem/InternalFS.cpp.o
 .text._ZN8LittleFS6formatEb
                0x0002ac88       0x74 /Tome/Projects/clouds/arduino/output/libraries/FileSystem/InternalFS.cpp.o
                0x0002ac88                LittleFS::format(bool)
 .text._ZN8LittleFS5mkdirEPKc
                0x0002acfc       0xd0 /Tome/Projects/clouds/arduino/output/libraries/FileSystem/InternalFS.cpp.o
                0x0002acfc                LittleFS::mkdir(char const*)
 .text._ZN8LittleFS6removeEPKc
                0x0002adcc       0x38 /Tome/Projects/clouds/arduino/output/libraries/FileSystem/InternalFS.cpp.o
                0x0002adcc                LittleFS::remove(char const*)
 .text._ZN8LittleFS5rmdirEPKc
                0x0002ae04       0x34 /Tome/Projects/clouds/arduino/output/libraries/FileSystem/InternalFS.cpp.o
                0x0002ae04                LittleFS::rmdir(char const*)
 .text._ZN8LittleFS7rmdir_rEPKc
                0x0002ae38       0x34 /Tome/Projects/clouds/arduino/output/libraries/FileSystem/InternalFS.cpp.o
                0x0002ae38                LittleFS::rmdir_r(char const*)
 .text._ZN8LittleFS8_f_flushEPv
                0x0002ae6c       0x38 /Tome/Projects/clouds/arduino/output/libraries/FileSystem/InternalFS.cpp.o
                0x0002ae6c                LittleFS::_f_flush(void*)
 .text._ZN8LittleFS18_f_rewindDirectoryEPv
                0x0002aea4       0x38 /Tome/Projects/clouds/arduino/output/libraries/FileSystem/InternalFS.cpp.o
                0x0002aea4                LittleFS::_f_rewindDirectory(void*)
 .text._ZN8LittleFS5beginEv
                0x0002aedc       0x4c /Tome/Projects/clouds/arduino/output/libraries/FileSystem/InternalFS.cpp.o
                0x0002aedc                LittleFS::begin()
 .text._ZL13_iflash_erasePK10lfs_configm
                0x0002af28       0x28 /Tome/Projects/clouds/arduino/output/libraries/FileSystem/InternalFS.cpp.o
 .text._ZN8LittleFSC2Ev
                0x0002af50       0x50 /Tome/Projects/clouds/arduino/output/libraries/FileSystem/InternalFS.cpp.o
                0x0002af50                LittleFS::LittleFS()
                0x0002af50                LittleFS::LittleFS()
 .text._ZN8LittleFS10_open_fileEPKch
                0x0002afa0       0xa0 /Tome/Projects/clouds/arduino/output/libraries/FileSystem/InternalFS.cpp.o
                0x0002afa0                LittleFS::_open_file(char const*, unsigned char)
 .text._ZN8LittleFS9_open_dirEPKc
                0x0002b040       0x70 /Tome/Projects/clouds/arduino/output/libraries/FileSystem/InternalFS.cpp.o
                0x0002b040                LittleFS::_open_dir(char const*)
 .text.startup._GLOBAL__sub_I_InternalFS
                0x0002b0b0       0x24 /Tome/Projects/clouds/arduino/output/libraries/FileSystem/InternalFS.cpp.o
 .text._ZN8LittleFS4openEPKch
                0x0002b0d4       0x88 /Tome/Projects/clouds/arduino/output/libraries/FileSystem/InternalFS.cpp.o
                0x0002b0d4                LittleFS::open(char const*, unsigned char)
 .text._ZN8LittleFS15_f_openNextFileEPvPKch
                0x0002b15c      0x100 /Tome/Projects/clouds/arduino/output/libraries/FileSystem/InternalFS.cpp.o
                0x0002b15c                LittleFS::_f_openNextFile(void*, char const*, unsigned char)
 .text.lfs_alloc_lookahead
                0x0002b25c       0x36 /Tome/Projects/clouds/arduino/output/libraries/FileSystem/littlefs/lfs.c.o
 .text.lfs_pairisnull
                0x0002b292       0x14 /Tome/Projects/clouds/arduino/output/libraries/FileSystem/littlefs/lfs.c.o
 .text.lfs_paircmp
                0x0002b2a6       0x22 /Tome/Projects/clouds/arduino/output/libraries/FileSystem/littlefs/lfs.c.o
 .text.lfs_deinit
                0x0002b2c8       0x2e /Tome/Projects/clouds/arduino/output/libraries/FileSystem/littlefs/lfs.c.o
 *fill*         0x0002b2f6        0x2 
 .text.lfs_cache_read.isra.9
                0x0002b2f8      0x100 /Tome/Projects/clouds/arduino/output/libraries/FileSystem/littlefs/lfs.c.o
 .text.lfs_bd_read
                0x0002b3f8       0x18 /Tome/Projects/clouds/arduino/output/libraries/FileSystem/littlefs/lfs.c.o
 .text.lfs_cache_zero.isra.14
                0x0002b410       0x16 /Tome/Projects/clouds/arduino/output/libraries/FileSystem/littlefs/lfs.c.o
 *fill*         0x0002b426        0x2 
 .text.lfs_init
                0x0002b428      0x104 /Tome/Projects/clouds/arduino/output/libraries/FileSystem/littlefs/lfs.c.o
 .text.lfs_ctz_index.isra.16
                0x0002b52c       0x36 /Tome/Projects/clouds/arduino/output/libraries/FileSystem/littlefs/lfs.c.o
 .text.lfs_ctz_traverse.part.17
                0x0002b562       0x7c /Tome/Projects/clouds/arduino/output/libraries/FileSystem/littlefs/lfs.c.o
 *fill*         0x0002b5de        0x2 
 .text.lfs_ctz_find.constprop.25
                0x0002b5e0       0xb8 /Tome/Projects/clouds/arduino/output/libraries/FileSystem/littlefs/lfs.c.o
 .text.lfs_cache_cmp.constprop.26
                0x0002b698       0x54 /Tome/Projects/clouds/arduino/output/libraries/FileSystem/littlefs/lfs.c.o
 .text.lfs_cache_flush
                0x0002b6ec       0x52 /Tome/Projects/clouds/arduino/output/libraries/FileSystem/littlefs/lfs.c.o
 *fill*         0x0002b73e        0x2 
 .text.lfs_cache_prog
                0x0002b740      0x118 /Tome/Projects/clouds/arduino/output/libraries/FileSystem/littlefs/lfs.c.o
 .text.lfs_bd_crc
                0x0002b858       0x46 /Tome/Projects/clouds/arduino/output/libraries/FileSystem/littlefs/lfs.c.o
 *fill*         0x0002b89e        0x2 
 .text.lfs_dir_fetch
                0x0002b8a0       0xe0 /Tome/Projects/clouds/arduino/output/libraries/FileSystem/littlefs/lfs.c.o
 .text.lfs_dir_next
                0x0002b980       0x84 /Tome/Projects/clouds/arduino/output/libraries/FileSystem/littlefs/lfs.c.o
 .text.lfs_moved
                0x0002ba04       0x68 /Tome/Projects/clouds/arduino/output/libraries/FileSystem/littlefs/lfs.c.o
 .text.lfs_parent.part.12
                0x0002ba6c       0x68 /Tome/Projects/clouds/arduino/output/libraries/FileSystem/littlefs/lfs.c.o
 .text.lfs_pred
                0x0002bad4       0x54 /Tome/Projects/clouds/arduino/output/libraries/FileSystem/littlefs/lfs.c.o
 .text.lfs_dir_find
                0x0002bb28      0x14c /Tome/Projects/clouds/arduino/output/libraries/FileSystem/littlefs/lfs.c.o
 .text.lfs_dir_open
                0x0002bc74       0x52 /Tome/Projects/clouds/arduino/output/libraries/FileSystem/littlefs/lfs.c.o
                0x0002bc74                lfs_dir_open
 .text.lfs_dir_close
                0x0002bcc6       0x1c /Tome/Projects/clouds/arduino/output/libraries/FileSystem/littlefs/lfs.c.o
                0x0002bcc6                lfs_dir_close
 *fill*         0x0002bce2        0x2 
 .text.lfs_dir_read
                0x0002bce4       0xcc /Tome/Projects/clouds/arduino/output/libraries/FileSystem/littlefs/lfs.c.o
                0x0002bce4                lfs_dir_read
 .text.lfs_dir_rewind
                0x0002bdb0       0x20 /Tome/Projects/clouds/arduino/output/libraries/FileSystem/littlefs/lfs.c.o
                0x0002bdb0                lfs_dir_rewind
 .text.lfs_file_tell
                0x0002bdd0        0x4 /Tome/Projects/clouds/arduino/output/libraries/FileSystem/littlefs/lfs.c.o
                0x0002bdd0                lfs_file_tell
 .text.lfs_file_size
                0x0002bdd4       0x14 /Tome/Projects/clouds/arduino/output/libraries/FileSystem/littlefs/lfs.c.o
                0x0002bdd4                lfs_file_size
 .text.lfs_stat
                0x0002bde8       0x7c /Tome/Projects/clouds/arduino/output/libraries/FileSystem/littlefs/lfs.c.o
                0x0002bde8                lfs_stat
 .text.lfs_mount
                0x0002be64       0xa8 /Tome/Projects/clouds/arduino/output/libraries/FileSystem/littlefs/lfs.c.o
                0x0002be64                lfs_mount
 .text.lfs_traverse
                0x0002bf0c      0x112 /Tome/Projects/clouds/arduino/output/libraries/FileSystem/littlefs/lfs.c.o
                0x0002bf0c                lfs_traverse
 *fill*         0x0002c01e        0x2 
 .text.lfs_alloc
                0x0002c020       0xc4 /Tome/Projects/clouds/arduino/output/libraries/FileSystem/littlefs/lfs.c.o
 .text.lfs_dir_alloc
                0x0002c0e4       0x50 /Tome/Projects/clouds/arduino/output/libraries/FileSystem/littlefs/lfs.c.o
 .text.lfs_file_relocate
                0x0002c134       0xc4 /Tome/Projects/clouds/arduino/output/libraries/FileSystem/littlefs/lfs.c.o
 .text.lfs_file_write
                0x0002c1f8      0x2ac /Tome/Projects/clouds/arduino/output/libraries/FileSystem/littlefs/lfs.c.o
                0x0002c1f8                lfs_file_write
 .text.lfs_file_flush
                0x0002c4a4       0xd2 /Tome/Projects/clouds/arduino/output/libraries/FileSystem/littlefs/lfs.c.o
 .text.lfs_file_read
                0x0002c576       0xca /Tome/Projects/clouds/arduino/output/libraries/FileSystem/littlefs/lfs.c.o
                0x0002c576                lfs_file_read
 .text.lfs_file_seek
                0x0002c640       0x38 /Tome/Projects/clouds/arduino/output/libraries/FileSystem/littlefs/lfs.c.o
                0x0002c640                lfs_file_seek
 .text.lfs_deorphan
                0x0002c678      0x174 /Tome/Projects/clouds/arduino/output/libraries/FileSystem/littlefs/lfs.c.o
                0x0002c678                lfs_deorphan
 .text.lfs_dir_commit
                0x0002c7ec      0x2d4 /Tome/Projects/clouds/arduino/output/libraries/FileSystem/littlefs/lfs.c.o
 .text.lfs_dir_update
                0x0002cac0       0x32 /Tome/Projects/clouds/arduino/output/libraries/FileSystem/littlefs/lfs.c.o
 *fill*         0x0002caf2        0x2 
 .text.lfs_file_sync
                0x0002caf4       0x9c /Tome/Projects/clouds/arduino/output/libraries/FileSystem/littlefs/lfs.c.o
                0x0002caf4                lfs_file_sync
 .text.lfs_file_close
                0x0002cb90       0x3c /Tome/Projects/clouds/arduino/output/libraries/FileSystem/littlefs/lfs.c.o
                0x0002cb90                lfs_file_close
 .text.lfs_dir_append
                0x0002cbcc       0xdc /Tome/Projects/clouds/arduino/output/libraries/FileSystem/littlefs/lfs.c.o
 .text.lfs_dir_remove
                0x0002cca8      0x102 /Tome/Projects/clouds/arduino/output/libraries/FileSystem/littlefs/lfs.c.o
 *fill*         0x0002cdaa        0x2 
 .text.lfs_format
                0x0002cdac      0x12c /Tome/Projects/clouds/arduino/output/libraries/FileSystem/littlefs/lfs.c.o
                0x0002cdac                lfs_format
 .text.lfs_mkdir
                0x0002ced8       0xae /Tome/Projects/clouds/arduino/output/libraries/FileSystem/littlefs/lfs.c.o
                0x0002ced8                lfs_mkdir
 .text.lfs_file_opencfg
                0x0002cf86      0x148 /Tome/Projects/clouds/arduino/output/libraries/FileSystem/littlefs/lfs.c.o
                0x0002cf86                lfs_file_opencfg
 .text.lfs_file_open
                0x0002d0ce        0xe /Tome/Projects/clouds/arduino/output/libraries/FileSystem/littlefs/lfs.c.o
                0x0002d0ce                lfs_file_open
 .text.lfs_remove
                0x0002d0dc       0xa0 /Tome/Projects/clouds/arduino/output/libraries/FileSystem/littlefs/lfs.c.o
                0x0002d0dc                lfs_remove
 .text.lfs_crc  0x0002d17c       0x40 /Tome/Projects/clouds/arduino/output/libraries/FileSystem/littlefs/lfs_util.c.o
                0x0002d17c                lfs_crc
 .text._Z11initVariantv
                0x0002d1bc       0x22 /Tome/Projects/clouds/arduino/output/core/variant.cpp.o
                0x0002d1bc                initVariant()
 .text._ZN5Print5writeEPKhj
                0x0002d1de       0x2c /Tome/Projects/clouds/arduino/output/core/core.a(Print.cpp.o)
                0x0002d1de                Print::write(unsigned char const*, unsigned int)
 .text._ZN5Print5writeEPKc
                0x0002d20a       0x20 /Tome/Projects/clouds/arduino/output/core/core.a(Print.cpp.o)
                0x0002d20a                Print::write(char const*)
 .text._ZN5Print5writeEPKcj
                0x0002d22a        0x6 /Tome/Projects/clouds/arduino/output/core/core.a(Print.cpp.o)
                0x0002d22a                Print::write(char const*, unsigned int)
 .text._ZN5Print5printEPKc
                0x0002d230        0x8 /Tome/Projects/clouds/arduino/output/core/core.a(Print.cpp.o)
                0x0002d230                Print::print(char const*)
 .text._ZN5Print5printEc
                0x0002d238        0x6 /Tome/Projects/clouds/arduino/output/core/core.a(Print.cpp.o)
                0x0002d238                Print::print(char)
 *fill*         0x0002d23e        0x2 
 .text._ZN5Print7printlnEv
                0x0002d240       0x10 /Tome/Projects/clouds/arduino/output/core/core.a(Print.cpp.o)
                0x0002d240                Print::println()
 .text._ZN5Print7printlnEPKc
                0x0002d250       0x14 /Tome/Projects/clouds/arduino/output/core/core.a(Print.cpp.o)
                0x0002d250                Print::println(char const*)
 .text._ZN5Print6printfEPKcz
                0x0002d264       0x32 /Tome/Projects/clouds/arduino/output/core/core.a(Print.cpp.o)
                0x0002d264                Print::printf(char const*, ...)
 .text._ZN5Print11printNumberEmh
                0x0002d296       0x3e /Tome/Projects/clouds/arduino/output/core/core.a(Print.cpp.o)
                0x0002d296                Print::printNumber(unsigned long, unsigned char)
 .text._ZN5Print5printEmi
                0x0002d2d4       0x1a /Tome/Projects/clouds/arduino/output/core/core.a(Print.cpp.o)
                0x0002d2d4                Print::print(unsigned long, int)
 .text._ZN5Print7printlnEhi
                0x0002d2ee       0x14 /Tome/Projects/clouds/arduino/output/core/core.a(Print.cpp.o)
                0x0002d2ee                Print::println(unsigned char, int)
 .text._ZN5Print7printlnEmi
                0x0002d302       0x14 /Tome/Projects/clouds/arduino/output/core/core.a(Print.cpp.o)
                0x0002d302                Print::println(unsigned long, int)
 .text._ZN5Print5printEli
                0x0002d316       0x44 /Tome/Projects/clouds/arduino/output/core/core.a(Print.cpp.o)
                0x0002d316                Print::print(long, int)
 .text._ZN5Print7printlnEii
                0x0002d35a       0x14 /Tome/Projects/clouds/arduino/output/core/core.a(Print.cpp.o)
                0x0002d35a                Print::println(int, int)
 *fill*         0x0002d36e        0x2 
 .text._ZN5Print18printBufferReverseEPKhici
                0x0002d370       0x64 /Tome/Projects/clouds/arduino/output/core/core.a(Print.cpp.o)
                0x0002d370                Print::printBufferReverse(unsigned char const*, int, char, int)
 .text._ZN4UartcvbEv
                0x0002d3d4        0x6 /Tome/Projects/clouds/arduino/output/core/core.a(Uart.cpp.o)
                0x0002d3d4                Uart::operator bool()
 .text._ZN4Uart5beginEm
                0x0002d3da        0x8 /Tome/Projects/clouds/arduino/output/core/core.a(Uart.cpp.o)
                0x0002d3da                Uart::begin(unsigned long)
 .text._ZN4Uart5flushEv
                0x0002d3e2        0x6 /Tome/Projects/clouds/arduino/output/core/core.a(Uart.cpp.o)
                0x0002d3e2                Uart::flush()
 .text._ZN4Uart3endEv
                0x0002d3e8       0x60 /Tome/Projects/clouds/arduino/output/core/core.a(Uart.cpp.o)
                0x0002d3e8                Uart::end()
 .text._ZN4Uart9availableEv
                0x0002d448        0x6 /Tome/Projects/clouds/arduino/output/core/core.a(Uart.cpp.o)
                0x0002d448                Uart::available()
 .text._ZN4Uart4peekEv
                0x0002d44e        0x6 /Tome/Projects/clouds/arduino/output/core/core.a(Uart.cpp.o)
                0x0002d44e                Uart::peek()
 .text._ZN4Uart4readEv
                0x0002d454        0x6 /Tome/Projects/clouds/arduino/output/core/core.a(Uart.cpp.o)
                0x0002d454                Uart::read()
 .text._ZN4Uart5writeEh
                0x0002d45a       0x32 /Tome/Projects/clouds/arduino/output/core/core.a(Uart.cpp.o)
                0x0002d45a                Uart::write(unsigned char)
 .text._ZN4Uart5beginEmt
                0x0002d48c      0x18c /Tome/Projects/clouds/arduino/output/core/core.a(Uart.cpp.o)
                0x0002d48c                Uart::begin(unsigned long, unsigned short)
 .text._Z14serialEventRunv
                0x0002d618       0x1c /Tome/Projects/clouds/arduino/output/core/core.a(Uart.cpp.o)
                0x0002d618                serialEventRun()
 .text._ZN4UartC2EP13NRF_UART_Type9IRQn_Typehh
                0x0002d634       0x58 /Tome/Projects/clouds/arduino/output/core/core.a(Uart.cpp.o)
                0x0002d634                Uart::Uart(NRF_UART_Type*, IRQn_Type, unsigned char, unsigned char)
                0x0002d634                Uart::Uart(NRF_UART_Type*, IRQn_Type, unsigned char, unsigned char)
 .text._ZN4Uart10IrqHandlerEv
                0x0002d68c       0x1c /Tome/Projects/clouds/arduino/output/core/core.a(Uart.cpp.o)
                0x0002d68c                Uart::IrqHandler()
 .text.UARTE0_UART0_IRQHandler
                0x0002d6a8        0xc /Tome/Projects/clouds/arduino/output/core/core.a(Uart.cpp.o)
                0x0002d6a8                UARTE0_UART0_IRQHandler
 .text.startup._GLOBAL__sub_I__ZN4UartC2EP13NRF_UART_Type9IRQn_Typehh
                0x0002d6b4       0x20 /Tome/Projects/clouds/arduino/output/core/core.a(Uart.cpp.o)
 .text._Z6randoml
                0x0002d6d4       0x16 /Tome/Projects/clouds/arduino/output/core/core.a(WMath.cpp.o)
                0x0002d6d4                random(long)
 .text.millis   0x0002d6ea       0x16 /Tome/Projects/clouds/arduino/output/core/core.a(delay.c.o)
                0x0002d6ea                millis
 .text.micros   0x0002d700       0x18 /Tome/Projects/clouds/arduino/output/core/core.a(delay.c.o)
                0x0002d700                micros
 .text.delay    0x0002d718        0xe /Tome/Projects/clouds/arduino/output/core/core.a(delay.c.o)
                0x0002d718                delay
 .text.sd_flash_write
                0x0002d726        0x4 /Tome/Projects/clouds/arduino/output/core/core.a(flash_nrf5x.c.o)
 .text.sd_flash_page_erase
                0x0002d72a        0x4 /Tome/Projects/clouds/arduino/output/core/core.a(flash_nrf5x.c.o)
 .text.sd_softdevice_is_enabled
                0x0002d72e        0x4 /Tome/Projects/clouds/arduino/output/core/core.a(flash_nrf5x.c.o)
 .text.fal_verify
                0x0002d732        0xe /Tome/Projects/clouds/arduino/output/core/core.a(flash_nrf5x.c.o)
 .text.fal_read
                0x0002d740        0xc /Tome/Projects/clouds/arduino/output/core/core.a(flash_nrf5x.c.o)
 .text.fal_program
                0x0002d74c       0x78 /Tome/Projects/clouds/arduino/output/core/core.a(flash_nrf5x.c.o)
 .text.fal_erase
                0x0002d7c4       0x80 /Tome/Projects/clouds/arduino/output/core/core.a(flash_nrf5x.c.o)
 .text.flash_nrf5x_event_cb
                0x0002d844       0x18 /Tome/Projects/clouds/arduino/output/core/core.a(flash_nrf5x.c.o)
                0x0002d844                flash_nrf5x_event_cb
 .text.flash_nrf5x_flush
                0x0002d85c        0xc /Tome/Projects/clouds/arduino/output/core/core.a(flash_nrf5x.c.o)
                0x0002d85c                flash_nrf5x_flush
 .text.flash_nrf5x_write
                0x0002d868       0x10 /Tome/Projects/clouds/arduino/output/core/core.a(flash_nrf5x.c.o)
                0x0002d868                flash_nrf5x_write
 .text.flash_nrf5x_read
                0x0002d878       0x18 /Tome/Projects/clouds/arduino/output/core/core.a(flash_nrf5x.c.o)
                0x0002d878                flash_nrf5x_read
 .text.flash_nrf5x_erase
                0x0002d890        0x4 /Tome/Projects/clouds/arduino/output/core/core.a(flash_nrf5x.c.o)
                0x0002d890                flash_nrf5x_erase
 .text.pvPortMalloc
                0x0002d894       0x1e /Tome/Projects/clouds/arduino/output/core/core.a(heap_3.c.o)
                0x0002d894                pvPortMalloc
 .text.vPortFree
                0x0002d8b2       0x1a /Tome/Projects/clouds/arduino/output/core/core.a(heap_3.c.o)
                0x0002d8b2                vPortFree
 .text.prvIsQueueEmpty
                0x0002d8cc       0x16 /Tome/Projects/clouds/arduino/output/core/core.a(queue.c.o)
 .text.prvCopyDataToQueue
                0x0002d8e2       0x70 /Tome/Projects/clouds/arduino/output/core/core.a(queue.c.o)
 .text.prvCopyDataFromQueue
                0x0002d952       0x2a /Tome/Projects/clouds/arduino/output/core/core.a(queue.c.o)
 .text.prvUnlockQueue
                0x0002d97c       0x70 /Tome/Projects/clouds/arduino/output/core/core.a(queue.c.o)
 .text.xQueueGenericReset
                0x0002d9ec       0x6c /Tome/Projects/clouds/arduino/output/core/core.a(queue.c.o)
                0x0002d9ec                xQueueGenericReset
 .text.xQueueGenericCreateStatic
                0x0002da58       0x2c /Tome/Projects/clouds/arduino/output/core/core.a(queue.c.o)
                0x0002da58                xQueueGenericCreateStatic
 .text.xQueueGenericCreate
                0x0002da84       0x3a /Tome/Projects/clouds/arduino/output/core/core.a(queue.c.o)
                0x0002da84                xQueueGenericCreate
 .text.xQueueCreateCountingSemaphore
                0x0002dabe       0x12 /Tome/Projects/clouds/arduino/output/core/core.a(queue.c.o)
                0x0002dabe                xQueueCreateCountingSemaphore
 .text.xQueueGenericSend
                0x0002dad0       0xfc /Tome/Projects/clouds/arduino/output/core/core.a(queue.c.o)
                0x0002dad0                xQueueGenericSend
 .text.prvInitialiseMutex
                0x0002dbcc       0x14 /Tome/Projects/clouds/arduino/output/core/core.a(queue.c.o)
 .text.xQueueCreateMutex
                0x0002dbe0       0x16 /Tome/Projects/clouds/arduino/output/core/core.a(queue.c.o)
                0x0002dbe0                xQueueCreateMutex
 .text.xQueueGenericSendFromISR
                0x0002dbf6       0x58 /Tome/Projects/clouds/arduino/output/core/core.a(queue.c.o)
                0x0002dbf6                xQueueGenericSendFromISR
 .text.xQueueGiveFromISR
                0x0002dc4e       0x4c /Tome/Projects/clouds/arduino/output/core/core.a(queue.c.o)
                0x0002dc4e                xQueueGiveFromISR
 *fill*         0x0002dc9a        0x2 
 .text.xQueueReceive
                0x0002dc9c       0xf8 /Tome/Projects/clouds/arduino/output/core/core.a(queue.c.o)
                0x0002dc9c                xQueueReceive
 .text.xQueueSemaphoreTake
                0x0002dd94      0x134 /Tome/Projects/clouds/arduino/output/core/core.a(queue.c.o)
                0x0002dd94                xQueueSemaphoreTake
 .text.vQueueAddToRegistry
                0x0002dec8       0x1c /Tome/Projects/clouds/arduino/output/core/core.a(queue.c.o)
                0x0002dec8                vQueueAddToRegistry
 .text.vQueueUnregisterQueue
                0x0002dee4       0x28 /Tome/Projects/clouds/arduino/output/core/core.a(queue.c.o)
                0x0002dee4                vQueueUnregisterQueue
 .text.vQueueDelete
                0x0002df0c       0x16 /Tome/Projects/clouds/arduino/output/core/core.a(queue.c.o)
                0x0002df0c                vQueueDelete
 .text.vQueueWaitForMessageRestricted
                0x0002df22       0x46 /Tome/Projects/clouds/arduino/output/core/core.a(queue.c.o)
                0x0002df22                vQueueWaitForMessageRestricted
 .text.prvAddNewTaskToReadyList
                0x0002df68       0xf8 /Tome/Projects/clouds/arduino/output/core/core.a(tasks.c.o)
 .text.prvGetExpectedIdleTime
                0x0002e060       0x3c /Tome/Projects/clouds/arduino/output/core/core.a(tasks.c.o)
 .text.prvResetNextTaskUnblockTime
                0x0002e09c       0x24 /Tome/Projects/clouds/arduino/output/core/core.a(tasks.c.o)
 .text.prvInitialiseNewTask.isra.3
                0x0002e0c0       0x8e /Tome/Projects/clouds/arduino/output/core/core.a(tasks.c.o)
 .text.prvDeleteTCB
                0x0002e14e       0x22 /Tome/Projects/clouds/arduino/output/core/core.a(tasks.c.o)
 .text.prvAddCurrentTaskToDelayedList
                0x0002e170       0x78 /Tome/Projects/clouds/arduino/output/core/core.a(tasks.c.o)
 .text.xTaskCreateStatic
                0x0002e1e8       0x36 /Tome/Projects/clouds/arduino/output/core/core.a(tasks.c.o)
                0x0002e1e8                xTaskCreateStatic
 .text.xTaskCreate
                0x0002e21e       0x5a /Tome/Projects/clouds/arduino/output/core/core.a(tasks.c.o)
                0x0002e21e                xTaskCreate
 .text.vTaskStartScheduler
                0x0002e278       0x70 /Tome/Projects/clouds/arduino/output/core/core.a(tasks.c.o)
                0x0002e278                vTaskStartScheduler
 .text.vTaskSuspendAll
                0x0002e2e8       0x10 /Tome/Projects/clouds/arduino/output/core/core.a(tasks.c.o)
                0x0002e2e8                vTaskSuspendAll
 .text.xTaskGetTickCount
                0x0002e2f8        0xc /Tome/Projects/clouds/arduino/output/core/core.a(tasks.c.o)
                0x0002e2f8                xTaskGetTickCount
 .text.vTaskStepTick
                0x0002e304       0x10 /Tome/Projects/clouds/arduino/output/core/core.a(tasks.c.o)
                0x0002e304                vTaskStepTick
 .text.xTaskIncrementTick
                0x0002e314       0xec /Tome/Projects/clouds/arduino/output/core/core.a(tasks.c.o)
                0x0002e314                xTaskIncrementTick
 .text.xTaskResumeAll
                0x0002e400       0xd4 /Tome/Projects/clouds/arduino/output/core/core.a(tasks.c.o)
                0x0002e400                xTaskResumeAll
 .text.vTaskDelay
                0x0002e4d4       0x30 /Tome/Projects/clouds/arduino/output/core/core.a(tasks.c.o)
                0x0002e4d4                vTaskDelay
 .text.prvIdleTask
                0x0002e504       0x84 /Tome/Projects/clouds/arduino/output/core/core.a(tasks.c.o)
 .text.vTaskSwitchContext
                0x0002e588       0x7c /Tome/Projects/clouds/arduino/output/core/core.a(tasks.c.o)
                0x0002e588                vTaskSwitchContext
 .text.vTaskPlaceOnEventList
                0x0002e604       0x20 /Tome/Projects/clouds/arduino/output/core/core.a(tasks.c.o)
                0x0002e604                vTaskPlaceOnEventList
 .text.vTaskPlaceOnEventListRestricted
                0x0002e624       0x28 /Tome/Projects/clouds/arduino/output/core/core.a(tasks.c.o)
                0x0002e624                vTaskPlaceOnEventListRestricted
 .text.xTaskRemoveFromEventList
                0x0002e64c       0x70 /Tome/Projects/clouds/arduino/output/core/core.a(tasks.c.o)
                0x0002e64c                xTaskRemoveFromEventList
 .text.vTaskInternalSetTimeOutState
                0x0002e6bc       0x18 /Tome/Projects/clouds/arduino/output/core/core.a(tasks.c.o)
                0x0002e6bc                vTaskInternalSetTimeOutState
 .text.xTaskCheckForTimeOut
                0x0002e6d4       0x54 /Tome/Projects/clouds/arduino/output/core/core.a(tasks.c.o)
                0x0002e6d4                xTaskCheckForTimeOut
 .text.vTaskMissedYield
                0x0002e728        0xc /Tome/Projects/clouds/arduino/output/core/core.a(tasks.c.o)
                0x0002e728                vTaskMissedYield
 .text.eTaskConfirmSleepModeStatus
                0x0002e734       0x34 /Tome/Projects/clouds/arduino/output/core/core.a(tasks.c.o)
                0x0002e734                eTaskConfirmSleepModeStatus
 .text.xTaskGetSchedulerState
                0x0002e768       0x20 /Tome/Projects/clouds/arduino/output/core/core.a(tasks.c.o)
                0x0002e768                xTaskGetSchedulerState
 .text.xTaskPriorityInherit
                0x0002e788       0x84 /Tome/Projects/clouds/arduino/output/core/core.a(tasks.c.o)
                0x0002e788                xTaskPriorityInherit
 .text.xTaskPriorityDisinherit
                0x0002e80c       0x54 /Tome/Projects/clouds/arduino/output/core/core.a(tasks.c.o)
                0x0002e80c                xTaskPriorityDisinherit
 .text.vTaskPriorityDisinheritAfterTimeout
                0x0002e860       0x68 /Tome/Projects/clouds/arduino/output/core/core.a(tasks.c.o)
                0x0002e860                vTaskPriorityDisinheritAfterTimeout
 .text.pvTaskIncrementMutexHeldCount
                0x0002e8c8       0x18 /Tome/Projects/clouds/arduino/output/core/core.a(tasks.c.o)
                0x0002e8c8                pvTaskIncrementMutexHeldCount
 .text.prvCheckForValidListAndQueue
                0x0002e8e0       0x68 /Tome/Projects/clouds/arduino/output/core/core.a(timers.c.o)
 .text.prvInsertTimerInActiveList
                0x0002e948       0x3c /Tome/Projects/clouds/arduino/output/core/core.a(timers.c.o)
 .text.xTimerCreateTimerTask
                0x0002e984       0x54 /Tome/Projects/clouds/arduino/output/core/core.a(timers.c.o)
                0x0002e984                xTimerCreateTimerTask
 .text.xTimerCreate
                0x0002e9d8       0x3a /Tome/Projects/clouds/arduino/output/core/core.a(timers.c.o)
                0x0002e9d8                xTimerCreate
 *fill*         0x0002ea12        0x2 
 .text.xTimerGenericCommand
                0x0002ea14       0x44 /Tome/Projects/clouds/arduino/output/core/core.a(timers.c.o)
                0x0002ea14                xTimerGenericCommand
 .text.prvSwitchTimerLists
                0x0002ea58       0x70 /Tome/Projects/clouds/arduino/output/core/core.a(timers.c.o)
 .text.prvTimerTask
                0x0002eac8      0x18c /Tome/Projects/clouds/arduino/output/core/core.a(timers.c.o)
 .text.xTimerIsTimerActive
                0x0002ec54       0x18 /Tome/Projects/clouds/arduino/output/core/core.a(timers.c.o)